// Jest Snapshot v1, https://goo.gl/fbAQLP

exports[`ProgressBar displays properly 1`] = `
<ul
  aria-labelledby="progress-bar-header"
  className="progress-bar-wrapper"
>
  <li
    className="progress-bar-item"
    style={
      Object {
        "--progress-bar-active-bg": "#fff",
        "--progress-bar-active-border": "#fff",
        "--progress-bar-active-color": "#5e6062",
        "--progress-bar-bg": "#5e6062",
        "--progress-bar-border": "#5e6062",
        "--progress-bar-color": "#fff",
        "--progress-bar-line-color": "#5e6062",
      }
    }
  >
    <span
      className="progress-bar-item__circle"
    >
      1
    </span>
  </li>
  <li
    aria-current="true"
    className="progress-bar-item"
    style={
      Object {
        "--progress-bar-active-bg": "#fff",
        "--progress-bar-active-border": "#fff",
        "--progress-bar-active-color": "#5e6062",
        "--progress-bar-bg": "#5e6062",
        "--progress-bar-border": "#5e6062",
        "--progress-bar-color": "#fff",
        "--progress-bar-line-color": "#F1F1F1",
      }
    }
  >
    <span
      className="progress-bar-item__circle progress-bar-item__circle--active"
    >
      2
    </span>
  </li>
  <li
    className="progress-bar-item"
    style={
      Object {
        "--progress-bar-active-bg": "#fff",
        "--progress-bar-active-border": "#fff",
        "--progress-bar-active-color": "#5e6062",
        "--progress-bar-bg": "#5e6062",
        "--progress-bar-border": "#5e6062",
        "--progress-bar-color": "#fff",
        "--progress-bar-line-color": "#F1F1F1",
      }
    }
  >
    <span
      className="progress-bar-item__circle progress-bar-item__circle--disabled"
    >
      3
    </span>
  </li>
</ul>
`;
