// Jest Snapshot v1, https://goo.gl/fbAQLP

exports[`CardWrapper matches snapshot 1`] = `
<div
  className="sc-bdVaJa jZCMyL"
>
  <span
    container={<div />}
    data-mock-card={true}
    highlight={
      Object {
        "addFocusedStyles": [MockFunction],
        "elements": Array [],
        "focus": [MockFunction],
        "getStyle": [MockFunction],
        "id": "id1",
        "isAttached": [MockFunction],
        "range": Object {
          "commonAncestorContainer": null,
          "getBoundingClientRect": [MockFunction],
        },
        "serialize": [Function],
        "setStyle": [MockFunction],
        "sourceId": "testbook1-testpage1-uuid",
      }
    }
    onHeightChange={[Function]}
    shouldFocusCard={false}
    zIndex={1}
  />
</div>
`;

exports[`CardWrapper matches snapshot when there is no highlights 1`] = `null`;
