// Jest Snapshot v1, https://goo.gl/fbAQLP

exports[`ColorPicker matches snapshot no selection 1`] = `
.c4 {
  display: inline-block;
  vertical-align: -.125em;
  overflow: hidden;
}

.c3 {
  display: none;
  height: 1.6rem;
  width: 1.6rem;
}

.c1 {
  cursor: pointer;
  height: 2.4rem;
  width: 2.4rem;
  margin: 0 0.8rem 0.8rem 0;
  background-color: #ffff8a;
  border: 1px solid #fed200;
  border-radius: 2rem;
  display: -webkit-box;
  display: -webkit-flex;
  display: -ms-flexbox;
  display: flex;
  -webkit-box-pack: center;
  -webkit-justify-content: center;
  -ms-flex-pack: center;
  justify-content: center;
  -webkit-align-items: center;
  -webkit-box-align: center;
  -ms-flex-align: center;
  align-items: center;
}

.c1 input {
  position: absolute;
  opacity: 0;
  cursor: pointer;
  height: 0;
  width: 0;
}

.c1 input:checked + .c2 {
  color: #fed200;
  display: block;
}

.c5 {
  cursor: pointer;
  height: 2.4rem;
  width: 2.4rem;
  margin: 0 0.8rem 0.8rem 0;
  background-color: #def99f;
  border: 1px solid #92d101;
  border-radius: 2rem;
  display: -webkit-box;
  display: -webkit-flex;
  display: -ms-flexbox;
  display: flex;
  -webkit-box-pack: center;
  -webkit-justify-content: center;
  -ms-flex-pack: center;
  justify-content: center;
  -webkit-align-items: center;
  -webkit-box-align: center;
  -ms-flex-align: center;
  align-items: center;
}

.c5 input {
  position: absolute;
  opacity: 0;
  cursor: pointer;
  height: 0;
  width: 0;
}

.c5 input:checked + .c2 {
  color: #92d101;
  display: block;
}

.c6 {
  cursor: pointer;
  height: 2.4rem;
  width: 2.4rem;
  margin: 0 0.8rem 0.8rem 0;
  background-color: #c8f5ff;
  border: 1px solid #00c3ed;
  border-radius: 2rem;
  display: -webkit-box;
  display: -webkit-flex;
  display: -ms-flexbox;
  display: flex;
  -webkit-box-pack: center;
  -webkit-justify-content: center;
  -ms-flex-pack: center;
  justify-content: center;
  -webkit-align-items: center;
  -webkit-box-align: center;
  -ms-flex-align: center;
  align-items: center;
}

.c6 input {
  position: absolute;
  opacity: 0;
  cursor: pointer;
  height: 0;
  width: 0;
}

.c6 input:checked + .c2 {
  color: #00c3ed;
  display: block;
}

.c7 {
  cursor: pointer;
  height: 2.4rem;
  width: 2.4rem;
  margin: 0 0.8rem 0.8rem 0;
  background-color: #cbcfff;
  border: 1px solid #545ec8;
  border-radius: 2rem;
  display: -webkit-box;
  display: -webkit-flex;
  display: -ms-flexbox;
  display: flex;
  -webkit-box-pack: center;
  -webkit-justify-content: center;
  -ms-flex-pack: center;
  justify-content: center;
  -webkit-align-items: center;
  -webkit-box-align: center;
  -ms-flex-align: center;
  align-items: center;
}

.c7 input {
  position: absolute;
  opacity: 0;
  cursor: pointer;
  height: 0;
  width: 0;
}

.c7 input:checked + .c2 {
  color: #545ec8;
  display: block;
}

.c8 {
  cursor: pointer;
  height: 2.4rem;
  width: 2.4rem;
  margin: 0 0.8rem 0.8rem 0;
  background-color: #ffc5e1;
  border: 1px solid #de017e;
  border-radius: 2rem;
  display: -webkit-box;
  display: -webkit-flex;
  display: -ms-flexbox;
  display: flex;
  -webkit-box-pack: center;
  -webkit-justify-content: center;
  -ms-flex-pack: center;
  justify-content: center;
  -webkit-align-items: center;
  -webkit-box-align: center;
  -ms-flex-align: center;
  align-items: center;
}

.c8 input {
  position: absolute;
  opacity: 0;
  cursor: pointer;
  height: 0;
  width: 0;
}

.c8 input:checked + .c2 {
  color: #de017e;
  display: block;
}

.c0 {
  display: -webkit-box;
  display: -webkit-flex;
  display: -ms-flexbox;
  display: flex;
  -webkit-flex-direction: row;
  -ms-flex-direction: row;
  flex-direction: row;
}

<div
  className="c0"
>
  <label
    className="c1"
  >
    <input
      checked={false}
      name="yellow"
      onChange={[Function]}
      type="checkbox"
    />
    <svg
      aria-hidden="true"
      className="c2 c3 c4"
      fill="currentColor"
      focusable="false"
      viewBox="0 0 512 512"
    >
      <path
        d="M173.898 439.404l-166.4-166.4c-9.997-9.997-9.997-26.206 0-36.204l36.203-36.204c9.997-9.998 26.207-9.998 36.204 0L192 312.69 432.095 72.596c9.997-9.997 26.207-9.997 36.204 0l36.203 36.204c9.997 9.997 9.997 26.206 0 36.204l-294.4 294.401c-9.998 9.997-26.207 9.997-36.204-.001z"
        fill="currentColor"
      />
    </svg>
  </label>
  <label
    className="c5"
  >
    <input
      checked={false}
      name="green"
      onChange={[Function]}
      type="checkbox"
    />
    <svg
      aria-hidden="true"
      className="c2 c3 c4"
      fill="currentColor"
      focusable="false"
      viewBox="0 0 512 512"
    >
      <path
        d="M173.898 439.404l-166.4-166.4c-9.997-9.997-9.997-26.206 0-36.204l36.203-36.204c9.997-9.998 26.207-9.998 36.204 0L192 312.69 432.095 72.596c9.997-9.997 26.207-9.997 36.204 0l36.203 36.204c9.997 9.997 9.997 26.206 0 36.204l-294.4 294.401c-9.998 9.997-26.207 9.997-36.204-.001z"
        fill="currentColor"
      />
    </svg>
  </label>
  <label
    className="c6"
  >
    <input
      checked={false}
      name="blue"
      onChange={[Function]}
      type="checkbox"
    />
    <svg
      aria-hidden="true"
      className="c2 c3 c4"
      fill="currentColor"
      focusable="false"
      viewBox="0 0 512 512"
    >
      <path
        d="M173.898 439.404l-166.4-166.4c-9.997-9.997-9.997-26.206 0-36.204l36.203-36.204c9.997-9.998 26.207-9.998 36.204 0L192 312.69 432.095 72.596c9.997-9.997 26.207-9.997 36.204 0l36.203 36.204c9.997 9.997 9.997 26.206 0 36.204l-294.4 294.401c-9.998 9.997-26.207 9.997-36.204-.001z"
        fill="currentColor"
      />
    </svg>
  </label>
  <label
    className="c7"
  >
    <input
      checked={false}
      name="purple"
      onChange={[Function]}
      type="checkbox"
    />
    <svg
      aria-hidden="true"
      className="c2 c3 c4"
      fill="currentColor"
      focusable="false"
      viewBox="0 0 512 512"
    >
      <path
        d="M173.898 439.404l-166.4-166.4c-9.997-9.997-9.997-26.206 0-36.204l36.203-36.204c9.997-9.998 26.207-9.998 36.204 0L192 312.69 432.095 72.596c9.997-9.997 26.207-9.997 36.204 0l36.203 36.204c9.997 9.997 9.997 26.206 0 36.204l-294.4 294.401c-9.998 9.997-26.207 9.997-36.204-.001z"
        fill="currentColor"
      />
    </svg>
  </label>
  <label
    className="c8"
  >
    <input
      checked={false}
      name="red"
      onChange={[Function]}
      type="checkbox"
    />
    <svg
      aria-hidden="true"
      className="c2 c3 c4"
      fill="currentColor"
      focusable="false"
      viewBox="0 0 512 512"
    >
      <path
        d="M173.898 439.404l-166.4-166.4c-9.997-9.997-9.997-26.206 0-36.204l36.203-36.204c9.997-9.998 26.207-9.998 36.204 0L192 312.69 432.095 72.596c9.997-9.997 26.207-9.997 36.204 0l36.203 36.204c9.997 9.997 9.997 26.206 0 36.204l-294.4 294.401c-9.998 9.997-26.207 9.997-36.204-.001z"
        fill="currentColor"
      />
    </svg>
  </label>
</div>
`;
