// Jest Snapshot v1, https://goo.gl/fbAQLP

exports[`ColorPicker matches snapshot no selection 1`] = `
<div
  className="color-picker-wrapper"
>
  <fieldset
    className="color-picker "
    data-testid="highlight-colours-picker"
    onFocus={[Function]}
    onKeyDown={[Function]}
    role="radiogroup"
    style={
      Object {
        "--card-padding": "0.8rem",
      }
    }
    tabIndex={0}
  >
    <legend>
      Choose highlight color
    </legend>
    <label
      aria-label="Apply yellow highlight"
      className="color-indicator color-button "
      data-checked={false}
      style={
        Object {
          "--focus-border-color": "#8f7700",
          "--focused-color": "#fed200",
          "--passive-color": "#ffff8a",
        }
      }
      title="yellow"
    >
      <svg
        aria-hidden="true"
        className="color-indicator-check "
        viewBox="0 0 512 512"
      >
        <path
          d="M173.898 439.404l-166.4-166.4c-9.997-9.997-9.997-26.206 0-36.204l36.203-36.204c9.997-9.998 26.207-9.998 36.204 0L192 312.69 432.095 72.596c9.997-9.997 26.207-9.997 36.204 0l36.203 36.204c9.997 9.997 9.997 26.206 0 36.204l-294.4 294.401c-9.998 9.997-26.207 9.997-36.204-.001z"
          fill="currentColor"
        />
      </svg>
      <input
        aria-checked={false}
        checked={false}
        name="yellow"
        onClick={[Function]}
        tabIndex={-1}
        type="radio"
      />
      <span
        className="color-indicator-focus"
      />
      <span
        className="color-indicator-ring"
      />
    </label>
    <label
      aria-label="Apply green highlight"
      className="color-indicator color-button "
      data-checked={false}
      style={
        Object {
          "--focus-border-color": "#4e6f01",
          "--focused-color": "#92d101",
          "--passive-color": "#def99f",
        }
      }
      title="green"
    >
      <svg
        aria-hidden="true"
        className="color-indicator-check "
        viewBox="0 0 512 512"
      >
        <path
          d="M173.898 439.404l-166.4-166.4c-9.997-9.997-9.997-26.206 0-36.204l36.203-36.204c9.997-9.998 26.207-9.998 36.204 0L192 312.69 432.095 72.596c9.997-9.997 26.207-9.997 36.204 0l36.203 36.204c9.997 9.997 9.997 26.206 0 36.204l-294.4 294.401c-9.998 9.997-26.207 9.997-36.204-.001z"
          fill="currentColor"
        />
      </svg>
      <input
        aria-checked={false}
        checked={false}
        name="green"
        onClick={[Function]}
        tabIndex={-1}
        type="radio"
      />
      <span
        className="color-indicator-focus"
      />
      <span
        className="color-indicator-ring"
      />
    </label>
    <label
      aria-label="Apply blue highlight"
      className="color-indicator color-button "
      data-checked={false}
      style={
        Object {
          "--focus-border-color": "#006880",
          "--focused-color": "#00c3ed",
          "--passive-color": "#c8f5ff",
        }
      }
      title="blue"
    >
      <svg
        aria-hidden="true"
        className="color-indicator-check "
        viewBox="0 0 512 512"
      >
        <path
          d="M173.898 439.404l-166.4-166.4c-9.997-9.997-9.997-26.206 0-36.204l36.203-36.204c9.997-9.998 26.207-9.998 36.204 0L192 312.69 432.095 72.596c9.997-9.997 26.207-9.997 36.204 0l36.203 36.204c9.997 9.997 9.997 26.206 0 36.204l-294.4 294.401c-9.998 9.997-26.207 9.997-36.204-.001z"
          fill="currentColor"
        />
      </svg>
      <input
        aria-checked={false}
        checked={false}
        name="blue"
        onClick={[Function]}
        tabIndex={-1}
        type="radio"
      />
      <span
        className="color-indicator-focus"
      />
      <span
        className="color-indicator-ring"
      />
    </label>
    <label
      aria-label="Apply purple highlight"
      className="color-indicator color-button "
      data-checked={false}
      style={
        Object {
          "--focus-border-color": "#141a3e",
          "--focused-color": "#545ec8",
          "--passive-color": "#cbcfff",
        }
      }
      title="purple"
    >
      <svg
        aria-hidden="true"
        className="color-indicator-check "
        viewBox="0 0 512 512"
      >
        <path
          d="M173.898 439.404l-166.4-166.4c-9.997-9.997-9.997-26.206 0-36.204l36.203-36.204c9.997-9.998 26.207-9.998 36.204 0L192 312.69 432.095 72.596c9.997-9.997 26.207-9.997 36.204 0l36.203 36.204c9.997 9.997 9.997 26.206 0 36.204l-294.4 294.401c-9.998 9.997-26.207 9.997-36.204-.001z"
          fill="currentColor"
        />
      </svg>
      <input
        aria-checked={false}
        checked={false}
        name="purple"
        onClick={[Function]}
        tabIndex={-1}
        type="radio"
      />
      <span
        className="color-indicator-focus"
      />
      <span
        className="color-indicator-ring"
      />
    </label>
    <label
      aria-label="Apply pink highlight"
      className="color-indicator color-button "
      data-checked={false}
      style={
        Object {
          "--focus-border-color": "#560131",
          "--focused-color": "#de017e",
          "--passive-color": "#ffc5e1",
        }
      }
      title="pink"
    >
      <svg
        aria-hidden="true"
        className="color-indicator-check "
        viewBox="0 0 512 512"
      >
        <path
          d="M173.898 439.404l-166.4-166.4c-9.997-9.997-9.997-26.206 0-36.204l36.203-36.204c9.997-9.998 26.207-9.998 36.204 0L192 312.69 432.095 72.596c9.997-9.997 26.207-9.997 36.204 0l36.203 36.204c9.997 9.997 9.997 26.206 0 36.204l-294.4 294.401c-9.998 9.997-26.207 9.997-36.204-.001z"
          fill="currentColor"
        />
      </svg>
      <input
        aria-checked={false}
        checked={false}
        name="pink"
        onClick={[Function]}
        tabIndex={-1}
        type="radio"
      />
      <span
        className="color-indicator-focus"
      />
      <span
        className="color-indicator-ring"
      />
    </label>
  </fieldset>
  <button
    aria-label="Deselect current highlight color"
    className="trash-button "
    data-testid="editcard-trash-icon"
    onClick={[MockFunction]}
    type="button"
  >
    <img
      alt=""
      src="trash-347.svg"
    />
  </button>
</div>
`;
