// Jest Snapshot v1, https://goo.gl/fbAQLP

exports[`StudyGuidesCTA does render if user is not logged in 1`] = `
<div
  className="study-guides-cta-wrapper"
  style={
    Object {
      "--deep-green-color": "#0c9372",
      "--text-color-default": "#424242",
    }
  }
>
  <div
    className="study-guides-cta-inner-wrapper"
  >
    <div
      className="study-guides-cta-content"
    >
      <h2
        className="study-guides-cta-title"
        dangerouslySetInnerHTML={
          Object {
            "__html": "Expert-created study guides. <strong>100% free!</strong>",
          }
        }
      />
      <div
        className="study-guides-cta-buttons"
      >
        <a
          className="button button-default button-medium study-guides-cta-button"
          data-analytics-label="signup"
          href="/accounts/signup?r=/"
          style={
            Object {
              "--button-bg-color": "#0c9372",
              "--button-default-active": "#e5e5e5",
              "--button-default-border": "#d5d5d5",
              "--button-default-color": "#fff",
              "--button-default-foreground": "#5e6062",
              "--button-default-hover": "#fafafa",
              "--button-disabled-color": "#f1f1f1",
              "--button-disabled-foreground": "#c1c1c1",
              "--button-focus-outline": "#fff",
              "--button-focus-shadow": "#000",
              "--button-primary-active": "#b03808",
              "--button-primary-color": "#d4450c",
              "--button-primary-foreground": "#fff",
              "--button-primary-hover": "#be3c08",
              "--button-secondary-active": "#818181",
              "--button-secondary-color": "#949494",
              "--button-secondary-foreground": "#fff",
              "--button-secondary-hover": "#8b8b8b",
              "--button-text-color": "#fff",
              "--button-transparent-color": "#027EB5",
            }
          }
        >
          Sign Up
        </a>
        <div
          className="study-guides-cta-buttons-secondary"
        >
          <span
            className="study-guides-cta-separator"
          >
            or
          </span>
          <a
            className="study-guides-cta-link"
            data-analytics-label="login"
            href="/accounts/login?r=/"
          >
            Log in
          </a>
        </div>
      </div>
    </div>
    <div
      className="study-guides-cta-info-wrapper"
    >
      <div
        className="study-guides-cta-info"
        dangerouslySetInnerHTML={
          Object {
            "__html": "Like this guide? <br>We've got study guides for every chapter. <strong>Free forever.</strong>",
          }
        }
      />
      <img
        alt=""
        className="study-guides-cta-arrow-desktop"
        src="arrow-desktop.svg"
      />
      <img
        alt=""
        className="study-guides-cta-arrow-mobile"
        src="arrow-mobile.svg"
      />
    </div>
  </div>
</div>
`;
