// Jest Snapshot v1, https://goo.gl/fbAQLP

exports[`LabsCTA renders \`null\` when selector is false 1`] = `null`;

exports[`LabsCTA renders cta when selector is true 1`] = `
<div
  className="labs-call-wrapper"
  data-async-content={true}
  style={
    Object {
      "--kinetic-cta-bg": "url(kinetic-cta.svg)",
      "--kinetic-cta-mobile-bg": "url(kinetic-cta-mobile.svg)",
      "--primary-gray-darker": "#424242",
    }
  }
>
  <div
    className="labs-call-header"
    data-sidebar-closed={false}
    data-sidebar-closed-mobile={true}
  >
    <div
      className="labs-call-column"
      data-no-shrink="true"
    >
      <img
        alt=""
        className="labs-logo"
        src="kinetic-logo.png"
      />
    </div>
    <div
      className="labs-call-column"
      data-max-width="true"
      style={
        Object {
          "--column-max-width": "35.4rem",
        }
      }
    >
      <div
        className="labs-text"
      >
        Earn badges by participating in research and discover more insights about yourself!
      </div>
    </div>
  </div>
  <div
    className="labs-call-column"
    data-last="true"
    data-max-width="true"
    style={
      Object {
        "--column-max-width": "13.6rem",
      }
    }
  >
    <a
      className="button button-primary button-large labs-call-link"
      data-analytics-label="kinetic-banner"
      href="/kinetic/"
      rel="noopener"
      style={
        Object {
          "--button-default-active": "#e5e5e5",
          "--button-default-border": "#d5d5d5",
          "--button-default-color": "#fff",
          "--button-default-foreground": "#5e6062",
          "--button-default-hover": "#fafafa",
          "--button-disabled-color": "#f1f1f1",
          "--button-disabled-foreground": "#c1c1c1",
          "--button-focus-outline": "#fff",
          "--button-focus-shadow": "#000",
          "--button-primary-active": "#b03808",
          "--button-primary-color": "#d4450c",
          "--button-primary-foreground": "#fff",
          "--button-primary-hover": "#be3c08",
          "--button-secondary-active": "#818181",
          "--button-secondary-color": "#949494",
          "--button-secondary-foreground": "#fff",
          "--button-secondary-hover": "#8b8b8b",
          "--button-transparent-color": "#027EB5",
        }
      }
      target="_blank"
    >
      Explore Kinetic
    </a>
  </div>
</div>
`;
