// Jest Snapshot v1, https://goo.gl/fbAQLP

exports[`LabsCTA renders \`null\` when selector is false 1`] = `null`;

exports[`LabsCTA renders cta when selector is true 1`] = `
<div
  className="LabsCall__LabsCallWrapper-d86l90-1 cjSWTB"
  data-async-content={true}
>
  <div
    className="LabsCall__LabsCallHeader-d86l90-3 hQLNGQ"
  >
    <div
      className="LabsCall__Column-d86l90-2 dTfiko"
    >
      <img
        alt=""
        className="LabsCall__LabsLogo-d86l90-0 bjSvVK"
        role="img"
        src="kinetic-logo.png"
      />
    </div>
    <div
      className="LabsCall__Column-d86l90-2 gHpgVb"
    >
      <div
        className="LabsCall__LabsText-d86l90-4 llxqCy"
      >
        Win prizes by participating in research and discover more insights about yourself!
      </div>
    </div>
  </div>
  <div
    className="LabsCall__Column-d86l90-2 faCsbU"
  >
    <a
      className="Button-ayg7nk-0 LabsCall__LabsCallLink-d86l90-5 fyzrSl"
      data-analytics-label="kinetic-banner"
      href="/kinetic/"
      rel="noopener"
      target="_blank"
    >
      Explore Kinetic
    </a>
  </div>
</div>
`;
