// Jest Snapshot v1, https://goo.gl/fbAQLP

exports[`wrapper matches snapshot 1`] = `
<div
  className="content-wrapper "
  style={
    Object {
      "--content-max-width": "144rem",
    }
  }
>
  <div
    className="content-layout-body"
  />
</div>
`;

exports[`wrapper matches snapshot with search open 1`] = `
<div
  className="content-wrapper "
  style={
    Object {
      "--content-max-width": "144rem",
    }
  }
>
  <div
    className="content-layout-body"
  />
</div>
`;
