// Jest Snapshot v1, https://goo.gl/fbAQLP

exports[`Home matches snapshot 1`] = `
Array [
  .c0 {
  -webkit-clip: rect(1px,1px,1px,1px);
  clip: rect(1px,1px,1px,1px);
  margin: 0;
  position: absolute;
  left: 0;
  top: 0;
  height: 1px;
  width: 1px;
  overflow: hidden;
  -webkit-text-decoration: none;
  text-decoration: none;
}

.c0:focus {
  -webkit-clip: auto;
  clip: auto;
  height: auto;
  width: auto;
  z-index: 150;
}

<a
    className="c0"
    href="#main-content"
    onClick={[Function]}
  >
    Skip to Content
  </a>,
  .c0 {
  -webkit-clip: rect(1px,1px,1px,1px);
  clip: rect(1px,1px,1px,1px);
  margin: 0;
  position: absolute;
  left: 0;
  top: 0;
  height: 1px;
  width: 1px;
  overflow: hidden;
  -webkit-text-decoration: none;
  text-decoration: none;
}

.c0:focus {
  -webkit-clip: auto;
  clip: auto;
  height: auto;
  width: auto;
  z-index: 150;
}

<a
    className="c0"
    href={
      Array [
        "https://openstax.org/accessibility-statement",
      ]
    }
  >
    Go to accessibility page
  </a>,
  .c0 {
  -webkit-clip: rect(1px,1px,1px,1px);
  clip: rect(1px,1px,1px,1px);
  margin: 0;
  position: absolute;
  left: 0;
  top: 0;
  height: 1px;
  width: 1px;
  overflow: hidden;
  -webkit-text-decoration: none;
  text-decoration: none;
}

.c0:focus {
  -webkit-clip: auto;
  clip: auto;
  height: auto;
  width: auto;
  z-index: 150;
}

<a
    className="c0"
    href="#"
    onClick={[Function]}
  >
    Keyboard shortcuts menu
  </a>,
  .c1 {
  overflow: visible;
  display: -webkit-box;
  display: -webkit-flex;
  display: -ms-flexbox;
  display: flex;
  -webkit-box-pack: justify;
  -webkit-justify-content: space-between;
  -ms-flex-pack: justify;
  justify-content: space-between;
  -webkit-align-items: center;
  -webkit-box-align: center;
  -ms-flex-align: center;
  align-items: center;
  height: 6rem;
  max-width: 128rem;
  margin: 0 auto;
}

.c2 {
  display: block;
  width: auto;
  height: 3.5rem;
}

.c0 {
  overflow: visible;
  z-index: 70;
  background: #fff;
  position: relative;
  padding: 0 3.2rem;
  box-shadow: 0 0.2rem 0.2rem 0 rgba(0,0,0,0.1);
}

@media screen and (max-width:75em) {
  .c1 {
    height: 5.2rem;
  }
}

@media print {
  .c1 {
    display: none;
  }
}

@media screen and (max-width:75em) {
  .c2 {
    height: 2.8rem;
  }
}

@media screen and (max-width:75em) {
  .c0 {
    padding: 0 1.6rem;
  }
}

<div
    className="c0"
    data-analytics-region="openstax-navbar"
  >
    <div
      className="c1"
      data-testid="navbar"
    >
      <a
        href="/"
      >
        <img
          alt="OpenStax Logo"
          className="c2"
          role="img"
          src="logo.svg"
        />
      </a>
    </div>
  </div>,
  .c0 {
  position: absolute;
  width: 1px;
  height: 1px;
  padding: 0;
  margin: -1px;
  overflow: hidden;
  -webkit-clip: rect(0,0,0,0);
  clip: rect(0,0,0,0);
  white-space: nowrap;
  border: 0;
}

<div
    aria-live="polite"
    className="c0"
    id="page-title-confirmation"
  >
    
  </div>,
  .c19 {
  display: inline-block;
  vertical-align: -.125em;
  overflow: hidden;
}

.c2 {
  color: #424242;
  font-size: 4.8rem;
  line-height: 5rem;
  -webkit-letter-spacing: -0.02rem;
  -moz-letter-spacing: -0.02rem;
  -ms-letter-spacing: -0.02rem;
  letter-spacing: -0.02rem;
  padding: 0 0 1rem 0;
  margin: 0;
}

.c5 {
  color: #424242;
  font-size: 3.6rem;
  line-height: 4rem;
  -webkit-letter-spacing: -0.02rem;
  -moz-letter-spacing: -0.02rem;
  -ms-letter-spacing: -0.02rem;
  letter-spacing: -0.02rem;
  padding: 2rem 0 1rem 0;
  margin: 0;
}

.c9 {
  color: #424242;
  font-size: 2.4rem;
  line-height: 3rem;
  -webkit-letter-spacing: -0.02rem;
  -moz-letter-spacing: -0.02rem;
  -ms-letter-spacing: -0.02rem;
  letter-spacing: -0.02rem;
  padding: 1.5rem 0 1rem 0;
  margin: 0;
}

.c8 {
  display: -webkit-box;
  display: -webkit-flex;
  display: -ms-flexbox;
  display: flex;
  cursor: pointer;
  -webkit-align-items: center;
  -webkit-box-align: center;
  -ms-flex-align: center;
  align-items: center;
  -webkit-box-pack: center;
  -webkit-justify-content: center;
  -ms-flex-pack: center;
  justify-content: center;
  border-radius: 0.5rem;
  box-shadow: 0 0.2rem 0.4rem rgba(ui-color(black),0.2);
  -webkit-text-decoration: none;
  text-decoration: none;
  white-space: nowrap;
  overflow: initial;
  min-width: 12rem;
  font-size: 1.6rem;
  height: 4rem;
  padding: 0 3rem;
  color: #5e6062;
  background-color: #fff;
  border: 1px solid #d5d5d5;
  font-weight: regular;
}

.c8:hover {
  background-color: ,#fafafa,;
}

.c8:active {
  background-color: ,#e5e5e5,;
}

.c7 {
  display: grid;
  overflow: visible;
  grid-auto-flow: row;
  grid-gap: 1rem;
}

.c15 {
  cursor: pointer;
  border: none;
  margin: 0;
  padding: 0;
  background: none;
}

.c18 {
  cursor: pointer;
}

.c12 > *:not(.c17) {
  -webkit-animation: 100ms bcCCNc ease-out;
  animation: 100ms bcCCNc ease-out;
  position: absolute;
  box-shadow: 0 0.5rem 0.5rem 0 rgba(0,0,0,0.1);
  border: 1px solid #d5d5d5;
  top: calc(100% + 0.4rem);
  left: 0;
}

.c13 {
  overflow: visible;
  position: relative;
}

.c21 {
  height: 2rem;
  width: 2rem;
  padding: 0.2rem;
  color: #424242;
  -webkit-user-select: none;
  -moz-user-select: none;
  -ms-user-select: none;
  user-select: none;
}

.c21:hover {
  color: #818181;
}

.c16 {
  border: none;
  display: block;
}

.c16 > div {
  display: inline-block;
  outline: none;
}

.c14 .focus-within .c20 {
  color: #5e6062;
}

.c14:focus-within .c20 {
  color: #5e6062;
}

.c11 {
  color: #027EB5;
  cursor: pointer;
  -webkit-text-decoration: underline;
  text-decoration: underline;
}

.c11:hover {
  color: #0064A0;
}

.c6 {
  padding: 1rem;
}

.c10 {
  display: -webkit-box;
  display: -webkit-flex;
  display: -ms-flexbox;
  display: flex;
  -webkit-flex-direction: row;
  -ms-flex-direction: row;
  flex-direction: row;
  overflow: visible;
  -webkit-align-items: center;
  -webkit-box-align: center;
  -ms-flex-align: center;
  align-items: center;
  -webkit-box-pack: justify;
  -webkit-justify-content: space-between;
  -ms-flex-pack: justify;
  justify-content: space-between;
}

.c10 h3 {
  padding-bottom: 0;
}

.c10 small {
  margin-top: -0.2rem;
  color: #ccc;
}

.c1 {
  color: #424242;
  font-size: 1.6rem;
  line-height: 2.5rem;
  max-width: 128rem;
  margin: 0 auto;
  padding: 2rem 0;
  -webkit-flex: 1;
  -ms-flex: 1;
  flex: 1;
}

.c3 {
  display: -webkit-box;
  display: -webkit-flex;
  display: -ms-flexbox;
  display: flex;
  -webkit-flex-direction: row;
  -ms-flex-direction: row;
  flex-direction: row;
  -webkit-flex: 1;
  -ms-flex: 1;
  flex: 1;
}

.c4 {
  display: -webkit-box;
  display: -webkit-flex;
  display: -ms-flexbox;
  display: flex;
  -webkit-flex-direction: column;
  -ms-flex-direction: column;
  flex-direction: column;
  -webkit-flex: 1;
  -ms-flex: 1;
  flex: 1;
}

.c0 {
  width: 100%;
  padding: 0 3.2rem;
  -webkit-flex: 1;
  -ms-flex: 1;
  flex: 1;
}

@media screen and (max-width:75em) {
  .c9 {
    font-size: 1.6rem;
    line-height: 2rem;
  }
}

@media screen and (max-width:75em) {
  .c0 {
    padding: 0 1.6rem;
  }
}

<div
    className="c0"
  >
    <div
      className="c1"
    >
      <h1
        className="c2"
      >
        REX Developer Homepage
      </h1>
      <div
        className="c3"
      >
        <div
          className="c4"
        >
          <div>
            <h2
              className="c5"
            >
              Notifications
            </h2>
            <div
              className="c6"
            >
              <div
                className="c7"
              >
                <button
                  className="c8"
                  onClick={[Function]}
                >
                  accept cookies
                </button>
                <button
                  className="c8"
                  data-testid="trigger-updates-available"
                  onClick={[Function]}
                >
                  update available
                </button>
                <button
                  className="c8"
                  data-testid="trigger-messages"
                  onClick={[Function]}
                >
                  app messages
                </button>
                <button
                  className="c8"
                  data-testid="trigger-inline-error"
                  onClick={[Function]}
                >
                  inline error
                </button>
                <button
                  className="c8"
                  data-testid="trigger-modal-error"
                  onClick={[Function]}
                >
                  modal error
                </button>
              </div>
            </div>
          </div>
          <div>
            <h2
              className="c5"
            >
              Routes
            </h2>
            <div
              className="c6"
            >
              <div>
                <h3
                  className="c9"
                >
                  Developer Home
                </h3>
                path: 
                /
                <br />
                /books/list
                <br />
              </div>
              <div>
                <h3
                  className="c9"
                >
                  Content
                </h3>
                path: 
                /books/:book_slug
                <br />
                /books/:book_uuid([\\da-z]{8}-[\\da-z]{4}-[\\da-z]{4}-[\\da-z]{4}-[\\da-z]{12})@:book_contentVersion\\::book_archiveVersion/pages/:page_uuid([\\da-z]{8}-[\\da-z]{4}-[\\da-z]{4}-[\\da-z]{4}-[\\da-z]{12})
                <br />
                /books/:book_uuid([\\da-z]{8}-[\\da-z]{4}-[\\da-z]{4}-[\\da-z]{4}-[\\da-z]{12})@:book_contentVersion\\::book_archiveVersion/pages/:page_slug
                <br />
                /books/:book_uuid([\\da-z]{8}-[\\da-z]{4}-[\\da-z]{4}-[\\da-z]{4}-[\\da-z]{12})@:book_contentVersion/pages/:page_uuid([\\da-z]{8}-[\\da-z]{4}-[\\da-z]{4}-[\\da-z]{4}-[\\da-z]{12})
                <br />
                /books/:book_uuid([\\da-z]{8}-[\\da-z]{4}-[\\da-z]{4}-[\\da-z]{4}-[\\da-z]{12})@:book_contentVersion/pages/:page_slug
                <br />
                /books/:book_slug@:book_contentVersion\\::book_archiveVersion/pages/:page_uuid([\\da-z]{8}-[\\da-z]{4}-[\\da-z]{4}-[\\da-z]{4}-[\\da-z]{12})
                <br />
                /books/:book_slug@:book_contentVersion\\::book_archiveVersion/pages/:page_slug
                <br />
                /books/:book_slug@:book_contentVersion/pages/:page_uuid([\\da-z]{8}-[\\da-z]{4}-[\\da-z]{4}-[\\da-z]{4}-[\\da-z]{12})
                <br />
                /books/:book_slug@:book_contentVersion/pages/:page_slug
                <br />
                /books/:book_slug/pages/:page_uuid([\\da-z]{8}-[\\da-z]{4}-[\\da-z]{4}-[\\da-z]{4}-[\\da-z]{12})
                <br />
                /books/:book_slug/pages/:page_slug
                <br />
                /apps/rex/books/:book_uuid([\\da-z]{8}-[\\da-z]{4}-[\\da-z]{4}-[\\da-z]{4}-[\\da-z]{12})@:book_contentVersion\\::book_archiveVersion/pages/:page_uuid([\\da-z]{8}-[\\da-z]{4}-[\\da-z]{4}-[\\da-z]{4}-[\\da-z]{12})
                <br />
                /apps/rex/books/:book_uuid([\\da-z]{8}-[\\da-z]{4}-[\\da-z]{4}-[\\da-z]{4}-[\\da-z]{12})@:book_contentVersion\\::book_archiveVersion/pages/:page_slug
                <br />
                /apps/rex/books/:book_uuid([\\da-z]{8}-[\\da-z]{4}-[\\da-z]{4}-[\\da-z]{4}-[\\da-z]{12})@:book_contentVersion/pages/:page_uuid([\\da-z]{8}-[\\da-z]{4}-[\\da-z]{4}-[\\da-z]{4}-[\\da-z]{12})
                <br />
                /apps/rex/books/:book_uuid([\\da-z]{8}-[\\da-z]{4}-[\\da-z]{4}-[\\da-z]{4}-[\\da-z]{12})@:book_contentVersion/pages/:page_slug
                <br />
                /apps/rex/books/:book_slug@:book_contentVersion\\::book_archiveVersion/pages/:page_uuid([\\da-z]{8}-[\\da-z]{4}-[\\da-z]{4}-[\\da-z]{4}-[\\da-z]{12})
                <br />
                /apps/rex/books/:book_slug@:book_contentVersion\\::book_archiveVersion/pages/:page_slug
                <br />
                /apps/rex/books/:book_slug@:book_contentVersion/pages/:page_uuid([\\da-z]{8}-[\\da-z]{4}-[\\da-z]{4}-[\\da-z]{4}-[\\da-z]{12})
                <br />
                /apps/rex/books/:book_slug@:book_contentVersion/pages/:page_slug
                <br />
                /apps/rex/books/:book_slug/pages/:page_uuid([\\da-z]{8}-[\\da-z]{4}-[\\da-z]{4}-[\\da-z]{4}-[\\da-z]{12})
                <br />
                /apps/rex/books/:book_slug/pages/:page_slug
                <br />
                /apps/rex/portal/:portalName/books/:book/pages/:page/books/:book_slug
                <br />
                /apps/rex/portal/:portalName/books/:book_uuid([\\da-z]{8}-[\\da-z]{4}-[\\da-z]{4}-[\\da-z]{4}-[\\da-z]{12})@:book_contentVersion\\::book_archiveVersion/pages/:page_uuid([\\da-z]{8}-[\\da-z]{4}-[\\da-z]{4}-[\\da-z]{4}-[\\da-z]{12})
                <br />
                /apps/rex/portal/:portalName/books/:book_uuid([\\da-z]{8}-[\\da-z]{4}-[\\da-z]{4}-[\\da-z]{4}-[\\da-z]{12})@:book_contentVersion\\::book_archiveVersion/pages/:page_slug
                <br />
                /apps/rex/portal/:portalName/books/:book_uuid([\\da-z]{8}-[\\da-z]{4}-[\\da-z]{4}-[\\da-z]{4}-[\\da-z]{12})@:book_contentVersion/pages/:page_uuid([\\da-z]{8}-[\\da-z]{4}-[\\da-z]{4}-[\\da-z]{4}-[\\da-z]{12})
                <br />
                /apps/rex/portal/:portalName/books/:book_uuid([\\da-z]{8}-[\\da-z]{4}-[\\da-z]{4}-[\\da-z]{4}-[\\da-z]{12})@:book_contentVersion/pages/:page_slug
                <br />
                /apps/rex/portal/:portalName/books/:book_slug@:book_contentVersion\\::book_archiveVersion/pages/:page_uuid([\\da-z]{8}-[\\da-z]{4}-[\\da-z]{4}-[\\da-z]{4}-[\\da-z]{12})
                <br />
                /apps/rex/portal/:portalName/books/:book_slug@:book_contentVersion\\::book_archiveVersion/pages/:page_slug
                <br />
                /apps/rex/portal/:portalName/books/:book_slug@:book_contentVersion/pages/:page_uuid([\\da-z]{8}-[\\da-z]{4}-[\\da-z]{4}-[\\da-z]{4}-[\\da-z]{12})
                <br />
                /apps/rex/portal/:portalName/books/:book_slug@:book_contentVersion/pages/:page_slug
                <br />
                /apps/rex/portal/:portalName/books/:book_slug/pages/:page_uuid([\\da-z]{8}-[\\da-z]{4}-[\\da-z]{4}-[\\da-z]{4}-[\\da-z]{12})
                <br />
                /apps/rex/portal/:portalName/books/:book_slug/pages/:page_slug
                <br />
              </div>
              <div>
                <h3
                  className="c9"
                >
                  Assigned
                </h3>
                path: 
                /apps/rex/assigned/:activityId
                <br />
              </div>
              <div>
                <h3
                  className="c9"
                >
                  NotFound
                </h3>
                path: 
                /books/(.*)
                <br />
              </div>
              <div>
                <h3
                  className="c9"
                >
                  External
                </h3>
                path: 
                :url(/.*)
                <br />
              </div>
            </div>
          </div>
        </div>
        <div
          className="c4"
        >
          <div>
            <h2
              className="c5"
            >
              Books
            </h2>
            <div
              className="c6"
            >
              <ul
                style={
                  Object {
                    "paddingBottom": "5rem",
                  }
                }
              >
                <li
                  className="c10"
                >
                  <div>
                    <h3
                      className="c9"
                    >
                      <a
                        className="c11"
                        data-testid="content-link-test"
                        href="books/book-slug-1/pages/1-introduction-to-science-and-the-realm-of-physics-physical-quantities-and-units"
                        onClick={[Function]}
                      >
                        booktitle
                      </a>
                    </h3>
                    <small>
                      some-id@1.0
                    </small>
                  </div>
                  <div
                    className="c12 c13 c14"
                  >
                    <button
                      aria-expanded={false}
                      aria-label="Actions"
                      className="c15 c16 c17 c18"
                      onClick={[Function]}
                    >
                      <div
                        tabIndex={-1}
                      >
                        <svg
                          aria-hidden="true"
                          className="c19 c20 c21"
                          fill="currentColor"
                          focusable="false"
                          viewBox="0 0 192 512"
                          xmlns="http://www.w3.org/2000/svg"
                        >
                          <path
                            d="M96 184c39.8 0 72 32.2 72 72s-32.2 72-72 72-72-32.2-72-72 32.2-72 72-72zM24 80c0 39.8 32.2 72 72 72s72-32.2 72-72S135.8 8 96 8 24 40.2 24 80zm0 352c0 39.8 32.2 72 72 72s72-32.2 72-72-32.2-72-72-72-72 32.2-72 72z"
                            fill="currentColor"
                          />
                        </svg>
                      </div>
                    </button>
                  </div>
                </li>
                <li
                  className="c10"
                >
                  <div>
                    <h3
                      className="c9"
                    >
                      <a
                        className="c11"
                        data-testid="content-link-test"
                        href="books/book-slug-1/pages/1-introduction-to-science-and-the-realm-of-physics-physical-quantities-and-units"
                        onClick={[Function]}
                      >
                        booktitle2
                      </a>
                    </h3>
                    <small>
                      some-id-2@1.0
                    </small>
                  </div>
                  <div
                    className="c12 c13 c14"
                  >
                    <button
                      aria-expanded={false}
                      aria-label="Actions"
                      className="c15 c16 c17 c18"
                      onClick={[Function]}
                    >
                      <div
                        tabIndex={-1}
                      >
                        <svg
                          aria-hidden="true"
                          className="c19 c20 c21"
                          fill="currentColor"
                          focusable="false"
                          viewBox="0 0 192 512"
                          xmlns="http://www.w3.org/2000/svg"
                        >
                          <path
                            d="M96 184c39.8 0 72 32.2 72 72s-32.2 72-72 72-72-32.2-72-72 32.2-72 72-72zM24 80c0 39.8 32.2 72 72 72s72-32.2 72-72S135.8 8 96 8 24 40.2 24 80zm0 352c0 39.8 32.2 72 72 72s72-32.2 72-72-32.2-72-72-72-72 32.2-72 72z"
                            fill="currentColor"
                          />
                        </svg>
                      </div>
                    </button>
                  </div>
                </li>
              </ul>
            </div>
          </div>
        </div>
      </div>
    </div>
  </div>,
  .c17 {
  display: inline-block;
  vertical-align: -.125em;
  overflow: hidden;
}

.c18 {
  height: 1em;
}

.c20 {
  height: 1em;
}

.c19 {
  height: 1em;
}

.c0 {
  color: #424242;
  font-size: 1.6rem;
  line-height: 2.5rem;
  z-index: 0;
  opacity: 1;
  -webkit-transition: opacity 0.2s;
  transition: opacity 0.2s;
}

.c1 {
  color: #d5d5d5;
  display: grid;
}

.c2 {
  background-color: #424242;
}

.c3 {
  max-width: 131rem;
  -webkit-align-items: center;
  -webkit-box-align: center;
  -ms-flex-align: center;
  align-items: center;
  display: -webkit-box;
  display: -webkit-flex;
  display: -ms-flexbox;
  display: flex;
  -webkit-flex-flow: column nowrap;
  -ms-flex-flow: column nowrap;
  flex-flow: column nowrap;
  margin: 0 auto;
  padding-left: 1.5rem;
  padding-right: 1.5rem;
  width: 100%;
  display: grid;
  grid-row-gap: 2rem;
  overflow: visible;
}

.c4 {
  grid-area: headline;
  margin: 0;
}

.c5 {
  grid-area: mission;
}

.c5 a {
  color: #d5d5d5;
  font-weight: bold;
  text-underline-position: under;
}

.c5 a:hover,
.c5 a:active,
.c5 a:focus {
  color: inherit;
}

.c9 {
  color: #d5d5d5;
  -webkit-text-decoration: none;
  text-decoration: none;
}

.c9:hover,
.c9:active,
.c9:focus {
  color: inherit;
}

.c9:hover {
  -webkit-text-decoration: underline;
  text-decoration: underline;
}

.c21 {
  color: #d5d5d5;
  display: inline-grid;
  grid-auto-flow: column;
  grid-column-gap: 0.7rem;
  overflow: hidden;
}

.c21:hover,
.c21:active,
.c21:focus {
  color: inherit;
}

.c6 {
  display: grid;
  grid-gap: 0.5rem;
  overflow: visible;
  grid-area: col1;
}

.c10 {
  display: grid;
  grid-gap: 0.5rem;
  overflow: visible;
  grid-area: col2;
}

.c11 {
  display: grid;
  grid-gap: 0.5rem;
  overflow: visible;
  grid-area: col3;
}

.c7 {
  font-size: 1.8rem;
  font-weight: bold;
  -webkit-letter-spacing: -0.072rem;
  -moz-letter-spacing: -0.072rem;
  -ms-letter-spacing: -0.072rem;
  letter-spacing: -0.072rem;
  line-height: normal;
  margin: 0;
}

.c12 {
  font-size: 1.2rem;
  font-weight: normal;
  -webkit-letter-spacing: normal;
  -moz-letter-spacing: normal;
  -ms-letter-spacing: normal;
  letter-spacing: normal;
  line-height: normal;
  background-color: #3b3b3b;
}

.c13 {
  max-width: 131rem;
  -webkit-align-items: center;
  -webkit-box-align: center;
  -ms-flex-align: center;
  align-items: center;
  display: -webkit-box;
  display: -webkit-flex;
  display: -ms-flexbox;
  display: flex;
  -webkit-flex-flow: column nowrap;
  -ms-flex-flow: column nowrap;
  flex-flow: column nowrap;
  margin: 0 auto;
  padding-left: 1.5rem;
  padding-right: 1.5rem;
  width: 100%;
  display: grid;
  grid-gap: 1.5rem 4rem;
  overflow: visible;
}

.c14 {
  display: grid;
  grid-gap: 1rem;
  overflow: visible;
}

.c14 [data-html="copyright"] {
  overflow: visible;
}

.c14 a {
  color: #d5d5d5;
  overflow: visible;
}

.c14 a:hover,
.c14 a:active,
.c14 a:focus {
  color: inherit;
}

.c14 sup {
  font-size: 66%;
  margin-left: 0.1rem;
  position: relative;
  top: -0.25em;
  vertical-align: top;
}

.c15 {
  -webkit-align-items: center;
  -webkit-box-align: center;
  -ms-flex-align: center;
  align-items: center;
  display: grid;
  grid-auto-flow: column;
  grid-gap: 1rem;
  -webkit-box-pack: end;
  -webkit-justify-content: end;
  -ms-flex-pack: end;
  justify-content: end;
  list-style: none;
  overflow: visible;
}

.c8 {
  margin: 0;
  padding: 0;
  display: -webkit-box;
  display: -webkit-flex;
  display: -ms-flexbox;
  display: flex;
  -webkit-flex-direction: column;
  -ms-flex-direction: column;
  flex-direction: column;
  gap: 0.5rem;
  list-style: none;
}

.c16 {
  color: #d5d5d5;
  font-size: 1.6rem;
  line-height: 2.5rem;
  background-color: #878787;
  color: #fff;
  -webkit-align-content: center;
  -ms-flex-line-pack: center;
  align-content: center;
  border-radius: 50%;
  display: grid;
  height: 3rem;
  -webkit-box-pack: center;
  -webkit-justify-content: center;
  -ms-flex-pack: center;
  justify-content: center;
  overflow: hidden;
  width: 3rem;
}

.c16:hover,
.c16:active,
.c16:focus {
  color: inherit;
}

.c22 {
  height: 4rem;
  -webkit-transform: translateY(0.2rem);
  -ms-transform: translateY(0.2rem);
  transform: translateY(0.2rem);
}

@media print {
  .c0 {
    display: none;
  }
}

@media (min-width:60.1em) {
  .c2 {
    padding: 7rem 0;
  }
}

@media (max-width:37.5em) {
  .c2 {
    padding: 2rem 0;
  }
}

@media (max-width:60.1em) and (min-width:37.6em) {
  .c2 {
    padding: 4rem 0;
  }
}

@media (min-width:37.6em) {
  .c3 {
    -webkit-align-items: start;
    -webkit-box-align: start;
    -ms-flex-align: start;
    align-items: start;
    grid-column-gap: 4rem;
    grid-template: "headline col1 col2 col3" "mission col1 col2 col3" / minmax(auto,50rem) auto auto auto;
  }
}

@media (max-width:37.5em) {
  .c3 {
    grid-template: "headline" "mission" "col1" "col2" "col3";
  }
}

@media (min-width:60.1em) {
  .c3 {
    grid-column-gap: 8rem;
  }
}

@media (min-width:37.6em) {
  .c4 {
    font-size: 2.4rem;
    font-weight: bold;
    -webkit-letter-spacing: -0.096rem;
    -moz-letter-spacing: -0.096rem;
    -ms-letter-spacing: -0.096rem;
    letter-spacing: -0.096rem;
    line-height: normal;
  }
}

@media (max-width:37.5em) {
  .c4 {
    font-size: 2rem;
    font-weight: bold;
    -webkit-letter-spacing: -0.08rem;
    -moz-letter-spacing: -0.08rem;
    -ms-letter-spacing: -0.08rem;
    letter-spacing: -0.08rem;
    line-height: normal;
  }
}

@media (min-width:37.6em) {
  .c5 {
    font-size: 1.8rem;
    font-weight: normal;
    -webkit-letter-spacing: normal;
    -moz-letter-spacing: normal;
    -ms-letter-spacing: normal;
    letter-spacing: normal;
    line-height: 3rem;
  }
}

@media (max-width:37.5em) {
  .c9 {
    line-height: 4.5rem;
  }
}

@media (max-width:37.5em) {
  .c7 {
    line-height: 4.5rem;
  }
}

@media (min-width:37.6em) {
  .c12 {
    padding: 2.5rem 0;
  }
}

@media (max-width:37.5em) {
  .c12 {
    padding: 1.5rem;
  }
}

@media (min-width:37.6em) {
  .c13 {
    grid-auto-flow: column;
  }
}

@media (max-width:37.5em) {
  .c13 {
    padding: 0;
  }
}

<footer
    className="c0"
    data-analytics-region="footer"
  >
    <div
      className="c1"
    >
      <div
        className="c2"
      >
        <div
          className="c3"
        >
          <h2
            className="c4"
          >
            Our mission is to improve educational access and learning for everyone.
          </h2>
          <div
            className="c5"
            dangerouslySetInnerHTML={
              Object {
                "__html": "
  OpenStax is part of Rice University, which is a 501(c)(3) nonprofit.
  <a href=\\"/give\\" target=\\"_blank\\">Give today</a> and help us reach more students.
",
              }
            }
          />
          <div
            className="c6"
          >
            <h3
              className="c7"
            >
              Help
            </h3>
            <menu
              className="c8"
            >
              <li>
                <a
                  className="c9"
                  href="/contact"
                  rel=""
                  target="_self"
                >
                  Contact Us
                </a>
              </li>
              <li>
                <a
                  className="c9"
                  href="https://help.openstax.org/s/"
                  rel="noopener"
                  target="_blank"
                >
                  Support Center
                </a>
              </li>
              <li>
                <a
                  className="c9"
                  href="/faq"
                  rel=""
                  target="_self"
                >
                  FAQ
                </a>
              </li>
            </menu>
          </div>
          <div
            className="c10"
          >
            <h3
              className="c7"
            >
              OpenStax
            </h3>
            <menu
              className="c8"
            >
              <li>
                <a
                  className="c9"
                  href="/press"
                  rel=""
                  target="_self"
                >
                  Press
                </a>
              </li>
              <li>
                <a
                  className="c9"
                  href="http://www2.openstax.org/l/218812/2016-10-04/lvk"
                  rel="noopener"
                  target="_blank"
                >
                  Newsletter
                </a>
              </li>
              <li>
                <a
                  className="c9"
                  href="/careers"
                  rel=""
                  target="_self"
                >
                  Careers
                </a>
              </li>
            </menu>
          </div>
          <div
            className="c11"
          >
            <h3
              className="c7"
            >
              Policies
            </h3>
            <menu
              className="c8"
            >
              <li>
                <a
                  className="c9"
                  href="/accessibility-statement"
                  rel=""
                  target="_self"
                >
                  Accessibility Statement
                </a>
              </li>
              <li>
                <a
                  className="c9"
                  href="/tos"
                  rel=""
                  target="_self"
                >
                  Terms of Use
                </a>
              </li>
              <li>
                <a
                  className="c9"
                  href="/license"
                  rel=""
                  target="_self"
                >
                  Licensing
                </a>
              </li>
              <li>
                <a
                  className="c9"
                  href="/privacy-policy"
                  rel=""
                  target="_self"
                >
                  Privacy Policy
                </a>
              </li>
              <li />
            </menu>
          </div>
        </div>
      </div>
      <div
        className="c12"
      >
        <div
          className="c13"
        >
          <div
            className="c14"
            dangerouslySetInnerHTML={
              Object {
                "__html": "
  <div data-html=\\"copyright\\">© 1999-2021, Rice University. Except where otherwise noted, textbooks on this site
    are licensed under a
    <a href=\\"https://creativecommons.org/licenses/by/4.0/\\" target=\\"_blank\\"
    rel=\\"noreferrer\\">Creative Commons Attribution 4.0 International License</a>.
  </div>
  <div data-html=\\"apStatement\\">
    Advanced Placement<sup>®</sup> and AP<sup>®</sup> are trademarks registered and/or owned by the College Board,
    which is not affiliated with, and does not endorse, this site.
  </div>
",
              }
            }
          />
          <menu
            className="c15"
          >
            <li>
              <a
                aria-label="facebook"
                className="c16"
                href="https://www.facebook.com/openstax"
                rel="noopener"
                target="_blank"
              >
                <svg
                  aria-hidden="true"
                  className="c17 c18"
                  fill="currentColor"
                  focusable="false"
                  viewBox="0 0 320 512"
                  xmlns="http://www.w3.org/2000/svg"
                >
                  <path
                    d="M279.14 288l14.22-92.66h-88.91v-60.13c0-25.35 12.42-50.06 52.24-50.06h40.42V6.26S260.43 0 225.36 0c-73.22 0-121.08 44.38-121.08 124.72v70.62H22.89V288h81.39v224h100.17V288z"
                    fill="currentColor"
                  />
                </svg>
              </a>
            </li>
            <li>
              <a
                aria-label="twitter"
                className="c16"
                href="https://twitter.com/openstax"
                rel="noopener"
                target="_blank"
              >
                <svg
                  aria-hidden="true"
                  className="svg-inline--fa fa-x-twitter"
                  data-icon="x-twitter"
                  data-prefix="fab"
                  focusable="false"
                  height="1em"
                  role="img"
                  viewBox="0 0 512 512"
                  xmlns="http://www.w3.org/2000/svg"
                >
                  <path
                    d="M389.2 48h70.6L305.6 224.2 487 464H345L233.7 318.6 106.5 464H35.8L200.7 275.5 26.8 48H172.4L272.9 180.9 389.2 48zM364.4 421.8h39.1L151.1 88h-42L364.4 421.8z"
                    fill="currentColor"
                  />
                </svg>
              </a>
            </li>
            <li>
              <a
                aria-label="linkedin"
                className="c16"
                href="https://www.linkedin.com/company/openstax"
                rel="noopener"
                target="_blank"
              >
                <svg
                  aria-hidden="true"
                  className="c17 c19"
                  fill="currentColor"
                  focusable="false"
                  viewBox="0 0 448 512"
                  xmlns="http://www.w3.org/2000/svg"
                >
                  <path
                    d="M100.28 448H7.4V148.9h92.88zM53.79 108.1C24.09 108.1 0 83.5 0 53.8a53.79 53.79 0 01107.58 0c0 29.7-24.1 54.3-53.79 54.3zM447.9 448h-92.68V302.4c0-34.7-.7-79.2-48.29-79.2-48.29 0-55.69 37.7-55.69 76.7V448h-92.78V148.9h89.08v40.8h1.3c12.4-23.5 42.69-48.3 87.88-48.3 94 0 111.28 61.9 111.28 142.3V448z"
                    fill="currentColor"
                  />
                </svg>
              </a>
            </li>
            <li>
              <a
                aria-label="instagram"
                className="c16"
                href="https://www.instagram.com/openstax/"
                rel="noopener"
                target="_blank"
              >
                <svg
                  aria-hidden="true"
                  className="c17 c20"
                  fill="currentColor"
                  focusable="false"
                  viewBox="0 0 448 512"
                  xmlns="http://www.w3.org/2000/svg"
                >
                  <path
                    d="M224.1 141c-63.6 0-114.9 51.3-114.9 114.9s51.3 114.9 114.9 114.9S339 319.5 339 255.9 287.7 141 224.1 141zm0 189.6c-41.1 0-74.7-33.5-74.7-74.7s33.5-74.7 74.7-74.7 74.7 33.5 74.7 74.7-33.6 74.7-74.7 74.7zm146.4-194.3c0 14.9-12 26.8-26.8 26.8-14.9 0-26.8-12-26.8-26.8s12-26.8 26.8-26.8 26.8 12 26.8 26.8zm76.1 27.2c-1.7-35.9-9.9-67.7-36.2-93.9-26.2-26.2-58-34.4-93.9-36.2-37-2.1-147.9-2.1-184.9 0-35.8 1.7-67.6 9.9-93.9 36.1s-34.4 58-36.2 93.9c-2.1 37-2.1 147.9 0 184.9 1.7 35.9 9.9 67.7 36.2 93.9s58 34.4 93.9 36.2c37 2.1 147.9 2.1 184.9 0 35.9-1.7 67.7-9.9 93.9-36.2 26.2-26.2 34.4-58 36.2-93.9 2.1-37 2.1-147.8 0-184.8zM398.8 388c-7.8 19.6-22.9 34.7-42.6 42.6-29.5 11.7-99.5 9-132.1 9s-102.7 2.6-132.1-9c-19.6-7.8-34.7-22.9-42.6-42.6-11.7-29.5-9-99.5-9-132.1s-2.6-102.7 9-132.1c7.8-19.6 22.9-34.7 42.6-42.6 29.5-11.7 99.5-9 132.1-9s102.7-2.6 132.1 9c19.6 7.8 34.7 22.9 42.6 42.6 11.7 29.5 9 99.5 9 132.1s2.7 102.7-9 132.1z"
                    fill="currentColor"
                  />
                </svg>
              </a>
            </li>
            <li>
              <a
                className="c21"
                href="http://www.rice.edu"
                rel="noopener"
                target="_blank"
              >
                <img
                  alt="Rice University logo"
                  className="c22"
                  src="rice-white-text.png"
                />
              </a>
            </li>
          </menu>
        </div>
      </div>
    </div>
  </footer>,
]
`;
