// Jest Snapshot v1, https://goo.gl/fbAQLP

exports[`Filters matches snapshot 1`] = `
.c9 {
  display: inline-block;
  vertical-align: -.125em;
  overflow: hidden;
}

.c7 {
  cursor: pointer;
  border: none;
  padding: 0;
  background: none;
}

.c5 {
  cursor: pointer;
}

.c3 > *:not(.c4) {
  -webkit-animation: 100ms bcCCNc ease-out;
  animation: 100ms bcCCNc ease-out;
  position: absolute;
  box-shadow: 0 0.5rem 0.5rem 0 rgba(0,0,0,0.1);
  border: 1px solid #d5d5d5;
  top: calc(100% + 0.4rem);
  left: 0;
}

.c2 {
  overflow: visible;
  position: relative;
}

.c8 {
  color: #5e6062;
  width: 1rem;
  height: 2rem;
  margin-left: 0.8rem;
}

.c6 > div {
  outline: none;
  font-family: Neue Helvetica W01;
  color: #424242;
  font-size: 1.6rem;
  color: #5e6062;
  display: -webkit-box;
  display: -webkit-flex;
  display: -ms-flexbox;
  display: flex;
  -webkit-flex-direction: row;
  -ms-flex-direction: row;
  flex-direction: row;
  -webkit-align-items: center;
  -webkit-box-align: center;
  -ms-flex-align: center;
  align-items: center;
}

.c0 {
  overflow: visible;
  display: -webkit-box;
  display: -webkit-flex;
  display: -ms-flexbox;
  display: flex;
  -webkit-flex-direction: row;
  -ms-flex-direction: row;
  flex-direction: row;
  -webkit-align-items: center;
  -webkit-box-align: center;
  -ms-flex-align: center;
  align-items: center;
  height: 5.6rem;
  background: #fff;
}

.c0 .c1:first-of-type {
  margin-right: 8rem;
}

@media screen and (max-width:75em) {
  .c0 {
    height: 3.6rem;
  }
}

@media screen and (max-width:75em) {
  .c0 .c1:first-of-type {
    margin-right: 4.8rem;
  }
}

<div
  className="c0"
>
  <div
    className="c1 c2 c3"
  >
    <button
      className="c4 c5 c6 c7"
      onClick={[Function]}
    >
      <div
        tabIndex={-1}
      >
        Chapter
        <svg
          aria-hidden="true"
          className="c8 c9"
          fill="currentColor"
          focusable="false"
          viewBox="0 0 320 512"
        >
          <path
            d="M143 352.3L7 216.3c-9.4-9.4-9.4-24.6 0-33.9l22.6-22.6c9.4-9.4 24.6-9.4 33.9 0l96.4 96.4 96.4-96.4c9.4-9.4 24.6-9.4 33.9 0l22.6 22.6c9.4 9.4 9.4 24.6 0 33.9l-136 136c-9.2 9.4-24.4 9.4-33.8 0z"
            fill="currentColor"
          />
        </svg>
      </div>
    </button>
  </div>
  <div
    className="c1 c2 c3"
  >
    <button
      className="c4 c5 c6 c7"
      onClick={[Function]}
    >
      <div
        tabIndex={-1}
      >
        Color
        <svg
          aria-hidden="true"
          className="c8 c9"
          fill="currentColor"
          focusable="false"
          viewBox="0 0 320 512"
        >
          <path
            d="M143 352.3L7 216.3c-9.4-9.4-9.4-24.6 0-33.9l22.6-22.6c9.4-9.4 24.6-9.4 33.9 0l96.4 96.4 96.4-96.4c9.4-9.4 24.6-9.4 33.9 0l22.6 22.6c9.4 9.4 9.4 24.6 0 33.9l-136 136c-9.2 9.4-24.4 9.4-33.8 0z"
            fill="currentColor"
          />
        </svg>
      </div>
    </button>
  </div>
</div>
`;
