// Jest Snapshot v1, https://goo.gl/fbAQLP

exports[`HighlightDeleteWrapper match snapshot when editing is set to false 1`] = `
<div
  className="HighlightAnnotation__HighlightNote-ppiq8t-0 fKLraL"
>
  <span
    className="highlight-note-text"
  >
    Note:
  </span>
  <div
    className="HighlightAnnotation__HighlightNoteAnnotation-ppiq8t-1 cWfCT"
  >
    Some annotation
  </div>
</div>
`;

exports[`HighlightDeleteWrapper match snapshot when editing is set to true 1`] = `
<div
  className="HighlightAnnotation__HighlightNote-ppiq8t-0 fKLraL"
>
  <textarea
    aria-label="Enter note's text"
    autoFocus={true}
    className="HighlightAnnotation__Textarea-ppiq8t-2 kebluY"
    onChange={[Function]}
    placeholder="Add a note..."
    value="Some annotation"
  />
  <div
    className="styles__HighlightEditButtons-sc-1t1yajj-0 JvKbW"
  >
    <button
      aria-label="Save"
      className="Button-ayg7nk-0 fFJxez"
      data-analytics-label="save"
      data-testid="save"
      onClick={[Function]}
    >
      Save
    </button>
    <button
      aria-label="Cancel"
      className="Button-ayg7nk-0 liRzrl"
      data-analytics-label="cancel"
      data-testid="cancel"
      onClick={[Function]}
    >
      Cancel
    </button>
  </div>
</div>
`;
