// Jest Snapshot v1, https://goo.gl/fbAQLP

exports[`HighlightDeleteWrapper match snapshot when editing is set to false 1`] = `
.c0 {
  color: #424242;
  font-size: 1.6rem;
  line-height: 2.5rem;
  padding-top: 1.2rem;
  display: -webkit-box;
  display: -webkit-flex;
  display: -ms-flexbox;
  display: flex;
  gap: 1rem;
  -webkit-flex-flow: wrap;
  -ms-flex-flow: wrap;
  flex-flow: wrap;
  -webkit-align-items: start;
  -webkit-box-align: start;
  -ms-flex-align: start;
  align-items: start;
}

.c0 span {
  margin: 0 0.8rem 0 0;
  overflow: visible;
}

.c1 {
  white-space: pre-wrap;
  word-break: break-word;
  overflow-wrap: break-word;
}

<div
  className="c0"
>
  <span
    className="highlight-note-text"
  >
    Note:
  </span>
  <div
    className="c1"
  >
    Some annotation
  </div>
</div>
`;

exports[`HighlightDeleteWrapper match snapshot when editing is set to true 1`] = `
.c5 {
  display: -webkit-box;
  display: -webkit-flex;
  display: -ms-flexbox;
  display: flex;
  cursor: pointer;
  -webkit-align-items: center;
  -webkit-box-align: center;
  -ms-flex-align: center;
  align-items: center;
  -webkit-box-pack: center;
  -webkit-justify-content: center;
  -ms-flex-pack: center;
  justify-content: center;
  border-radius: 0.5rem;
  box-shadow: 0 0.2rem 0.4rem rgba(ui-color(black),0.2);
  -webkit-text-decoration: none;
  text-decoration: none;
  white-space: nowrap;
  overflow: initial;
  min-width: 12rem;
  font-size: 1.6rem;
  height: 4rem;
  padding: 0 3rem;
  color: #fff;
  background-color: #d4450c;
  font-weight: bold;
  border: none;
  -webkit-font-smoothing: antialiased;
  -moz-osx-font-smoothing: grayscale;
}

.c5:hover {
  background-color: ,#be3c08,;
}

.c5:active {
  background-color: ,#b03808,;
}

.c5:focus {
  outline: solid #fff;
  box-shadow: inset 0 0 0 0.3rem #000;
}

.c6 {
  display: -webkit-box;
  display: -webkit-flex;
  display: -ms-flexbox;
  display: flex;
  cursor: pointer;
  -webkit-align-items: center;
  -webkit-box-align: center;
  -ms-flex-align: center;
  align-items: center;
  -webkit-box-pack: center;
  -webkit-justify-content: center;
  -ms-flex-pack: center;
  justify-content: center;
  border-radius: 0.5rem;
  box-shadow: 0 0.2rem 0.4rem rgba(ui-color(black),0.2);
  -webkit-text-decoration: none;
  text-decoration: none;
  white-space: nowrap;
  overflow: initial;
  min-width: 12rem;
  font-size: 1.6rem;
  height: 4rem;
  padding: 0 3rem;
  color: #5e6062;
  background-color: #fff;
  border: 1px solid #d5d5d5;
  font-weight: regular;
}

.c6:hover {
  background-color: ,#fafafa,;
}

.c6:active {
  background-color: ,#e5e5e5,;
}

.c4 {
  display: -webkit-box;
  display: -webkit-flex;
  display: -ms-flexbox;
  display: flex;
  -webkit-align-items: center;
  -webkit-box-align: center;
  -ms-flex-align: center;
  align-items: center;
  overflow: visible;
  gap: 1rem;
  height: -webkit-min-content;
  height: -moz-min-content;
  height: min-content;
}

.c0 {
  color: #424242;
  font-size: 1.6rem;
  line-height: 2.5rem;
  padding-top: 1.2rem;
  display: -webkit-box;
  display: -webkit-flex;
  display: -ms-flexbox;
  display: flex;
  gap: 1rem;
  -webkit-flex-flow: wrap;
  -ms-flex-flow: wrap;
  flex-flow: wrap;
  -webkit-align-items: start;
  -webkit-box-align: start;
  -ms-flex-align: start;
  align-items: start;
}

.c0 span {
  margin: 0 0.8rem 0 0;
  overflow: visible;
}

.c1 {
  font-weight: bold;
}

.c2 {
  display: -webkit-box;
  display: -webkit-flex;
  display: -ms-flexbox;
  display: flex;
  gap: 1rem;
  -webkit-flex-flow: wrap;
  -ms-flex-flow: wrap;
  flex-flow: wrap;
  -webkit-align-items: start;
  -webkit-box-align: start;
  -ms-flex-align: start;
  align-items: start;
}

.c3 {
  color: #424242;
  font-size: 1.6rem;
  line-height: 2.5rem;
  font-family: inherit;
  -webkit-flex: 1;
  -ms-flex: 1;
  flex: 1;
  -webkit-letter-spacing: 0;
  -moz-letter-spacing: 0;
  -ms-letter-spacing: 0;
  letter-spacing: 0;
  line-height: 2rem;
  min-height: 3.6rem;
  max-height: calc(60vh - 20rem);
  min-width: 60%;
  color: #6f6f6f;
  padding: 0.8rem;
}

<div
  className="c0"
>
  <label
    className="c1"
  >
    Note:
    <div
      className="c2"
    >
      <textarea
        autoFocus={true}
        className="c3"
        onChange={[Function]}
        onInput={[Function]}
        placeholder="Add a note"
        style={
          Object {
            "height": "2px",
          }
        }
        value="Some annotation"
      />
      <div
        className="c4"
      >
        <button
          aria-label="Save"
          className="c5"
          data-analytics-label="save"
          data-testid="save"
          onClick={[Function]}
        >
          Save
        </button>
        <button
          aria-label="Cancel"
          className="c6"
          data-analytics-label="cancel"
          data-testid="cancel"
          onClick={[Function]}
        >
          Cancel
        </button>
      </div>
    </div>
  </label>
</div>
`;
