// Jest Snapshot v1, https://goo.gl/fbAQLP

exports[`study guides button does not render if feature flag is enabled but book does not have study guide 1`] = `null`;

exports[`study guides button does not render if feature flag is not enabled 1`] = `null`;

exports[`study guides button render if feature flag is enabled and book has study guide 1`] = `
<button
  aria-label="Guides"
  className="toolbar-plain-button toolbar-default-button"
  data-analytics-label="Study guides"
  onClick={[Function]}
  style={
    Object {
      "--button-min-width": "45px",
      "--toolbar-icon-color": "#5e6062",
      "--toolbar-icon-darker-color": "#424242",
    }
  }
>
  <img
    alt=""
    aria-hidden="true"
    className="toolbar-default-icon study-guides-icon"
    src="studyGuidesIcon.svg"
  />
  <span
    className="toolbar-default-text"
  >
    Guides
  </span>
</button>
`;
