// Jest Snapshot v1, https://goo.gl/fbAQLP

exports[`Filters matches snapshot with UTG banner open (opened initially) 1`] = `
.c9 {
  display: inline-block;
  vertical-align: -.125em;
  overflow: hidden;
}

.c23 {
  color: #fff;
  height: 1rem;
  width: 1rem;
  display: none;
}

.c21 {
  height: 1.6rem;
  width: 1.6rem;
  display: -webkit-box;
  display: -webkit-flex;
  display: -ms-flexbox;
  display: flex;
  -webkit-box-pack: center;
  -webkit-justify-content: center;
  -ms-flex-pack: center;
  justify-content: center;
  -webkit-align-items: center;
  -webkit-box-align: center;
  -ms-flex-align: center;
  align-items: center;
  -webkit-flex-shrink: 0;
  -ms-flex-negative: 0;
  flex-shrink: 0;
}

input:not(:checked) + .c21 {
  border: 1px solid #424242;
}

input:checked + .c21 {
  background-color: #b03808;
}

input:checked + .c21 .c22 {
  display: block;
}

.c19 {
  cursor: pointer;
  display: -webkit-box;
  display: -webkit-flex;
  display: -ms-flexbox;
  display: flex;
  -webkit-flex-direction: row;
  -ms-flex-direction: row;
  flex-direction: row;
  -webkit-align-items: center;
  -webkit-box-align: center;
  -ms-flex-align: center;
  align-items: center;
  color: #424242;
  cursor: not-allowed;
  opacity: 0.4;
}

.c19 input {
  position: absolute;
  opacity: 0;
  cursor: pointer;
  height: 0;
  width: 0;
}

.c19:focus-within {
  border-radius: 0.4rem;
  background-color: #f1f1f1;
  outline: 0.2rem auto Highlight;
  outline: 0.2rem auto -webkit-focus-ring-color;
}

.c19:focus-within .c20 {
  border: 1px solid #b03808;
}

.c19.focus-within {
  border-radius: 0.4rem;
  background-color: #f1f1f1;
}

.c19.focus-within .c20 {
  border: 1px solid #b03808;
}

.c25 {
  cursor: pointer;
  display: -webkit-box;
  display: -webkit-flex;
  display: -ms-flexbox;
  display: flex;
  -webkit-flex-direction: row;
  -ms-flex-direction: row;
  flex-direction: row;
  -webkit-align-items: center;
  -webkit-box-align: center;
  -ms-flex-align: center;
  align-items: center;
}

.c25 input {
  position: absolute;
  opacity: 0;
  cursor: pointer;
  height: 0;
  width: 0;
}

.c25:focus-within {
  border-radius: 0.4rem;
  background-color: #f1f1f1;
  outline: 0.2rem auto Highlight;
  outline: 0.2rem auto -webkit-focus-ring-color;
}

.c25:focus-within .c20 {
  border: 1px solid #b03808;
}

.c25.focus-within {
  border-radius: 0.4rem;
  background-color: #f1f1f1;
}

.c25.focus-within .c20 {
  border: 1px solid #b03808;
}

.c8 {
  cursor: pointer;
}

.c2 > *:not(.c7) {
  -webkit-animation: 100ms bcCCNc ease-out;
  animation: 100ms bcCCNc ease-out;
  position: absolute;
  box-shadow: 0 0.5rem 0.5rem 0 rgba(0,0,0,0.1);
  border: 1px solid #d5d5d5;
  top: calc(100% + 0.4rem);
  left: 0;
}

.c4 {
  overflow: visible;
  position: relative;
}

.c5 {
  cursor: pointer;
  border: none;
  margin: 0;
  padding: 0;
  background: none;
}

.c15 {
  cursor: pointer;
  border: none;
  margin: 0;
  padding: 0;
  background: none;
  outline: none;
  color: #424242;
  color: #027EB5;
  cursor: pointer;
  -webkit-text-decoration: none;
  text-decoration: none;
}

.c15:hover,
.c15:focus {
  -webkit-text-decoration: underline;
  text-decoration: underline;
  color: #0064A0;
}

.c61 {
  cursor: pointer;
  border: none;
  margin: 0;
  padding: 0;
  background: none;
  height: 1.7rem;
  margin-right: 0.4rem;
}

.c61 svg {
  height: 0.8rem;
  width: 0.8rem;
  color: #5e6062;
}

.c62 {
  color: #424242;
  font-weight: 300;
  color: #5e6062;
  max-width: 8rem;
  white-space: nowrap;
  overflow: hidden;
  text-overflow: ellipsis;
  text-transform: capitalize;
  line-height: 1.5rem;
}

.c60 {
  margin-right: 3.2rem;
  display: -webkit-box;
  display: -webkit-flex;
  display: -ms-flexbox;
  display: flex;
  -webkit-align-items: center;
  -webkit-box-align: center;
  -ms-flex-align: center;
  align-items: center;
  overflow: visible;
  height: 4rem;
}

.c59 {
  color: #424242;
  font-size: 1.4rem;
  display: -webkit-box;
  display: -webkit-flex;
  display: -ms-flexbox;
  display: flex;
  -webkit-flex-wrap: wrap;
  -ms-flex-wrap: wrap;
  flex-wrap: wrap;
  width: 100%;
  margin: 0;
  padding: 0 2.8rem 1rem 2.8rem;
  margin-top: -1rem;
  list-style: none;
  overflow: visible;
}

.c13 {
  height: 2rem;
  display: -webkit-box;
  display: -webkit-flex;
  display: -ms-flexbox;
  display: flex;
  -webkit-flex-direction: row;
  -ms-flex-direction: row;
  flex-direction: row;
  -webkit-align-items: center;
  -webkit-box-align: center;
  -ms-flex-align: center;
  align-items: center;
}

.c13,
.c13 .c14 {
  font-size: 1.4rem;
  overflow: visible;
}

.c13 span {
  padding: 0 1rem;
}

.c31 {
  display: none;
}

.c33 {
  display: none;
  position: absolute;
  height: 2rem;
  width: 2rem;
  background-color: transparent;
  z-index: -1;
  left: 50%;
  top: 50%;
  -webkit-transform: translate(-50%,-50%);
  -ms-transform: translate(-50%,-50%);
  transform: translate(-50%,-50%);
  border-radius: 50%;
}

.c34 {
  height: 1.4000000000000001rem;
  width: 1.4000000000000001rem;
  background-color: transparent;
  position: absolute;
  left: 50%;
  top: 50%;
  -webkit-transform: translate(-50%,-50%);
  -ms-transform: translate(-50%,-50%);
  transform: translate(-50%,-50%);
  border-radius: 50%;
  border: 1px solid #fed200;
}

.c37 {
  height: 1.4000000000000001rem;
  width: 1.4000000000000001rem;
  background-color: transparent;
  position: absolute;
  left: 50%;
  top: 50%;
  -webkit-transform: translate(-50%,-50%);
  -ms-transform: translate(-50%,-50%);
  transform: translate(-50%,-50%);
  border-radius: 50%;
  border: 1px solid #92d101;
}

.c39 {
  height: 1.4000000000000001rem;
  width: 1.4000000000000001rem;
  background-color: transparent;
  position: absolute;
  left: 50%;
  top: 50%;
  -webkit-transform: translate(-50%,-50%);
  -ms-transform: translate(-50%,-50%);
  transform: translate(-50%,-50%);
  border-radius: 50%;
  border: 1px solid #00c3ed;
}

.c41 {
  height: 1.4000000000000001rem;
  width: 1.4000000000000001rem;
  background-color: transparent;
  position: absolute;
  left: 50%;
  top: 50%;
  -webkit-transform: translate(-50%,-50%);
  -ms-transform: translate(-50%,-50%);
  transform: translate(-50%,-50%);
  border-radius: 50%;
  border: 1px solid #545ec8;
}

.c29 {
  position: relative;
  background-color: #ffff8a;
  border: 1px solid #8f7700;
  height: 1.6rem;
  width: 1.6rem;
  display: -webkit-box;
  display: -webkit-flex;
  display: -ms-flexbox;
  display: flex;
  -webkit-box-pack: center;
  -webkit-justify-content: center;
  -ms-flex-pack: center;
  justify-content: center;
  -webkit-align-items: center;
  -webkit-box-align: center;
  -ms-flex-align: center;
  align-items: center;
  border-radius: 2rem;
  overflow: visible;
}

.c29 .c30 {
  height: 1rem;
  width: 1rem;
}

.c29 input:focus + .c32 {
  display: block;
  outline: 0.2rem auto Highlight;
  outline: 0.2rem auto -webkit-focus-ring-color;
  z-index: 1;
}

.c36 {
  position: relative;
  background-color: #def99f;
  border: 1px solid #4e6f01;
  height: 1.6rem;
  width: 1.6rem;
  display: -webkit-box;
  display: -webkit-flex;
  display: -ms-flexbox;
  display: flex;
  -webkit-box-pack: center;
  -webkit-justify-content: center;
  -ms-flex-pack: center;
  justify-content: center;
  -webkit-align-items: center;
  -webkit-box-align: center;
  -ms-flex-align: center;
  align-items: center;
  border-radius: 2rem;
  overflow: visible;
}

.c36 .c30 {
  height: 1rem;
  width: 1rem;
}

.c36 input:focus + .c32 {
  display: block;
  outline: 0.2rem auto Highlight;
  outline: 0.2rem auto -webkit-focus-ring-color;
  z-index: 1;
}

.c38 {
  position: relative;
  background-color: #c8f5ff;
  border: 1px solid #006880;
  height: 1.6rem;
  width: 1.6rem;
  display: -webkit-box;
  display: -webkit-flex;
  display: -ms-flexbox;
  display: flex;
  -webkit-box-pack: center;
  -webkit-justify-content: center;
  -ms-flex-pack: center;
  justify-content: center;
  -webkit-align-items: center;
  -webkit-box-align: center;
  -ms-flex-align: center;
  align-items: center;
  border-radius: 2rem;
  overflow: visible;
}

.c38 .c30 {
  height: 1rem;
  width: 1rem;
}

.c38 input:focus + .c32 {
  display: block;
  outline: 0.2rem auto Highlight;
  outline: 0.2rem auto -webkit-focus-ring-color;
  z-index: 1;
}

.c40 {
  position: relative;
  background-color: #cbcfff;
  border: 1px solid #141a3e;
  height: 1.6rem;
  width: 1.6rem;
  display: -webkit-box;
  display: -webkit-flex;
  display: -ms-flexbox;
  display: flex;
  -webkit-box-pack: center;
  -webkit-justify-content: center;
  -ms-flex-pack: center;
  justify-content: center;
  -webkit-align-items: center;
  -webkit-box-align: center;
  -ms-flex-align: center;
  align-items: center;
  border-radius: 2rem;
  overflow: visible;
}

.c40 .c30 {
  height: 1rem;
  width: 1rem;
}

.c40 input:focus + .c32 {
  display: block;
  outline: 0.2rem auto Highlight;
  outline: 0.2rem auto -webkit-focus-ring-color;
  z-index: 1;
}

.c10 {
  color: #5e6062;
  width: 1rem;
  height: 2rem;
  margin-left: 0.8rem;
  padding-top: 0.2rem;
  -webkit-transform: rotate(180deg);
  -ms-transform: rotate(180deg);
  transform: rotate(180deg);
  padding-top: 0;
  padding-bottom: 0.2rem;
}

.c6 {
  position: relative;
  border-left: 0.1rem solid transparent;
  border-right: 0.1rem solid transparent;
  z-index: 2;
  box-shadow: 0 0 0.6rem 0 rgba(0,0,0,0.2);
  -webkit-clip-path: inset(0 -0.6rem 0px -0.6rem);
  clip-path: inset(0 -0.6rem 0px -0.6rem);
  background-color: #fff;
  border-left: 0.1rem solid #d5d5d5;
  border-right: 0.1rem solid #d5d5d5;
}

.c6 > div {
  padding: 2rem 2.4rem;
  outline: none;
  color: #424242;
  font-size: 1.6rem;
  color: #5e6062;
  display: -webkit-box;
  display: -webkit-flex;
  display: -ms-flexbox;
  display: flex;
  -webkit-flex-direction: row;
  -ms-flex-direction: row;
  flex-direction: row;
  -webkit-align-items: center;
  -webkit-box-align: center;
  -ms-flex-align: center;
  align-items: center;
  -webkit-box-pack: end;
  -webkit-justify-content: flex-end;
  -ms-flex-pack: end;
  justify-content: flex-end;
}

.c1 {
  display: -webkit-box;
  display: -webkit-flex;
  display: -ms-flexbox;
  display: flex;
  -webkit-align-items: center;
  -webkit-box-align: center;
  -ms-flex-align: center;
  align-items: center;
  overflow: visible;
  width: 100%;
}

.c0 {
  position: relative;
  z-index: 2;
  overflow: visible;
  display: -webkit-box;
  display: -webkit-flex;
  display: -ms-flexbox;
  display: flex;
  -webkit-flex-flow: row wrap;
  -ms-flex-flow: row wrap;
  flex-flow: row wrap;
  -webkit-align-items: center;
  -webkit-box-align: center;
  -ms-flex-align: center;
  align-items: center;
  background: #fff;
  border-bottom: 0.1rem solid #d5d5d5;
}

.c0 .c7 {
  font-weight: bold;
}

.c0 .c3 > *:not(.c7) {
  top: calc(100% - 0.1rem);
  box-shadow: 0 0 0.6rem 0 rgba(0,0,0,0.2);
  max-height: calc(100vh - 26rem);
}

.c16 {
  display: -webkit-box;
  display: -webkit-flex;
  display: -ms-flexbox;
  display: flex;
  -webkit-flex-direction: row;
  -ms-flex-direction: row;
  flex-direction: row;
}

.c17 {
  display: -webkit-box;
  display: -webkit-flex;
  display: -ms-flexbox;
  display: flex;
  -webkit-flex-direction: column;
  -ms-flex-direction: column;
  flex-direction: column;
  overflow-x: hidden;
  list-style: none;
  margin: 0;
  padding: 0;
}

.c24 {
  display: -webkit-box;
  display: -webkit-flex;
  display: -ms-flexbox;
  display: flex;
  -webkit-flex-direction: row;
  -ms-flex-direction: row;
  flex-direction: row;
  white-space: nowrap;
  margin-left: 0.8rem;
}

.c24 > * {
  overflow: hidden;
}

.c24 .os-text {
  -webkit-flex: 1;
  -ms-flex: 1;
  flex: 1;
  text-overflow: ellipsis;
}

.c24 .os-divider {
  margin: 0 0.4rem;
}

.c11 {
  color: #424242;
  background: #fff;
  font-size: 1.4rem;
  padding: 0.8rem 1.6rem;
  outline: none;
  overflow: auto;
  z-index: 1;
}

.c11 .c12 {
  margin: 0.8rem 0 0.8rem 0.8rem;
}

.c11 .c18 {
  padding: 0.8rem;
}

.c11 .c28 {
  margin: 0 1.6rem 0 1.6rem;
}

.c11 .c63:last-child {
  border-bottom: none;
}

.c35 {
  -webkit-flex: 1;
  -ms-flex: 1;
  flex: 1;
  overflow: hidden;
  text-overflow: ellipsis;
  white-space: nowrap;
}

.c27 {
  padding: 0;
  border: none;
  margin: 0;
}

.c27 legend {
  position: absolute;
  width: 1px;
  height: 1px;
  padding: 0;
  margin: -1px;
  overflow: hidden;
  -webkit-clip: rect(0,0,0,0);
  clip: rect(0,0,0,0);
  white-space: nowrap;
  border: 0;
}

.c43 {
  cursor: pointer;
  border: none;
  padding: 0;
  background: none;
  -webkit-align-items: center;
  -webkit-box-align: center;
  -ms-flex-align: center;
  align-items: center;
  color: #5e6062;
  height: 100%;
  min-width: 45px;
  display: -webkit-box;
  display: -webkit-flex;
  display: -ms-flexbox;
  display: flex;
  -webkit-flex-direction: column;
  -ms-flex-direction: column;
  flex-direction: column;
  -webkit-align-items: center;
  -webkit-box-align: center;
  -ms-flex-align: center;
  align-items: center;
  -webkit-box-pack: center;
  -webkit-justify-content: center;
  -ms-flex-pack: center;
  justify-content: center;
  min-height: 77px;
  height: auto;
  padding: 0 10px;
}

.c43:hover,
.c43:focus {
  color: #424242;
}

.c47 {
  font-weight: 600;
  font-size: 1.2rem;
  line-height: 1.5rem;
  font-size: 1.2rem;
  line-height: 1.5rem;
}

.c45 {
  height: 2.5rem;
  width: 2.5rem;
  padding: 0.4rem;
}

.c44 {
  -webkit-flex-direction: row;
  -ms-flex-direction: row;
  flex-direction: row;
  cursor: wait;
  height: -webkit-max-content;
  height: -moz-max-content;
  height: max-content;
  min-height: unset;
  margin: 0 0 0 auto;
  padding-right: 2.4rem;
}

.c44 .c46 {
  font-size: 1.6rem;
  line-height: 2.5rem;
  margin: 0px 0px 0px 0.5rem;
}

.c51 {
  outline: none;
  position: relative;
  padding: 2rem 2.4rem;
  width: 100%;
  background: #000;
  margin-bottom: 1rem;
}

.c55 {
  width: 100%;
  padding: 0 4.2rem;
}

.c53 {
  color: #424242;
  font-size: 3.6rem;
  line-height: 4rem;
  -webkit-letter-spacing: -0.02rem;
  -moz-letter-spacing: -0.02rem;
  -ms-letter-spacing: -0.02rem;
  letter-spacing: -0.02rem;
  padding: 2rem 0 1rem 0;
  margin: 0;
  text-align: center;
  width: 100%;
  color: #fff;
}

.c56 {
  cursor: pointer;
  border: none;
  margin: 0;
  padding: 0;
  background: none;
  position: absolute;
  border-radius: 50%;
  background: #fff;
  display: -webkit-box;
  display: -webkit-flex;
  display: -ms-flexbox;
  display: flex;
  -webkit-align-items: center;
  -webkit-box-align: center;
  -ms-flex-align: center;
  align-items: center;
  -webkit-box-pack: center;
  -webkit-justify-content: center;
  -ms-flex-pack: center;
  justify-content: center;
  top: 2rem;
  right: 2.4rem;
}

.c57 {
  color: #000;
  height: 2.8rem;
  width: 2.8rem;
  padding: 0.4rem;
}

.c52 {
  display: -webkit-box;
  display: -webkit-flex;
  display: -ms-flexbox;
  display: flex;
  -webkit-align-items: center;
  -webkit-box-align: center;
  -ms-flex-align: center;
  align-items: center;
}

.c54 {
  display: -webkit-box;
  display: -webkit-flex;
  display: -ms-flexbox;
  display: flex;
  -webkit-box-pack: center;
  -webkit-justify-content: center;
  -ms-flex-pack: center;
  justify-content: center;
}

.c49 {
  height: 1.7rem;
  width: 1.7rem;
}

.c48 {
  cursor: pointer;
  border: none;
  margin: 0;
  padding: 0;
  background: none;
  display: -webkit-box;
  display: -webkit-flex;
  display: -ms-flexbox;
  display: flex;
  -webkit-align-items: center;
  -webkit-box-align: center;
  -ms-flex-align: center;
  align-items: center;
  -webkit-box-pack: center;
  -webkit-justify-content: center;
  -ms-flex-pack: center;
  justify-content: center;
  margin-left: auto;
  overflow: visible;
  color: #5e6062;
  position: relative;
  padding: 1.2rem 1.6rem 1.8rem;
  height: 100%;
  margin-right: 3.2rem;
  margin-top: 0.6rem;
  background: #000;
  color: #fff;
}

.c50 {
  font-size: 1.6rem;
  line-height: 2.5rem;
  font-weight: 600;
  margin-left: 0.5rem;
}

.c26 {
  background: #fff;
  display: -webkit-box;
  display: -webkit-flex;
  display: -ms-flexbox;
  display: flex;
  -webkit-flex-direction: column;
  -ms-flex-direction: column;
  flex-direction: column;
  color: #424242;
  font-size: 1.4rem;
  padding: 0.8rem 1.6rem;
  outline: none;
  z-index: 1;
  overflow: auto;
  min-width: 29rem;
}

.c26 .c12 {
  margin: 0.8rem 0 0.8rem 0.8rem;
}

.c26 .c18 {
  padding: 0.8rem;
  text-transform: capitalize;
}

.c26 .c28 {
  margin: 0 1.6rem 0 1.6rem;
}

.c42 {
  margin-left: auto;
  display: -webkit-box;
  display: -webkit-flex;
  display: -ms-flexbox;
  display: flex;
  -webkit-align-items: center;
  -webkit-box-align: center;
  -ms-flex-align: center;
  align-items: center;
  overflow: visible;
}

@media print {
  .c61 {
    display: none;
  }
}

@media print {
  .c62 {
    max-width: -webkit-max-content;
    max-width: -moz-max-content;
    max-width: max-content;
  }
}

@media screen and (max-width:75em) {
  .c59 {
    padding: 0 2.4rem 0.4rem 2.4rem;
  }
}

@media print {
  .c59 {
    margin: 0;
  }
}

@media screen and (max-width:75em) {
  .c6 > div {
    padding: 1rem 1.6rem;
  }
}

@media screen and (max-width:75em) {
  .c0 .c3 > *:not(.c7) {
    max-height: calc(100vh - 18.4rem);
  }
}

@media screen and (max-width:30em) {
  .c0 .c3 {
    position: initial;
  }

  .c0 .c3 > *:not(.c7) {
    top: auto;
    margin-top: -0.1rem;
  }
}

@media print {
  .c0 {
    padding-left: 0;
  }
}

@media print {
  .c0 > *:not(.c58) {
    display: none;
  }
}

@media screen and (max-width:75em) {
  .c16 {
    -webkit-flex-direction: column;
    -ms-flex-direction: column;
    flex-direction: column;
    overflow: hidden;
  }
}

@media screen and (max-width:30em) {
  .c11 {
    width: calc(100vw - 1.6rem);
  }
}

@media screen and (max-width:50em) {
  .c43 {
    -webkit-flex-direction: row;
    -ms-flex-direction: row;
    flex-direction: row;
    -webkit-box-pack: start;
    -webkit-justify-content: start;
    -ms-flex-pack: start;
    justify-content: start;
    min-height: unset;
    margin-top: 25px;
    background: none;
  }
}

@media screen and (max-width:50em) {
  .c47 {
    font-size: 1.6rem;
    line-height: 2.5rem;
    margin-left: 1.2rem;
  }
}

@media screen and (max-width:75em) {
  .c44 {
    padding-right: 1.6rem;
  }
}

@media screen and (max-width:75em) {
  .c44 .c46 {
    display: none;
  }
}

@media screen and (max-width:30em) {
  .c51 {
    padding: 1rem 1.6rem;
  }
}

@media print {
  .c51 {
    display: none;
  }
}

@media screen and (max-width:50em) {
  .c55 {
    max-width: 30rem;
    padding: 0;
  }
}

@media screen and (max-width:75em) {
  .c53 {
    color: #424242;
    font-size: 1.6rem;
    line-height: 2rem;
    -webkit-letter-spacing: -0.02rem;
    -moz-letter-spacing: -0.02rem;
    -ms-letter-spacing: -0.02rem;
    letter-spacing: -0.02rem;
    padding: 1rem 0 1rem 0;
    margin: 0;
    color: #fff;
  }
}

@media screen and (max-width:30em) {
  .c56 {
    top: 1rem;
    right: 1.6rem;
  }
}

@media screen and (max-width:75em) {
  .c57 {
    height: 1.6rem;
    width: 1.6rem;
  }
}

@media screen and (max-width:75em) {
  .c48 {
    margin-right: 0.8rem;
    padding-right: 1.4rem;
    padding-left: 1.4rem;
  }
}

@media print {
  .c48 {
    display: none;
  }
}

@media screen and (max-width:75em) {
  .c50 {
    display: none;
  }
}

@media screen and (max-width:30em) {
  .c26 {
    width: calc(100vw - 1.6rem);
  }
}

<div
  className="c0"
>
  <div
    className="c1"
  >
    <div
      className="c2 c3 c4"
    >
      <button
        aria-controls="guide-filter-chapter"
        aria-expanded={true}
        aria-label="Filter study guides by Chapter"
        className="c5 c6 c7 c8"
        data-analytics-label="Filter study guides by Chapter"
        onClick={[Function]}
      >
        <div
          tabIndex={-1}
        >
          Chapter
          <svg
            aria-hidden="true"
            className="c9 c10"
            direction="up"
            fill="currentColor"
            focusable="false"
            viewBox="0 0 320 512"
            xmlns="http://www.w3.org/2000/svg"
          >
            <path
              d="M143 352.3L7 216.3c-9.4-9.4-9.4-24.6 0-33.9l22.6-22.6c9.4-9.4 24.6-9.4 33.9 0l96.4 96.4 96.4-96.4c9.4-9.4 24.6-9.4 33.9 0l22.6 22.6c9.4 9.4 9.4 24.6 0 33.9l-136 136c-9.2 9.4-24.4 9.4-33.8 0z"
              fill="currentColor"
            />
          </svg>
        </div>
      </button>
      <div
        className="c11"
        id="guide-filter-chapter"
        tabIndex={-1}
      >
        <div
          className="c12 c13"
        >
          <button
            className="c14 c15"
            disabled={false}
            onClick={[Function]}
          >
            All
          </button>
          <span>
            |
          </span>
          <button
            className="c14 c15"
            disabled={false}
            onClick={[Function]}
          >
            None
          </button>
        </div>
        <div
          className="c16"
        >
          <ul
            aria-label="Filter by chapters"
            className="c17"
          >
            <li>
              <label
                className="c18 c19"
              >
                <input
                  checked={false}
                  disabled={true}
                  onChange={[Function]}
                  type="checkbox"
                />
                <span
                  className="c20 c21"
                >
                  <svg
                    aria-hidden="true"
                    className="c9 c22 c23"
                    fill="currentColor"
                    focusable="false"
                    viewBox="0 0 512 512"
                    xmlns="http://www.w3.org/2000/svg"
                  >
                    <path
                      d="M173.898 439.404l-166.4-166.4c-9.997-9.997-9.997-26.206 0-36.204l36.203-36.204c9.997-9.998 26.207-9.998 36.204 0L192 312.69 432.095 72.596c9.997-9.997 26.207-9.997 36.204 0l36.203 36.204c9.997 9.997 9.997 26.206 0 36.204l-294.4 294.401c-9.998 9.997-26.207 9.997-36.204-.001z"
                      fill="currentColor"
                    />
                  </svg>
                </span>
                <span
                  className="c24"
                  dangerouslySetInnerHTML={
                    Object {
                      "__html": "<span class=\\"os-number\\">1</span><span class=\\"os-divider\\"> </span><span class=\\"os-text\\">Test Chapter 1</span>",
                    }
                  }
                />
              </label>
            </li>
            <li>
              <label
                className="c18 c19"
              >
                <input
                  checked={false}
                  disabled={true}
                  onChange={[Function]}
                  type="checkbox"
                />
                <span
                  className="c20 c21"
                >
                  <svg
                    aria-hidden="true"
                    className="c9 c22 c23"
                    fill="currentColor"
                    focusable="false"
                    viewBox="0 0 512 512"
                    xmlns="http://www.w3.org/2000/svg"
                  >
                    <path
                      d="M173.898 439.404l-166.4-166.4c-9.997-9.997-9.997-26.206 0-36.204l36.203-36.204c9.997-9.998 26.207-9.998 36.204 0L192 312.69 432.095 72.596c9.997-9.997 26.207-9.997 36.204 0l36.203 36.204c9.997 9.997 9.997 26.206 0 36.204l-294.4 294.401c-9.998 9.997-26.207 9.997-36.204-.001z"
                      fill="currentColor"
                    />
                  </svg>
                </span>
                <span
                  className="c24"
                  dangerouslySetInnerHTML={
                    Object {
                      "__html": "<span class=\\"os-number\\">1</span><span class=\\"os-divider\\"> </span><span class=\\"os-text\\">Test Chapter 1.1</span>",
                    }
                  }
                />
              </label>
            </li>
            <li>
              <label
                className="c18 c25"
              >
                <input
                  checked={true}
                  disabled={false}
                  onChange={[Function]}
                  type="checkbox"
                />
                <span
                  className="c20 c21"
                >
                  <svg
                    aria-hidden="true"
                    className="c9 c22 c23"
                    fill="currentColor"
                    focusable="false"
                    viewBox="0 0 512 512"
                    xmlns="http://www.w3.org/2000/svg"
                  >
                    <path
                      d="M173.898 439.404l-166.4-166.4c-9.997-9.997-9.997-26.206 0-36.204l36.203-36.204c9.997-9.998 26.207-9.998 36.204 0L192 312.69 432.095 72.596c9.997-9.997 26.207-9.997 36.204 0l36.203 36.204c9.997 9.997 9.997 26.206 0 36.204l-294.4 294.401c-9.998 9.997-26.207 9.997-36.204-.001z"
                      fill="currentColor"
                    />
                  </svg>
                </span>
                <span
                  className="c24"
                  dangerouslySetInnerHTML={
                    Object {
                      "__html": "<span class=\\"os-number\\">2</span><span class=\\"os-divider\\"> </span><span class=\\"os-text\\">Test Chapter 2</span>",
                    }
                  }
                />
              </label>
            </li>
            <li>
              <label
                className="c18 c19"
              >
                <input
                  checked={false}
                  disabled={true}
                  onChange={[Function]}
                  type="checkbox"
                />
                <span
                  className="c20 c21"
                >
                  <svg
                    aria-hidden="true"
                    className="c9 c22 c23"
                    fill="currentColor"
                    focusable="false"
                    viewBox="0 0 512 512"
                    xmlns="http://www.w3.org/2000/svg"
                  >
                    <path
                      d="M173.898 439.404l-166.4-166.4c-9.997-9.997-9.997-26.206 0-36.204l36.203-36.204c9.997-9.998 26.207-9.998 36.204 0L192 312.69 432.095 72.596c9.997-9.997 26.207-9.997 36.204 0l36.203 36.204c9.997 9.997 9.997 26.206 0 36.204l-294.4 294.401c-9.998 9.997-26.207 9.997-36.204-.001z"
                      fill="currentColor"
                    />
                  </svg>
                </span>
                <span
                  className="c24"
                  dangerouslySetInnerHTML={
                    Object {
                      "__html": "<span class=\\"os-number\\">3</span><span class=\\"os-divider\\"> </span><span class=\\"os-text\\">Test Chapter 3</span>",
                    }
                  }
                />
              </label>
            </li>
            <li>
              <label
                className="c18 c19"
              >
                <input
                  checked={false}
                  disabled={true}
                  onChange={[Function]}
                  type="checkbox"
                />
                <span
                  className="c20 c21"
                >
                  <svg
                    aria-hidden="true"
                    className="c9 c22 c23"
                    fill="currentColor"
                    focusable="false"
                    viewBox="0 0 512 512"
                    xmlns="http://www.w3.org/2000/svg"
                  >
                    <path
                      d="M173.898 439.404l-166.4-166.4c-9.997-9.997-9.997-26.206 0-36.204l36.203-36.204c9.997-9.998 26.207-9.998 36.204 0L192 312.69 432.095 72.596c9.997-9.997 26.207-9.997 36.204 0l36.203 36.204c9.997 9.997 9.997 26.206 0 36.204l-294.4 294.401c-9.998 9.997-26.207 9.997-36.204-.001z"
                      fill="currentColor"
                    />
                  </svg>
                </span>
                <span
                  className="c24"
                  dangerouslySetInnerHTML={
                    Object {
                      "__html": "<span class=\\"os-number\\">4</span><span class=\\"os-divider\\"> </span><span class=\\"os-text\\">Test Chapter 4</span>",
                    }
                  }
                />
              </label>
            </li>
            <li>
              <label
                className="c18 c19"
              >
                <input
                  checked={false}
                  disabled={true}
                  onChange={[Function]}
                  type="checkbox"
                />
                <span
                  className="c20 c21"
                >
                  <svg
                    aria-hidden="true"
                    className="c9 c22 c23"
                    fill="currentColor"
                    focusable="false"
                    viewBox="0 0 512 512"
                    xmlns="http://www.w3.org/2000/svg"
                  >
                    <path
                      d="M173.898 439.404l-166.4-166.4c-9.997-9.997-9.997-26.206 0-36.204l36.203-36.204c9.997-9.998 26.207-9.998 36.204 0L192 312.69 432.095 72.596c9.997-9.997 26.207-9.997 36.204 0l36.203 36.204c9.997 9.997 9.997 26.206 0 36.204l-294.4 294.401c-9.998 9.997-26.207 9.997-36.204-.001z"
                      fill="currentColor"
                    />
                  </svg>
                </span>
                <span
                  className="c24"
                  dangerouslySetInnerHTML={
                    Object {
                      "__html": "<span class=\\"os-number\\">10</span><span class=\\"os-divider\\"> </span><span class=\\"os-text\\">Test Chapter 5</span>",
                    }
                  }
                />
              </label>
            </li>
            <li>
              <label
                className="c18 c19"
              >
                <input
                  checked={false}
                  disabled={true}
                  onChange={[Function]}
                  type="checkbox"
                />
                <span
                  className="c20 c21"
                >
                  <svg
                    aria-hidden="true"
                    className="c9 c22 c23"
                    fill="currentColor"
                    focusable="false"
                    viewBox="0 0 512 512"
                    xmlns="http://www.w3.org/2000/svg"
                  >
                    <path
                      d="M173.898 439.404l-166.4-166.4c-9.997-9.997-9.997-26.206 0-36.204l36.203-36.204c9.997-9.998 26.207-9.998 36.204 0L192 312.69 432.095 72.596c9.997-9.997 26.207-9.997 36.204 0l36.203 36.204c9.997 9.997 9.997 26.206 0 36.204l-294.4 294.401c-9.998 9.997-26.207 9.997-36.204-.001z"
                      fill="currentColor"
                    />
                  </svg>
                </span>
                <span
                  className="c24"
                  dangerouslySetInnerHTML={
                    Object {
                      "__html": "<span class=\\"os-number\\">12</span><span class=\\"os-divider\\"> </span><span class=\\"os-text\\">Test Chapter 6</span>",
                    }
                  }
                />
              </label>
            </li>
          </ul>
        </div>
      </div>
    </div>
    <div
      className="c2 c3 c4"
    >
      <button
        aria-controls="guide-filter-color"
        aria-expanded={true}
        aria-label="Filter study guides by Color"
        className="c5 c6 c7 c8"
        data-analytics-label="Filter study guides by Color"
        onClick={[Function]}
      >
        <div
          tabIndex={-1}
        >
          Color
          <svg
            aria-hidden="true"
            className="c9 c10"
            direction="up"
            fill="currentColor"
            focusable="false"
            viewBox="0 0 320 512"
            xmlns="http://www.w3.org/2000/svg"
          >
            <path
              d="M143 352.3L7 216.3c-9.4-9.4-9.4-24.6 0-33.9l22.6-22.6c9.4-9.4 24.6-9.4 33.9 0l96.4 96.4 96.4-96.4c9.4-9.4 24.6-9.4 33.9 0l22.6 22.6c9.4 9.4 9.4 24.6 0 33.9l-136 136c-9.2 9.4-24.4 9.4-33.8 0z"
              fill="currentColor"
            />
          </svg>
        </div>
      </button>
      <div
        className="c26"
        id="guide-filter-color"
        tabIndex={-1}
      >
        <div
          className="c12 c13"
        >
          <button
            className="c14 c15"
            disabled={false}
            onClick={[Function]}
          >
            All
          </button>
          <span>
            |
          </span>
          <button
            className="c14 c15"
            disabled={false}
            onClick={[Function]}
          >
            None
          </button>
        </div>
        <fieldset
          className="c27"
        >
          <legend>
            Filter by colors
          </legend>
          <label
            className="c18 c25"
          >
            <input
              checked={true}
              disabled={false}
              onChange={[Function]}
              type="checkbox"
            />
            <span
              className="c20 c21"
            >
              <svg
                aria-hidden="true"
                className="c9 c22 c23"
                fill="currentColor"
                focusable="false"
                viewBox="0 0 512 512"
                xmlns="http://www.w3.org/2000/svg"
              >
                <path
                  d="M173.898 439.404l-166.4-166.4c-9.997-9.997-9.997-26.206 0-36.204l36.203-36.204c9.997-9.998 26.207-9.998 36.204 0L192 312.69 432.095 72.596c9.997-9.997 26.207-9.997 36.204 0l36.203 36.204c9.997 9.997 9.997 26.206 0 36.204l-294.4 294.401c-9.998 9.997-26.207 9.997-36.204-.001z"
                  fill="currentColor"
                />
              </svg>
            </span>
            <div
              className="c28 c29"
            >
              <svg
                aria-hidden="true"
                className="c9 c30 c31"
                fill="currentColor"
                focusable="false"
                viewBox="0 0 512 512"
                xmlns="http://www.w3.org/2000/svg"
              >
                <path
                  d="M173.898 439.404l-166.4-166.4c-9.997-9.997-9.997-26.206 0-36.204l36.203-36.204c9.997-9.998 26.207-9.998 36.204 0L192 312.69 432.095 72.596c9.997-9.997 26.207-9.997 36.204 0l36.203 36.204c9.997 9.997 9.997 26.206 0 36.204l-294.4 294.401c-9.998 9.997-26.207 9.997-36.204-.001z"
                  fill="currentColor"
                />
              </svg>
              <span
                className="c32 c33"
                size="small"
                style={
                  Object {
                    "focusBorder": "#8f7700",
                    "focused": "#fed200",
                    "label": "yellow",
                    "passive": "#ffff8a",
                  }
                }
              />
              <span
                className="c34"
                size="small"
                style={
                  Object {
                    "focusBorder": "#8f7700",
                    "focused": "#fed200",
                    "label": "yellow",
                    "passive": "#ffff8a",
                  }
                }
              />
            </div>
            <span
              className="c35"
            >
              Key Terms
            </span>
          </label>
          <label
            className="c18 c25"
          >
            <input
              checked={true}
              disabled={false}
              onChange={[Function]}
              type="checkbox"
            />
            <span
              className="c20 c21"
            >
              <svg
                aria-hidden="true"
                className="c9 c22 c23"
                fill="currentColor"
                focusable="false"
                viewBox="0 0 512 512"
                xmlns="http://www.w3.org/2000/svg"
              >
                <path
                  d="M173.898 439.404l-166.4-166.4c-9.997-9.997-9.997-26.206 0-36.204l36.203-36.204c9.997-9.998 26.207-9.998 36.204 0L192 312.69 432.095 72.596c9.997-9.997 26.207-9.997 36.204 0l36.203 36.204c9.997 9.997 9.997 26.206 0 36.204l-294.4 294.401c-9.998 9.997-26.207 9.997-36.204-.001z"
                  fill="currentColor"
                />
              </svg>
            </span>
            <div
              className="c28 c36"
            >
              <svg
                aria-hidden="true"
                className="c9 c30 c31"
                fill="currentColor"
                focusable="false"
                viewBox="0 0 512 512"
                xmlns="http://www.w3.org/2000/svg"
              >
                <path
                  d="M173.898 439.404l-166.4-166.4c-9.997-9.997-9.997-26.206 0-36.204l36.203-36.204c9.997-9.998 26.207-9.998 36.204 0L192 312.69 432.095 72.596c9.997-9.997 26.207-9.997 36.204 0l36.203 36.204c9.997 9.997 9.997 26.206 0 36.204l-294.4 294.401c-9.998 9.997-26.207 9.997-36.204-.001z"
                  fill="currentColor"
                />
              </svg>
              <span
                className="c32 c33"
                size="small"
                style={
                  Object {
                    "focusBorder": "#4e6f01",
                    "focused": "#92d101",
                    "label": "green",
                    "passive": "#def99f",
                  }
                }
              />
              <span
                className="c37"
                size="small"
                style={
                  Object {
                    "focusBorder": "#4e6f01",
                    "focused": "#92d101",
                    "label": "green",
                    "passive": "#def99f",
                  }
                }
              />
            </div>
            <span
              className="c35"
            >
              Connections & Relationships
            </span>
          </label>
          <label
            className="c18 c25"
          >
            <input
              checked={true}
              disabled={false}
              onChange={[Function]}
              type="checkbox"
            />
            <span
              className="c20 c21"
            >
              <svg
                aria-hidden="true"
                className="c9 c22 c23"
                fill="currentColor"
                focusable="false"
                viewBox="0 0 512 512"
                xmlns="http://www.w3.org/2000/svg"
              >
                <path
                  d="M173.898 439.404l-166.4-166.4c-9.997-9.997-9.997-26.206 0-36.204l36.203-36.204c9.997-9.998 26.207-9.998 36.204 0L192 312.69 432.095 72.596c9.997-9.997 26.207-9.997 36.204 0l36.203 36.204c9.997 9.997 9.997 26.206 0 36.204l-294.4 294.401c-9.998 9.997-26.207 9.997-36.204-.001z"
                  fill="currentColor"
                />
              </svg>
            </span>
            <div
              className="c28 c38"
            >
              <svg
                aria-hidden="true"
                className="c9 c30 c31"
                fill="currentColor"
                focusable="false"
                viewBox="0 0 512 512"
                xmlns="http://www.w3.org/2000/svg"
              >
                <path
                  d="M173.898 439.404l-166.4-166.4c-9.997-9.997-9.997-26.206 0-36.204l36.203-36.204c9.997-9.998 26.207-9.998 36.204 0L192 312.69 432.095 72.596c9.997-9.997 26.207-9.997 36.204 0l36.203 36.204c9.997 9.997 9.997 26.206 0 36.204l-294.4 294.401c-9.998 9.997-26.207 9.997-36.204-.001z"
                  fill="currentColor"
                />
              </svg>
              <span
                className="c32 c33"
                size="small"
                style={
                  Object {
                    "focusBorder": "#006880",
                    "focused": "#00c3ed",
                    "label": "blue",
                    "passive": "#c8f5ff",
                  }
                }
              />
              <span
                className="c39"
                size="small"
                style={
                  Object {
                    "focusBorder": "#006880",
                    "focused": "#00c3ed",
                    "label": "blue",
                    "passive": "#c8f5ff",
                  }
                }
              />
            </div>
            <span
              className="c35"
            >
              Important Concepts
            </span>
          </label>
          <label
            className="c18 c25"
          >
            <input
              checked={true}
              disabled={false}
              onChange={[Function]}
              type="checkbox"
            />
            <span
              className="c20 c21"
            >
              <svg
                aria-hidden="true"
                className="c9 c22 c23"
                fill="currentColor"
                focusable="false"
                viewBox="0 0 512 512"
                xmlns="http://www.w3.org/2000/svg"
              >
                <path
                  d="M173.898 439.404l-166.4-166.4c-9.997-9.997-9.997-26.206 0-36.204l36.203-36.204c9.997-9.998 26.207-9.998 36.204 0L192 312.69 432.095 72.596c9.997-9.997 26.207-9.997 36.204 0l36.203 36.204c9.997 9.997 9.997 26.206 0 36.204l-294.4 294.401c-9.998 9.997-26.207 9.997-36.204-.001z"
                  fill="currentColor"
                />
              </svg>
            </span>
            <div
              className="c28 c40"
            >
              <svg
                aria-hidden="true"
                className="c9 c30 c31"
                fill="currentColor"
                focusable="false"
                viewBox="0 0 512 512"
                xmlns="http://www.w3.org/2000/svg"
              >
                <path
                  d="M173.898 439.404l-166.4-166.4c-9.997-9.997-9.997-26.206 0-36.204l36.203-36.204c9.997-9.998 26.207-9.998 36.204 0L192 312.69 432.095 72.596c9.997-9.997 26.207-9.997 36.204 0l36.203 36.204c9.997 9.997 9.997 26.206 0 36.204l-294.4 294.401c-9.998 9.997-26.207 9.997-36.204-.001z"
                  fill="currentColor"
                />
              </svg>
              <span
                className="c32 c33"
                size="small"
                style={
                  Object {
                    "focusBorder": "#141a3e",
                    "focused": "#545ec8",
                    "label": "purple",
                    "passive": "#cbcfff",
                  }
                }
              />
              <span
                className="c41"
                size="small"
                style={
                  Object {
                    "focusBorder": "#141a3e",
                    "focused": "#545ec8",
                    "label": "purple",
                    "passive": "#cbcfff",
                  }
                }
              />
            </div>
            <span
              className="c35"
            >
              Enrichment
            </span>
          </label>
        </fieldset>
      </div>
    </div>
    <div
      className="c42"
    >
      <button
        aria-label="print"
        className="c43 c44"
        data-analytics-label="print"
        data-testid="print"
        disabled={true}
        onClick={[Function]}
      >
        <svg
          aria-hidden="true"
          className="c9 c45"
          fill="currentColor"
          focusable="false"
          viewBox="0 0 512 512"
          xmlns="http://www.w3.org/2000/svg"
        >
          <path
            d="M448 192V77.25c0-8.49-3.37-16.62-9.37-22.63L393.37 9.37c-6-6-14.14-9.37-22.63-9.37H96C78.33 0 64 14.33 64 32v160c-35.35 0-64 28.65-64 64v112c0 8.84 7.16 16 16 16h48v96c0 17.67 14.33 32 32 32h320c17.67 0 32-14.33 32-32v-96h48c8.84 0 16-7.16 16-16V256c0-35.35-28.65-64-64-64zm-64 256H128v-96h256v96zm0-224H128V64h192v48c0 8.84 7.16 16 16 16h48v96zm48 72c-13.25 0-24-10.75-24-24 0-13.26 10.75-24 24-24s24 10.74 24 24c0 13.25-10.75 24-24 24z"
            fill="currentColor"
          />
        </svg>
        <span
          className="c46 c47"
        >
          Print
        </span>
      </button>
      <button
        aria-controls="using-this-guide-text"
        aria-expanded={true}
        aria-label="Using This Guide"
        className="c48"
        data-analytics-disable-track={true}
        onClick={[Function]}
        type="button"
      >
        <svg
          aria-hidden="true"
          className="c9 c49"
          fill="currentColor"
          focusable="false"
          viewBox="0 0 512 512"
          xmlns="http://www.w3.org/2000/svg"
        >
          <path
            d="M256 8C119.043 8 8 119.083 8 256c0 136.997 111.043 248 248 248s248-111.003 248-248C504 119.083 392.957 8 256 8zm0 448c-110.532 0-200-89.431-200-200 0-110.495 89.472-200 200-200 110.491 0 200 89.471 200 200 0 110.53-89.431 200-200 200zm107.244-255.2c0 67.052-72.421 68.084-72.421 92.863V300c0 6.627-5.373 12-12 12h-45.647c-6.627 0-12-5.373-12-12v-8.659c0-35.745 27.1-50.034 47.579-61.516 17.561-9.845 28.324-16.541 28.324-29.579 0-17.246-21.999-28.693-39.784-28.693-23.189 0-33.894 10.977-48.942 29.969-4.057 5.12-11.46 6.071-16.666 2.124l-27.824-21.098c-5.107-3.872-6.251-11.066-2.644-16.363C184.846 131.491 214.94 112 261.794 112c49.071 0 101.45 38.304 101.45 88.8zM298 368c0 23.159-18.841 42-42 42s-42-18.841-42-42 18.841-42 42-42 42 18.841 42 42z"
            fill="currentColor"
          />
        </svg>
        <span
          className="c50"
          id="using-this-guide-text"
        >
          Using This Guide
        </span>
      </button>
    </div>
  </div>
  <div
    className="c51"
  >
    <div
      className="c52"
    >
      <h2
        className="c53"
      >
        Using This Guide
      </h2>
    </div>
    <div
      className="c54"
    >
      <picture>
        <source
          media="(max-width: 50em)"
          srcSet="banner_mobile.png"
        />
        <img
          alt="The image presents the structure of study guides. The first element of each block summarizes, clarifies, or enriches key content. The second element is taken directly from the book. On the left side, there is a color label depending on the content."
          className="c55"
          src="banner.png"
          tabIndex={0}
        />
      </picture>
    </div>
    <button
      aria-label="Closes the image describing the structure of study guides."
      className="c56"
      data-analytics-disable-track={true}
      data-testid="close-utg"
      onClick={[Function]}
    >
      <svg
        aria-hidden="true"
        className="c9 c57"
        fill="currentColor"
        focusable="false"
        viewBox="0 0 352 512"
        xmlns="http://www.w3.org/2000/svg"
      >
        <path
          d="M242.72 256l100.07-100.07c12.28-12.28 12.28-32.19 0-44.48l-22.24-22.24c-12.28-12.28-32.19-12.28-44.48 0L176 189.28 75.93 89.21c-12.28-12.28-32.19-12.28-44.48 0L9.21 111.45c-12.28 12.28-12.28 32.19 0 44.48L109.28 256 9.21 356.07c-12.28 12.28-12.28 32.19 0 44.48l22.24 22.24c12.28 12.28 32.2 12.28 44.48 0L176 322.72l100.07 100.07c12.28 12.28 32.2 12.28 44.48 0l22.24-22.24c12.28-12.28 12.28-32.19 0-44.48L242.72 256z"
          fill="currentColor"
        />
      </svg>
    </button>
  </div>
  <ul
    aria-atomic="true"
    aria-live="polite"
    className="c58 c59"
  >
    <li
      className="c60"
    >
      <button
        aria-label="Remove breadcrumb for chapter 2 Test Chapter 2"
        className="c61"
        data-analytics-label="Remove breadcrumb for chapter 2 Test Chapter 2"
        onClick={[Function]}
      >
        <svg
          height="15px"
          version="1.1"
          viewBox="0 0 15 15"
          width="15px"
        >
          <g
            fill="none"
            fillRule="evenodd"
            stroke="none"
            strokeWidth="1"
          >
            <g
              fill="currentColor"
              transform="translate(-302.000000, -18.000000)"
            >
              <g
                transform="translate(302.000000, 18.000000)"
              >
                <path
                  d="M7.5,5.41522791 L12.0331524,0.579865364 C12.3077536,0.286957429 12.7165503,0.24816296 12.946282,0.493210121 L13.9861449,1.60239723 C14.2158766,1.84744439 14.1795068,2.28349422 13.9049056,2.57640216 L9.37175324,7.41176471 L13.9049056,12.2471273 C14.1795068,12.5400352 14.2158766,12.976085 13.9861449,13.2211322 L12.946282,14.3303193 C12.7165503,14.5753665 12.3077536,14.536572 12.0331524,14.243664 L7.5,9.4083015 L2.96684761,14.243664 C2.69224642,14.536572 2.2834497,14.5753665 2.05371799,14.3303193 L1.01385508,13.2211322 C0.784123363,12.976085 0.820493178,12.5400352 1.09509437,12.2471273 L5.62824676,7.41176471 L1.09509437,2.57640216 C0.820493178,2.28349422 0.784123363,1.84744439 1.01385508,1.60239723 L2.05371799,0.493210121 C2.2834497,0.24816296 2.69224642,0.286957429 2.96684761,0.579865364 L7.5,5.41522791 Z"
                />
              </g>
            </g>
          </g>
        </svg>
      </button>
      <span
        className="c62"
        dangerouslySetInnerHTML={
          Object {
            "__html": "<span class=\\"os-number\\">2</span><span class=\\"os-divider\\"> </span><span class=\\"os-text\\">Test Chapter 2</span>",
          }
        }
      />
    </li>
    <li
      className="c60"
    >
      <button
        aria-label="Remove breadcrumb for label Important Concepts"
        className="c61"
        data-analytics-label="Remove breadcrumb for label Important Concepts"
        onClick={[Function]}
      >
        <svg
          height="15px"
          version="1.1"
          viewBox="0 0 15 15"
          width="15px"
        >
          <g
            fill="none"
            fillRule="evenodd"
            stroke="none"
            strokeWidth="1"
          >
            <g
              fill="currentColor"
              transform="translate(-302.000000, -18.000000)"
            >
              <g
                transform="translate(302.000000, 18.000000)"
              >
                <path
                  d="M7.5,5.41522791 L12.0331524,0.579865364 C12.3077536,0.286957429 12.7165503,0.24816296 12.946282,0.493210121 L13.9861449,1.60239723 C14.2158766,1.84744439 14.1795068,2.28349422 13.9049056,2.57640216 L9.37175324,7.41176471 L13.9049056,12.2471273 C14.1795068,12.5400352 14.2158766,12.976085 13.9861449,13.2211322 L12.946282,14.3303193 C12.7165503,14.5753665 12.3077536,14.536572 12.0331524,14.243664 L7.5,9.4083015 L2.96684761,14.243664 C2.69224642,14.536572 2.2834497,14.5753665 2.05371799,14.3303193 L1.01385508,13.2211322 C0.784123363,12.976085 0.820493178,12.5400352 1.09509437,12.2471273 L5.62824676,7.41176471 L1.09509437,2.57640216 C0.820493178,2.28349422 0.784123363,1.84744439 1.01385508,1.60239723 L2.05371799,0.493210121 C2.2834497,0.24816296 2.69224642,0.286957429 2.96684761,0.579865364 L7.5,5.41522791 Z"
                />
              </g>
            </g>
          </g>
        </svg>
      </button>
      <span
        className="c62"
      >
        Important Concepts
      </span>
    </li>
    <li
      className="c60"
    >
      <button
        aria-label="Remove breadcrumb for label Connections & Relationships"
        className="c61"
        data-analytics-label="Remove breadcrumb for label Connections & Relationships"
        onClick={[Function]}
      >
        <svg
          height="15px"
          version="1.1"
          viewBox="0 0 15 15"
          width="15px"
        >
          <g
            fill="none"
            fillRule="evenodd"
            stroke="none"
            strokeWidth="1"
          >
            <g
              fill="currentColor"
              transform="translate(-302.000000, -18.000000)"
            >
              <g
                transform="translate(302.000000, 18.000000)"
              >
                <path
                  d="M7.5,5.41522791 L12.0331524,0.579865364 C12.3077536,0.286957429 12.7165503,0.24816296 12.946282,0.493210121 L13.9861449,1.60239723 C14.2158766,1.84744439 14.1795068,2.28349422 13.9049056,2.57640216 L9.37175324,7.41176471 L13.9049056,12.2471273 C14.1795068,12.5400352 14.2158766,12.976085 13.9861449,13.2211322 L12.946282,14.3303193 C12.7165503,14.5753665 12.3077536,14.536572 12.0331524,14.243664 L7.5,9.4083015 L2.96684761,14.243664 C2.69224642,14.536572 2.2834497,14.5753665 2.05371799,14.3303193 L1.01385508,13.2211322 C0.784123363,12.976085 0.820493178,12.5400352 1.09509437,12.2471273 L5.62824676,7.41176471 L1.09509437,2.57640216 C0.820493178,2.28349422 0.784123363,1.84744439 1.01385508,1.60239723 L2.05371799,0.493210121 C2.2834497,0.24816296 2.69224642,0.286957429 2.96684761,0.579865364 L7.5,5.41522791 Z"
                />
              </g>
            </g>
          </g>
        </svg>
      </button>
      <span
        className="c62"
      >
        Connections & Relationships
      </span>
    </li>
    <li
      className="c60"
    >
      <button
        aria-label="Remove breadcrumb for label Enrichment"
        className="c61"
        data-analytics-label="Remove breadcrumb for label Enrichment"
        onClick={[Function]}
      >
        <svg
          height="15px"
          version="1.1"
          viewBox="0 0 15 15"
          width="15px"
        >
          <g
            fill="none"
            fillRule="evenodd"
            stroke="none"
            strokeWidth="1"
          >
            <g
              fill="currentColor"
              transform="translate(-302.000000, -18.000000)"
            >
              <g
                transform="translate(302.000000, 18.000000)"
              >
                <path
                  d="M7.5,5.41522791 L12.0331524,0.579865364 C12.3077536,0.286957429 12.7165503,0.24816296 12.946282,0.493210121 L13.9861449,1.60239723 C14.2158766,1.84744439 14.1795068,2.28349422 13.9049056,2.57640216 L9.37175324,7.41176471 L13.9049056,12.2471273 C14.1795068,12.5400352 14.2158766,12.976085 13.9861449,13.2211322 L12.946282,14.3303193 C12.7165503,14.5753665 12.3077536,14.536572 12.0331524,14.243664 L7.5,9.4083015 L2.96684761,14.243664 C2.69224642,14.536572 2.2834497,14.5753665 2.05371799,14.3303193 L1.01385508,13.2211322 C0.784123363,12.976085 0.820493178,12.5400352 1.09509437,12.2471273 L5.62824676,7.41176471 L1.09509437,2.57640216 C0.820493178,2.28349422 0.784123363,1.84744439 1.01385508,1.60239723 L2.05371799,0.493210121 C2.2834497,0.24816296 2.69224642,0.286957429 2.96684761,0.579865364 L7.5,5.41522791 Z"
                />
              </g>
            </g>
          </g>
        </svg>
      </button>
      <span
        className="c62"
      >
        Enrichment
      </span>
    </li>
    <li
      className="c60"
    >
      <button
        aria-label="Remove breadcrumb for label Key Terms"
        className="c61"
        data-analytics-label="Remove breadcrumb for label Key Terms"
        onClick={[Function]}
      >
        <svg
          height="15px"
          version="1.1"
          viewBox="0 0 15 15"
          width="15px"
        >
          <g
            fill="none"
            fillRule="evenodd"
            stroke="none"
            strokeWidth="1"
          >
            <g
              fill="currentColor"
              transform="translate(-302.000000, -18.000000)"
            >
              <g
                transform="translate(302.000000, 18.000000)"
              >
                <path
                  d="M7.5,5.41522791 L12.0331524,0.579865364 C12.3077536,0.286957429 12.7165503,0.24816296 12.946282,0.493210121 L13.9861449,1.60239723 C14.2158766,1.84744439 14.1795068,2.28349422 13.9049056,2.57640216 L9.37175324,7.41176471 L13.9049056,12.2471273 C14.1795068,12.5400352 14.2158766,12.976085 13.9861449,13.2211322 L12.946282,14.3303193 C12.7165503,14.5753665 12.3077536,14.536572 12.0331524,14.243664 L7.5,9.4083015 L2.96684761,14.243664 C2.69224642,14.536572 2.2834497,14.5753665 2.05371799,14.3303193 L1.01385508,13.2211322 C0.784123363,12.976085 0.820493178,12.5400352 1.09509437,12.2471273 L5.62824676,7.41176471 L1.09509437,2.57640216 C0.820493178,2.28349422 0.784123363,1.84744439 1.01385508,1.60239723 L2.05371799,0.493210121 C2.2834497,0.24816296 2.69224642,0.286957429 2.96684761,0.579865364 L7.5,5.41522791 Z"
                />
              </g>
            </g>
          </g>
        </svg>
      </button>
      <span
        className="c62"
      >
        Key Terms
      </span>
    </li>
  </ul>
</div>
`;
