// Jest Snapshot v1, https://goo.gl/fbAQLP

exports[`StudyGuides properly display summary highlights 1`] = `
<div
  className="study-guides-wrapper"
  style={
    Object {
      "--section-bg": "#e5e5e5",
    }
  }
>
  <div
    className="highlights-wrapper"
  >
    <div
      className="highlights-chapter-wrapper"
      style={
        Object {
          "--mobile-padding-sides": "1.6rem",
          "--popup-padding": "3.2rem",
        }
      }
    >
      <h2
        className="highlights-chapter"
        dangerouslySetInnerHTML={
          Object {
            "__html": "<span class=\\"os-number\\">10</span><span class=\\"os-divider\\"> </span><span class=\\"os-text\\">Test Chapter 5</span>",
          }
        }
        data-testid="chapter-title"
        style={
          Object {
            "--text-color": "#424242",
          }
        }
      />
    </div>
    <div
      className="highlight-wrapper"
      style={
        Object {
          "--desktop-horizontal-margin": "3.2rem",
          "--desktop-vertical-margin": "1.6rem",
          "--mobile-margin-sides": "0.8rem",
          "--neutral-darkest": "#e5e5e5",
        }
      }
    >
      <h3
        className="highlight-section"
        dangerouslySetInnerHTML={
          Object {
            "__html": "<span class=\\"os-text\\">Test Page 6 with special characters in url</span>",
          }
        }
        data-testid="section-title"
        style={
          Object {
            "--neutral-darkest": "#e5e5e5",
            "--popup-body-padding": "2.4rem",
            "--popup-padding": "3.2rem",
            "--text-color": "#424242",
          }
        }
      />
      <div
        className="study-guides-list-element-outer"
        style={
          Object {
            "--bg-color": "#fff",
            "--border-color": "#fafafa",
            "--popup-padding": "3.2rem",
          }
        }
      >
        <div
          className="study-guides-list-element-annotation"
          style={
            Object {
              "--text-color-black": "#000",
              "--text-color-default": "#424242",
            }
          }
        >
          hl1
        </div>
        <div
          className="study-guides-list-element-content has-color-border"
          style={
            Object {
              "--highlight-border-color": "#c8f5ff",
            }
          }
        >
          <div
            className="study-guides-list-element-hidden-label"
          >
            Important Concepts
          </div>
          <div
            className="content-excerpt"
            dangerouslySetInnerHTML={
              Object {
                "__html": "<a href=\\"/books/book-slug-1/pages/link\\" target=\\"_blank\\">Link</a>",
              }
            }
            data-dynamic-style={false}
            data-highlight-id="hl1"
            style={
              Object {
                "--link-color": "#027EB5",
                "--link-hover": "#0064A0",
                "--text-color": "#424242",
              }
            }
          />
        </div>
      </div>
      <div
        className="study-guides-list-element-outer"
        style={
          Object {
            "--bg-color": "#fff",
            "--border-color": "#fafafa",
            "--popup-padding": "3.2rem",
          }
        }
      >
        <div
          className="study-guides-list-element-annotation"
          style={
            Object {
              "--text-color-black": "#000",
              "--text-color-default": "#424242",
            }
          }
        >
          hl
        </div>
        <div
          className="study-guides-list-element-content has-color-border"
          style={
            Object {
              "--highlight-border-color": "#def99f",
            }
          }
        >
          <div
            className="study-guides-list-element-hidden-label"
          >
            Connections & Relationships
          </div>
          <div
            className="content-excerpt"
            dangerouslySetInnerHTML={
              Object {
                "__html": "content",
              }
            }
            data-dynamic-style={false}
            data-highlight-id="hl2"
            style={
              Object {
                "--link-color": "#027EB5",
                "--link-hover": "#0064A0",
                "--text-color": "#424242",
              }
            }
          />
        </div>
      </div>
      <div
        className="study-guides-list-element-outer"
        style={
          Object {
            "--bg-color": "#fff",
            "--border-color": "#fafafa",
            "--popup-padding": "3.2rem",
          }
        }
      >
        <div
          className="study-guides-list-element-annotation"
          style={
            Object {
              "--text-color-black": "#000",
              "--text-color-default": "#424242",
            }
          }
        >
          hl
        </div>
        <div
          className="study-guides-list-element-content has-color-border"
          style={
            Object {
              "--highlight-border-color": "#ffc5e1",
            }
          }
        >
          <div
            className="study-guides-list-element-hidden-label"
          >
            Key Terms
          </div>
          <div
            className="content-excerpt"
            dangerouslySetInnerHTML={
              Object {
                "__html": "content",
              }
            }
            data-dynamic-style={false}
            data-highlight-id="hl3"
            style={
              Object {
                "--link-color": "#027EB5",
                "--link-hover": "#0064A0",
                "--text-color": "#424242",
              }
            }
          />
        </div>
      </div>
      <div
        className="study-guides-list-element-outer"
        style={
          Object {
            "--bg-color": "#fff",
            "--border-color": "#fafafa",
            "--popup-padding": "3.2rem",
          }
        }
      >
        <div
          className="study-guides-list-element-annotation"
          style={
            Object {
              "--text-color-black": "#000",
              "--text-color-default": "#424242",
            }
          }
        >
          hl
        </div>
        <div
          className="study-guides-list-element-content has-color-border"
          style={
            Object {
              "--highlight-border-color": "#cbcfff",
            }
          }
        >
          <div
            className="study-guides-list-element-hidden-label"
          >
            Enrichment
          </div>
          <div
            className="content-excerpt"
            dangerouslySetInnerHTML={
              Object {
                "__html": "content",
              }
            }
            data-dynamic-style={false}
            data-highlight-id="hl4"
            style={
              Object {
                "--link-color": "#027EB5",
                "--link-hover": "#0064A0",
                "--text-color": "#424242",
              }
            }
          />
        </div>
      </div>
      <div
        className="study-guides-list-element-outer"
        style={
          Object {
            "--bg-color": "#fff",
            "--border-color": "#fafafa",
            "--popup-padding": "3.2rem",
          }
        }
      >
        <div
          className="study-guides-list-element-annotation"
          style={
            Object {
              "--text-color-black": "#000",
              "--text-color-default": "#424242",
            }
          }
        />
        <div
          className="study-guides-list-element-content"
        >
          <div
            className="study-guides-list-element-hidden-label"
          >
            Key Terms
          </div>
          <div
            className="content-excerpt"
            dangerouslySetInnerHTML={
              Object {
                "__html": "content",
              }
            }
            data-dynamic-style={false}
            data-highlight-id="hl5"
            style={
              Object {
                "--link-color": "#027EB5",
                "--link-hover": "#0064A0",
                "--text-color": "#424242",
              }
            }
          />
        </div>
      </div>
    </div>
    <div
      className="highlights-chapter-wrapper"
      style={
        Object {
          "--mobile-padding-sides": "1.6rem",
          "--popup-padding": "3.2rem",
        }
      }
    >
      <h2
        className="highlights-chapter"
        dangerouslySetInnerHTML={
          Object {
            "__html": "<span class=\\"os-number\\">12</span><span class=\\"os-divider\\"> </span><span class=\\"os-text\\">Test Chapter 6</span>",
          }
        }
        data-testid="chapter-title"
        style={
          Object {
            "--text-color": "#424242",
          }
        }
      />
    </div>
    <div
      className="highlight-wrapper"
      style={
        Object {
          "--desktop-horizontal-margin": "3.2rem",
          "--desktop-vertical-margin": "1.6rem",
          "--mobile-margin-sides": "0.8rem",
          "--neutral-darkest": "#e5e5e5",
        }
      }
    >
      <h3
        className="highlight-section"
        dangerouslySetInnerHTML={
          Object {
            "__html": "<span class=\\"os-text\\">Test Page 7</span>",
          }
        }
        data-testid="section-title"
        style={
          Object {
            "--neutral-darkest": "#e5e5e5",
            "--popup-body-padding": "2.4rem",
            "--popup-padding": "3.2rem",
            "--text-color": "#424242",
          }
        }
      />
      <div
        className="study-guides-list-element-outer"
        style={
          Object {
            "--bg-color": "#fff",
            "--border-color": "#fafafa",
            "--popup-padding": "3.2rem",
          }
        }
      >
        <div
          className="study-guides-list-element-annotation"
          style={
            Object {
              "--text-color-black": "#000",
              "--text-color-default": "#424242",
            }
          }
        >
          hl1
        </div>
        <div
          className="study-guides-list-element-content has-color-border"
          style={
            Object {
              "--highlight-border-color": "#c8f5ff",
            }
          }
        >
          <div
            className="study-guides-list-element-hidden-label"
          >
            Important Concepts
          </div>
          <div
            className="content-excerpt"
            dangerouslySetInnerHTML={
              Object {
                "__html": "content",
              }
            }
            data-dynamic-style={false}
            data-highlight-id="hl1"
            style={
              Object {
                "--link-color": "#027EB5",
                "--link-hover": "#0064A0",
                "--text-color": "#424242",
              }
            }
          />
        </div>
      </div>
      <div
        className="study-guides-list-element-outer"
        style={
          Object {
            "--bg-color": "#fff",
            "--border-color": "#fafafa",
            "--popup-padding": "3.2rem",
          }
        }
      >
        <div
          className="study-guides-list-element-annotation"
          style={
            Object {
              "--text-color-black": "#000",
              "--text-color-default": "#424242",
            }
          }
        >
          hl
        </div>
        <div
          className="study-guides-list-element-content has-color-border"
          style={
            Object {
              "--highlight-border-color": "#def99f",
            }
          }
        >
          <div
            className="study-guides-list-element-hidden-label"
          >
            Connections & Relationships
          </div>
          <div
            className="content-excerpt"
            dangerouslySetInnerHTML={
              Object {
                "__html": "content",
              }
            }
            data-dynamic-style={false}
            data-highlight-id="hl2"
            style={
              Object {
                "--link-color": "#027EB5",
                "--link-hover": "#0064A0",
                "--text-color": "#424242",
              }
            }
          />
        </div>
      </div>
    </div>
  </div>
</div>
`;
