// Jest Snapshot v1, https://goo.gl/fbAQLP

exports[`StudyGuides properly display summary highlights 1`] = `
.c1 {
  display: -webkit-box;
  display: -webkit-flex;
  display: -ms-flexbox;
  display: flex;
  -webkit-align-items: center;
  -webkit-box-align: center;
  -ms-flex-align: center;
  align-items: center;
  min-height: 5.6rem;
  padding: 0 3.2rem;
}

.c2 {
  color: #424242;
  font-size: 1.8rem;
  line-height: 2.5rem;
  -webkit-letter-spacing: -0.02rem;
  -moz-letter-spacing: -0.02rem;
  -ms-letter-spacing: -0.02rem;
  letter-spacing: -0.02rem;
  padding: 1rem 0 1rem 0;
  margin: 0;
  font-weight: bold;
  display: -webkit-box;
  display: -webkit-flex;
  display: -ms-flexbox;
  display: flex;
  -webkit-align-items: baseline;
  -webkit-box-align: baseline;
  -ms-flex-align: baseline;
  align-items: baseline;
  width: 100%;
}

.c2 .os-number {
  overflow: visible;
}

.c2 > .os-text {
  white-space: break-spaces;
}

.c3 {
  margin: 1.6rem 3.2rem;
  border: solid 0.1rem #e5e5e5;
  overflow: visible;
}

.c4 {
  color: #424242;
  font-size: 1.4rem;
  line-height: 1.6rem;
  font-weight: normal;
  padding: 0 2.4rem 0 3.2rem;
  background: #e5e5e5;
  height: 3.2rem;
  display: -webkit-box;
  display: -webkit-flex;
  display: -ms-flexbox;
  display: flex;
  -webkit-align-items: center;
  -webkit-box-align: center;
  -ms-flex-align: center;
  align-items: center;
  font-weight: bold;
}

.c4 > .os-number,
.c4 > .os-divider,
.c4 > .os-text {
  overflow: hidden;
}

.c4 > .os-number,
.c4 > .os-divider {
  -webkit-flex-shrink: 0;
  -ms-flex-negative: 0;
  flex-shrink: 0;
}

.c4 > .os-text {
  white-space: nowrap;
  text-overflow: ellipsis;
}

.c0 {
  overflow: visible;
}

.c0 .os-divider {
  width: 0.8rem;
}

.c5 {
  color: #424242;
  font-size: 1.6rem;
  line-height: 2.5rem;
  overflow: auto;
  padding: 0.8rem 0;
}

.c5 a {
  color: #027EB5;
  cursor: pointer;
  -webkit-text-decoration: underline;
  text-decoration: underline;
}

.c5 a:hover {
  color: #0064A0;
}

.c5 * {
  overflow: initial;
}

@media screen and (max-width:75em) {
  .c1 {
    padding: 0 1.6rem;
  }
}

@media screen and (max-width:75em) {
  .c2 {
    color: #424242;
    font-size: 1.6rem;
    line-height: 2rem;
    -webkit-letter-spacing: -0.02rem;
    -moz-letter-spacing: -0.02rem;
    -ms-letter-spacing: -0.02rem;
    letter-spacing: -0.02rem;
    padding: 1rem 0 1rem 0;
    margin: 0;
  }
}

@media print {
  .c2 {
    padding: 0;
    background: white;
  }
}

@media screen and (max-width:75em) {
  .c3 {
    margin: 0 0 1.6rem 0;
  }
}

@media print {
  .c3 {
    border-width: 0;
  }
}

@media print {
  .c4 {
    -webkit-break-after: avoid;
    break-after: avoid;
    -webkit-break-inside: avoid;
    break-inside: avoid;
    background: white;
  }
}

<div
  className="study-guides-wrapper"
  style={
    Object {
      "--section-bg": "#e5e5e5",
    }
  }
>
  <div
    className="c0"
  >
    <div
      className="c1"
    >
      <h2
        className="c2"
        dangerouslySetInnerHTML={
          Object {
            "__html": "<span class=\\"os-number\\">10</span><span class=\\"os-divider\\"> </span><span class=\\"os-text\\">Test Chapter 5</span>",
          }
        }
        data-testid="chapter-title"
      />
    </div>
    <div
      className="c3"
    >
      <h3
        className="c4"
        dangerouslySetInnerHTML={
          Object {
            "__html": "<span class=\\"os-text\\">Test Page 6 with special characters in url</span>",
          }
        }
        data-testid="section-title"
      />
      <div
        className="study-guides-list-element-outer"
        style={
          Object {
            "--bg-color": "#fff",
            "--border-color": "#fafafa",
            "--popup-padding": "3.2rem",
          }
        }
      >
        <div
          className="study-guides-list-element-annotation"
          style={
            Object {
              "--text-color-black": "#000",
              "--text-color-default": "#424242",
            }
          }
        >
          hl1
        </div>
        <div
          className="study-guides-list-element-content has-color-border"
          style={
            Object {
              "--highlight-border-color": "#c8f5ff",
            }
          }
        >
          <div
            className="study-guides-list-element-hidden-label"
          >
            Important Concepts
          </div>
          <div
            className="content-excerpt c5"
            dangerouslySetInnerHTML={
              Object {
                "__html": "<a href=\\"/books/book-slug-1/pages/link\\" target=\\"_blank\\">Link</a>",
              }
            }
            data-dynamic-style={false}
            data-highlight-id="hl1"
          />
        </div>
      </div>
      <div
        className="study-guides-list-element-outer"
        style={
          Object {
            "--bg-color": "#fff",
            "--border-color": "#fafafa",
            "--popup-padding": "3.2rem",
          }
        }
      >
        <div
          className="study-guides-list-element-annotation"
          style={
            Object {
              "--text-color-black": "#000",
              "--text-color-default": "#424242",
            }
          }
        >
          hl
        </div>
        <div
          className="study-guides-list-element-content has-color-border"
          style={
            Object {
              "--highlight-border-color": "#def99f",
            }
          }
        >
          <div
            className="study-guides-list-element-hidden-label"
          >
            Connections & Relationships
          </div>
          <div
            className="content-excerpt c5"
            dangerouslySetInnerHTML={
              Object {
                "__html": "content",
              }
            }
            data-dynamic-style={false}
            data-highlight-id="hl2"
          />
        </div>
      </div>
      <div
        className="study-guides-list-element-outer"
        style={
          Object {
            "--bg-color": "#fff",
            "--border-color": "#fafafa",
            "--popup-padding": "3.2rem",
          }
        }
      >
        <div
          className="study-guides-list-element-annotation"
          style={
            Object {
              "--text-color-black": "#000",
              "--text-color-default": "#424242",
            }
          }
        >
          hl
        </div>
        <div
          className="study-guides-list-element-content has-color-border"
          style={
            Object {
              "--highlight-border-color": "#ffc5e1",
            }
          }
        >
          <div
            className="study-guides-list-element-hidden-label"
          >
            Key Terms
          </div>
          <div
            className="content-excerpt c5"
            dangerouslySetInnerHTML={
              Object {
                "__html": "content",
              }
            }
            data-dynamic-style={false}
            data-highlight-id="hl3"
          />
        </div>
      </div>
      <div
        className="study-guides-list-element-outer"
        style={
          Object {
            "--bg-color": "#fff",
            "--border-color": "#fafafa",
            "--popup-padding": "3.2rem",
          }
        }
      >
        <div
          className="study-guides-list-element-annotation"
          style={
            Object {
              "--text-color-black": "#000",
              "--text-color-default": "#424242",
            }
          }
        >
          hl
        </div>
        <div
          className="study-guides-list-element-content has-color-border"
          style={
            Object {
              "--highlight-border-color": "#cbcfff",
            }
          }
        >
          <div
            className="study-guides-list-element-hidden-label"
          >
            Enrichment
          </div>
          <div
            className="content-excerpt c5"
            dangerouslySetInnerHTML={
              Object {
                "__html": "content",
              }
            }
            data-dynamic-style={false}
            data-highlight-id="hl4"
          />
        </div>
      </div>
      <div
        className="study-guides-list-element-outer"
        style={
          Object {
            "--bg-color": "#fff",
            "--border-color": "#fafafa",
            "--popup-padding": "3.2rem",
          }
        }
      >
        <div
          className="study-guides-list-element-annotation"
          style={
            Object {
              "--text-color-black": "#000",
              "--text-color-default": "#424242",
            }
          }
        />
        <div
          className="study-guides-list-element-content"
        >
          <div
            className="study-guides-list-element-hidden-label"
          >
            Key Terms
          </div>
          <div
            className="content-excerpt c5"
            dangerouslySetInnerHTML={
              Object {
                "__html": "content",
              }
            }
            data-dynamic-style={false}
            data-highlight-id="hl5"
          />
        </div>
      </div>
    </div>
    <div
      className="c1"
    >
      <h2
        className="c2"
        dangerouslySetInnerHTML={
          Object {
            "__html": "<span class=\\"os-number\\">12</span><span class=\\"os-divider\\"> </span><span class=\\"os-text\\">Test Chapter 6</span>",
          }
        }
        data-testid="chapter-title"
      />
    </div>
    <div
      className="c3"
    >
      <h3
        className="c4"
        dangerouslySetInnerHTML={
          Object {
            "__html": "<span class=\\"os-text\\">Test Page 7</span>",
          }
        }
        data-testid="section-title"
      />
      <div
        className="study-guides-list-element-outer"
        style={
          Object {
            "--bg-color": "#fff",
            "--border-color": "#fafafa",
            "--popup-padding": "3.2rem",
          }
        }
      >
        <div
          className="study-guides-list-element-annotation"
          style={
            Object {
              "--text-color-black": "#000",
              "--text-color-default": "#424242",
            }
          }
        >
          hl1
        </div>
        <div
          className="study-guides-list-element-content has-color-border"
          style={
            Object {
              "--highlight-border-color": "#c8f5ff",
            }
          }
        >
          <div
            className="study-guides-list-element-hidden-label"
          >
            Important Concepts
          </div>
          <div
            className="content-excerpt c5"
            dangerouslySetInnerHTML={
              Object {
                "__html": "content",
              }
            }
            data-dynamic-style={false}
            data-highlight-id="hl1"
          />
        </div>
      </div>
      <div
        className="study-guides-list-element-outer"
        style={
          Object {
            "--bg-color": "#fff",
            "--border-color": "#fafafa",
            "--popup-padding": "3.2rem",
          }
        }
      >
        <div
          className="study-guides-list-element-annotation"
          style={
            Object {
              "--text-color-black": "#000",
              "--text-color-default": "#424242",
            }
          }
        >
          hl
        </div>
        <div
          className="study-guides-list-element-content has-color-border"
          style={
            Object {
              "--highlight-border-color": "#def99f",
            }
          }
        >
          <div
            className="study-guides-list-element-hidden-label"
          >
            Connections & Relationships
          </div>
          <div
            className="content-excerpt c5"
            dangerouslySetInnerHTML={
              Object {
                "__html": "content",
              }
            }
            data-dynamic-style={false}
            data-highlight-id="hl2"
          />
        </div>
      </div>
    </div>
  </div>
</div>
`;
