// Jest Snapshot v1, https://goo.gl/fbAQLP

exports[`FinalScreen for practice questions renders properly and dispatches action on click 1`] = `
.c1 {
  max-width: 38rem;
  overflow: initial;
}

.c1 .c7 {
  margin: 4rem auto;
}

.c3 {
  color: #424242;
  font-size: 1.6rem;
  line-height: 2.5rem;
}

.c5 {
  display: inline;
}

.c6 {
  font-weight: 700;
}

.c0 {
  display: -webkit-box;
  display: -webkit-flex;
  display: -ms-flexbox;
  display: flex;
  -webkit-flex-direction: column;
  -ms-flex-direction: column;
  flex-direction: column;
  -webkit-align-items: center;
  -webkit-box-align: center;
  -ms-flex-align: center;
  align-items: center;
  width: 100%;
  margin: 2rem auto;
  -webkit-flex: 1;
  -ms-flex: 1;
  flex: 1;
  text-align: center;
  color: #424242;
  font-size: 1.6rem;
  line-height: 2.5rem;
}

.c2 .c4 {
  display: block;
}

<div
  className="c0"
>
  <div
    className="c1 c2"
  >
    <div
      className="c3"
    >
      <span
        className="c4 c5"
      >
        Next section:
      </span>
      <span
        className="c6"
        dangerouslySetInnerHTML={
          Object {
            "__html": "some title",
          }
        }
      />
    </div>
    <button
      className="button button-primary button-large c7 "
      data-analytics-label="Continue (Final Screen)"
      disabled={false}
      onClick={[Function]}
      style={
        Object {
          "--button-default-active": "#e5e5e5",
          "--button-default-border": "#d5d5d5",
          "--button-default-color": "#fff",
          "--button-default-foreground": "#5e6062",
          "--button-default-hover": "#fafafa",
          "--button-disabled-color": "#f1f1f1",
          "--button-disabled-foreground": "#c1c1c1",
          "--button-focus-outline": "#fff",
          "--button-focus-shadow": "#000",
          "--button-primary-active": "#b03808",
          "--button-primary-color": "#d4450c",
          "--button-primary-foreground": "#fff",
          "--button-primary-hover": "#be3c08",
          "--button-secondary-active": "#818181",
          "--button-secondary-color": "#949494",
          "--button-secondary-foreground": "#fff",
          "--button-secondary-hover": "#8b8b8b",
          "--button-transparent-color": "#027EB5",
        }
      }
    >
      Continue
    </button>
  </div>
</div>
`;
