// Jest Snapshot v1, https://goo.gl/fbAQLP

exports[`PracticeQuestions doesn't render practice questions modal if it is closed 1`] = `null`;

exports[`PracticeQuestions renders practice questions modal if it is open 1`] = `
<div
  className="PopupStyles__PopupWrapper-w0z1hl-0 cYcgUJ"
>
  <div
    className="ScrollLock__Overlay-sc-1fi845b-0 gqkuDv"
    data-testid="scroll-lock-overlay"
    onClick={[Function]}
  />
  <div
    className="PopupStyles__Modal-w0z1hl-3 ZJcjg"
    data-testid="practice-questions-popup-wrapper"
    tabIndex="-1"
  >
    <h3
      className="headings__H3-sc-1xfiggv-2 PopupStyles__Header-w0z1hl-1 kFaPzE"
    >
      Practice Questions
      <button
        aria-label="Click to close Practice Questions modal"
        className="Button__PlainButton-ayg7nk-2 PopupStyles__CloseIconWrapper-w0z1hl-4 jafVNy"
        data-testid="close-practice-questions-popup"
        onClick={[Function]}
      >
        <svg
          aria-hidden="true"
          className="PopupStyles__CloseIcon-w0z1hl-5 eWfjhO"
          focusable="true"
          height="15px"
          version="1.1"
          viewBox="0 0 15 15"
          width="15px"
        >
          <g
            fill="none"
            fillRule="evenodd"
            stroke="none"
            strokeWidth="1"
          >
            <g
              fill="currentColor"
              transform="translate(-302.000000, -18.000000)"
            >
              <g
                transform="translate(302.000000, 18.000000)"
              >
                <path
                  d="M7.5,5.41522791 L12.0331524,0.579865364 C12.3077536,0.286957429 12.7165503,0.24816296 12.946282,0.493210121 L13.9861449,1.60239723 C14.2158766,1.84744439 14.1795068,2.28349422 13.9049056,2.57640216 L9.37175324,7.41176471 L13.9049056,12.2471273 C14.1795068,12.5400352 14.2158766,12.976085 13.9861449,13.2211322 L12.946282,14.3303193 C12.7165503,14.5753665 12.3077536,14.536572 12.0331524,14.243664 L7.5,9.4083015 L2.96684761,14.243664 C2.69224642,14.536572 2.2834497,14.5753665 2.05371799,14.3303193 L1.01385508,13.2211322 C0.784123363,12.976085 0.820493178,12.5400352 1.09509437,12.2471273 L5.62824676,7.41176471 L1.09509437,2.57640216 C0.820493178,2.28349422 0.784123363,1.84744439 1.01385508,1.60239723 L2.05371799,0.493210121 C2.2834497,0.24816296 2.69224642,0.286957429 2.96684761,0.579865364 L7.5,5.41522791 Z"
                />
              </g>
            </g>
          </g>
        </svg>
      </button>
    </h3>
    <div
      className="PopupStyles__PopupBody-w0z1hl-2 ShowPracticeQuestions__ShowPracticeQuestionsBody-sc-1hq8omx-0 iOcTbR"
      data-analytics-region="PQ popup"
      data-testid="show-practice-questions-body"
    >
      <div
        className="ShowPracticeQuestions__QuestionsWrapper-sc-1hq8omx-2 halIHL"
      >
        <div
          className="ShowPracticeQuestions__QuestionsHeader-sc-1hq8omx-3 bcZXeX"
        >
          Questions
        </div>
        <div
          className="ProgressBar__ProgressBarWrapper-sc-12ssvtu-0 kleYmF"
        />
        <div
          className="IntroScreen__IntroScreenWrapper-h8gm9y-0 eGmEow"
        >
          <span
            className="IntroScreen__IntroScreenMessage-h8gm9y-1 dwmRhb"
          >
            0 questions in this section
          </span>
          <button
            className="Button-ayg7nk-0 crGJLq"
            data-analytics-label="Start now"
            onClick={[Function]}
          >
            Start now
          </button>
        </div>
      </div>
    </div>
  </div>
</div>
`;
