// Jest Snapshot v1, https://goo.gl/fbAQLP

exports[`PracticeQuestions doesn't render practice questions modal if it is closed 1`] = `null`;

exports[`PracticeQuestions renders practice questions modal if it is open 1`] = `
.c16 {
  display: inline-block;
  vertical-align: -.125em;
  overflow: hidden;
}

.c1 {
  -webkit-animation: 300ms bcCCNc ease-out;
  animation: 300ms bcCCNc ease-out;
  background-color: rgba(0,0,0,0.8);
  z-index: 110;
  position: absolute;
  content: "";
  top: -5rem;
  bottom: 0;
  left: 0;
  right: 0;
}

.c12 {
  cursor: pointer;
  border: none;
  margin: 0;
  padding: 0;
  background: none;
}

.c0 {
  display: -webkit-box;
  display: -webkit-flex;
  display: -ms-flexbox;
  display: flex;
  -webkit-box-pack: center;
  -webkit-justify-content: center;
  -ms-flex-pack: center;
  justify-content: center;
}

.c3 {
  color: #424242;
  font-size: 2.4rem;
  line-height: 3rem;
  -webkit-letter-spacing: -0.02rem;
  -moz-letter-spacing: -0.02rem;
  -ms-letter-spacing: -0.02rem;
  letter-spacing: -0.02rem;
  padding: 1.5rem 0 1rem 0;
  margin: 0;
  color: #fff;
  background: #002468;
  padding: 3.2rem;
  display: -webkit-box;
  display: -webkit-flex;
  display: -ms-flexbox;
  display: flex;
  -webkit-box-pack: justify;
  -webkit-justify-content: space-between;
  -ms-flex-pack: justify;
  justify-content: space-between;
  -webkit-align-items: center;
  -webkit-box-align: center;
  -ms-flex-align: center;
  align-items: center;
  height: 7.2rem;
  overflow: hidden;
  z-index: 5;
}

.c3 h1 {
  font-size: inherit;
  -webkit-letter-spacing: inherit;
  -moz-letter-spacing: inherit;
  -ms-letter-spacing: inherit;
  letter-spacing: inherit;
  -webkit-order: 1;
  -ms-flex-order: 1;
  order: 1;
}

.c2 {
  top: 0;
  z-index: 110;
  position: fixed;
  background: #fff;
  border-radius: 0.5rem;
  height: calc(100% - 9.6rem);
  outline: none;
  overflow: hidden;
  margin: 7.2rem auto 2.4rem;
  max-width: 128rem;
  width: calc(100% - 2.4rem * 2);
}

.c4 {
  cursor: pointer;
  border: none;
  margin: 0;
  padding: 0;
  background: none;
  display: -webkit-box;
  display: -webkit-flex;
  display: -ms-flexbox;
  display: flex;
  -webkit-align-items: center;
  -webkit-box-align: center;
  -ms-flex-align: center;
  align-items: center;
  -webkit-box-pack: center;
  -webkit-justify-content: center;
  -ms-flex-pack: center;
  justify-content: center;
  -webkit-order: 2;
  -ms-flex-order: 2;
  order: 2;
}

.c5 {
  color: #fff;
  cursor: pointer;
}

.c5:hover {
  color: #424242;
}

.c15 {
  cursor: pointer;
}

.c9 > *:not(.c14) {
  -webkit-animation: 100ms bcCCNc ease-out;
  animation: 100ms bcCCNc ease-out;
  position: absolute;
  box-shadow: 0 0.5rem 0.5rem 0 rgba(0,0,0,0.1);
  border: 1px solid #d5d5d5;
  top: calc(100% + 0.4rem);
  left: 0;
}

.c11 {
  overflow: visible;
  position: relative;
}

.c17 {
  color: #5e6062;
  width: 1rem;
  height: 2rem;
  margin-left: 0.8rem;
  padding-top: 0.2rem;
}

.c13 {
  position: relative;
  border-left: 0.1rem solid transparent;
  border-right: 0.1rem solid transparent;
}

.c13 > div {
  padding: 2rem 2.4rem;
  outline: none;
  color: #424242;
  font-size: 1.6rem;
  color: #5e6062;
  display: -webkit-box;
  display: -webkit-flex;
  display: -ms-flexbox;
  display: flex;
  -webkit-flex-direction: row;
  -ms-flex-direction: row;
  flex-direction: row;
  -webkit-align-items: center;
  -webkit-box-align: center;
  -ms-flex-align: center;
  align-items: center;
  -webkit-box-pack: end;
  -webkit-justify-content: flex-end;
  -ms-flex-pack: end;
  justify-content: flex-end;
}

.c8 {
  display: -webkit-box;
  display: -webkit-flex;
  display: -ms-flexbox;
  display: flex;
  -webkit-align-items: center;
  -webkit-box-align: center;
  -ms-flex-align: center;
  align-items: center;
  overflow: visible;
  width: 100%;
}

.c7 {
  position: relative;
  z-index: 2;
  overflow: visible;
  display: -webkit-box;
  display: -webkit-flex;
  display: -ms-flexbox;
  display: flex;
  -webkit-flex-flow: row wrap;
  -ms-flex-flow: row wrap;
  flex-flow: row wrap;
  -webkit-align-items: center;
  -webkit-box-align: center;
  -ms-flex-align: center;
  align-items: center;
  background: #fff;
  border-bottom: 0.1rem solid #d5d5d5;
}

.c7 .c14 {
  font-weight: bold;
}

.c7 .c10 > *:not(.c14) {
  top: calc(100% - 0.1rem);
  box-shadow: 0 0 0.6rem 0 rgba(0,0,0,0.2);
  max-height: calc(100vh - 26rem);
}

.c19 {
  display: -webkit-box;
  display: -webkit-flex;
  display: -ms-flexbox;
  display: flex;
  -webkit-flex-direction: column;
  -ms-flex-direction: column;
  flex-direction: column;
  -webkit-align-items: center;
  -webkit-box-align: center;
  -ms-flex-align: center;
  align-items: center;
  width: 100%;
  margin: 2rem auto;
  -webkit-flex: 1;
  -ms-flex: 1;
  flex: 1;
  text-align: center;
  color: #424242;
  font-size: 1.6rem;
  line-height: 2.5rem;
}

.c20 {
  margin-bottom: 3rem;
  max-width: 38rem;
  overflow: initial;
}

.c6 {
  -webkit-overflow-scrolling: touch;
  height: calc(100% - 7.2rem);
  background: #fff;
  z-index: 4;
  overflow: auto;
  display: -webkit-box;
  display: -webkit-flex;
  display: -ms-flexbox;
  display: flex;
  -webkit-flex-direction: column;
  -ms-flex-direction: column;
  flex-direction: column;
  background: #fafafa;
}

.c18 {
  display: -webkit-box;
  display: -webkit-flex;
  display: -ms-flexbox;
  display: flex;
  -webkit-flex-direction: column;
  -ms-flex-direction: column;
  flex-direction: column;
  -webkit-box-pack: justify;
  -webkit-justify-content: space-between;
  -ms-flex-pack: justify;
  justify-content: space-between;
  -webkit-flex: 1;
  -ms-flex: 1;
  flex: 1;
  padding: 2rem 3.2rem 0 3.2rem;
}

@media print {
  .c1 {
    display: none;
  }
}

@media print {
  .c0 {
    display: block;
  }

  .c0 ~ div {
    display: none;
  }
}

@media screen and (max-width:75em) {
  .c3 {
    font-size: 1.6rem;
    line-height: 2rem;
  }
}

@media print {
  .c3 {
    display: none;
  }
}

@media screen and (max-width:75em) {
  .c3 {
    padding: 1.6rem;
  }
}

@media screen and (max-width:75em) {
  .c2 {
    margin: 2rem 0;
    width: calc(100% - 1.6rem);
    height: calc(100% - 4rem);
  }
}

@media print {
  .c2 {
    position: relative;
    width: 100%;
    margin: 0;
    border-radius: 0;
  }
}

@media print {
  .c5 {
    display: none;
  }
}

@media screen and (max-width:75em) {
  .c13 > div {
    padding: 1rem 1.6rem;
  }
}

@media screen and (max-width:75em) {
  .c7 .c10 > *:not(.c14) {
    max-height: calc(100vh - 18.4rem);
  }
}

@media screen and (max-width:30em) {
  .c7 .c10 {
    position: initial;
  }

  .c7 .c10 > *:not(.c14) {
    top: auto;
    margin-top: -0.1rem;
  }
}

@media print {
  .c7 {
    padding-left: 0;
  }
}

@media print {
  .c7 > *:not(.FiltersList-sc-1sdnk9e-4) {
    display: none;
  }
}

@media screen and (max-width:75em) {
  .c6 {
    text-align: center;
    padding: 8rem 3.2rem;
  }
}

@media print {
  .c6 {
    height: -webkit-max-content;
    height: -moz-max-content;
    height: max-content;
    overflow: auto;
  }
}

@media screen and (max-width:75em) {
  .c6 {
    padding: 0;
  }
}

@media screen and (max-width:75em) {
  .c18 {
    text-align: left;
    padding: 0;
  }
}

<div
  aria-labelledby="modal-title"
  aria-modal="true"
  className="c0"
  role="dialog"
>
  <div
    className="c1"
    data-testid="scroll-lock-overlay"
    onClick={[Function]}
  />
  <div
    className="c2"
    data-testid="practice-questions-popup-wrapper"
    tabIndex="-1"
  >
    <div
      className="c3"
    >
      <button
        aria-label="Click to close Practice Questions modal"
        className="c4"
        data-analytics-label="Click to close Practice Questions modal"
        data-testid="close-practice-questions-popup"
        onClick={[Function]}
      >
        <svg
          aria-hidden="true"
          className="c5"
          focusable="true"
          height="15px"
          version="1.1"
          viewBox="0 0 15 15"
          width="15px"
        >
          <g
            fill="none"
            fillRule="evenodd"
            stroke="none"
            strokeWidth="1"
          >
            <g
              fill="currentColor"
              transform="translate(-302.000000, -18.000000)"
            >
              <g
                transform="translate(302.000000, 18.000000)"
              >
                <path
                  d="M7.5,5.41522791 L12.0331524,0.579865364 C12.3077536,0.286957429 12.7165503,0.24816296 12.946282,0.493210121 L13.9861449,1.60239723 C14.2158766,1.84744439 14.1795068,2.28349422 13.9049056,2.57640216 L9.37175324,7.41176471 L13.9049056,12.2471273 C14.1795068,12.5400352 14.2158766,12.976085 13.9861449,13.2211322 L12.946282,14.3303193 C12.7165503,14.5753665 12.3077536,14.536572 12.0331524,14.243664 L7.5,9.4083015 L2.96684761,14.243664 C2.69224642,14.536572 2.2834497,14.5753665 2.05371799,14.3303193 L1.01385508,13.2211322 C0.784123363,12.976085 0.820493178,12.5400352 1.09509437,12.2471273 L5.62824676,7.41176471 L1.09509437,2.57640216 C0.820493178,2.28349422 0.784123363,1.84744439 1.01385508,1.60239723 L2.05371799,0.493210121 C2.2834497,0.24816296 2.69224642,0.286957429 2.96684761,0.579865364 L7.5,5.41522791 Z"
                />
              </g>
            </g>
          </g>
        </svg>
      </button>
      <h1
        id="modal-title"
      >
        Practice Questions
      </h1>
    </div>
    <div
      className="c6"
      data-analytics-location="section not loaded"
      data-analytics-region="PQ popup"
      data-testid="show-practice-questions-body"
    >
      <div
        className="c7"
      >
        <div
          className="c8"
        >
          <div
            className="c9 c10 c11"
          >
            <button
              aria-controls="practice-filter-chapter"
              aria-expanded={false}
              aria-label="Filter PQ by Chapter & Section"
              className="c12 c13 c14 c15"
              data-analytics-label="Filter PQ by Chapter & Section"
              onClick={[Function]}
            >
              <div
                tabIndex={-1}
              >
                Chapter & Section
                <svg
                  aria-hidden="true"
                  className="c16 c17"
                  direction="down"
                  fill="currentColor"
                  focusable="false"
                  viewBox="0 0 320 512"
                  xmlns="http://www.w3.org/2000/svg"
                >
                  <path
                    d="M143 352.3L7 216.3c-9.4-9.4-9.4-24.6 0-33.9l22.6-22.6c9.4-9.4 24.6-9.4 33.9 0l96.4 96.4 96.4-96.4c9.4-9.4 24.6-9.4 33.9 0l22.6 22.6c9.4 9.4 9.4 24.6 0 33.9l-136 136c-9.2 9.4-24.4 9.4-33.8 0z"
                    fill="currentColor"
                  />
                </svg>
              </div>
            </button>
          </div>
        </div>
      </div>
      <div
        className="c18"
      >
        <div
          className="c19"
        >
          <span
            className="c20"
          >
            You have reached the end of this set!
          </span>
        </div>
      </div>
    </div>
  </div>
</div>
`;
