// Jest Snapshot v1, https://goo.gl/fbAQLP

exports[`ColorFilter matches snapshot 1`] = `
.c2 {
  height: 2rem;
  display: -webkit-box;
  display: -webkit-flex;
  display: -ms-flexbox;
  display: flex;
  -webkit-flex-direction: row;
  -ms-flex-direction: row;
  flex-direction: row;
  -webkit-align-items: center;
  -webkit-box-align: center;
  -ms-flex-align: center;
  align-items: center;
}

.c2,
.c2 .c3 {
  font-size: 1.4rem;
  overflow: visible;
}

.c2 span {
  padding: 0 1rem;
}

.c4 {
  padding: 0;
  border: none;
  margin: 0;
}

.c4 legend {
  position: absolute;
  width: 1px;
  height: 1px;
  padding: 0;
  margin: -1px;
  overflow: hidden;
  -webkit-clip: rect(0,0,0,0);
  clip: rect(0,0,0,0);
  white-space: nowrap;
  border: 0;
}

.c7 {
  -webkit-flex: 1;
  -ms-flex: 1;
  flex: 1;
  overflow: hidden;
  text-overflow: ellipsis;
  white-space: nowrap;
}

.c0 {
  background: #fff;
  display: -webkit-box;
  display: -webkit-flex;
  display: -ms-flexbox;
  display: flex;
  -webkit-flex-direction: column;
  -ms-flex-direction: column;
  flex-direction: column;
  color: #424242;
  font-size: 1.4rem;
  padding: 0.8rem 1.6rem;
  outline: none;
  z-index: 1;
  overflow: auto;
}

.c0 .c1 {
  margin: 0.8rem 0 0.8rem 0.8rem;
}

.c0 .c5 {
  padding: 0.8rem;
  text-transform: capitalize;
}

.c0 .c6 {
  margin: 0 1.6rem 0 1.6rem;
}

@media screen and (max-width:30em) {
  .c0 {
    width: calc(100vw - 1.6rem);
  }
}

<div
  className="c0"
  id="color-filter"
  tabIndex={-1}
>
  <div
    className="c1 c2"
  >
    <button
      className="plain-button button-link button-link-decorated c3 "
      onClick={[Function]}
      style={
        Object {
          "--link-color": "#027EB5",
          "--link-hover": "#0064A0",
        }
      }
    >
      All
    </button>
    <span
      aria-hidden="true"
    >
      |
    </span>
    <button
      className="plain-button button-link button-link-decorated c3 "
      onClick={[Function]}
      style={
        Object {
          "--link-color": "#027EB5",
          "--link-hover": "#0064A0",
        }
      }
    >
      None
    </button>
  </div>
  <fieldset
    className="c4"
  >
    <legend>
      Filter by colors
    </legend>
    <label
      className="checkbox-label c5 "
    >
      <input
        checked={true}
        disabled={false}
        onChange={[Function]}
        type="checkbox"
      />
      <span
        className="checkbox-custom"
      >
        <svg
          aria-hidden="true"
          className="checkbox-icon"
          focusable="false"
          viewBox="0 0 512 512"
        >
          <path
            d="M173.898 439.404l-166.4-166.4c-9.997-9.997-9.997-26.206 0-36.204l36.203-36.204c9.997-9.998 26.207-9.998 36.204 0L192 312.69 432.095 72.596c9.997-9.997 26.207-9.997 36.204 0l36.203 36.204c9.997 9.997 9.997 26.206 0 36.204l-294.4 294.401c-9.998 9.997-26.207 9.997-36.204-.001z"
            fill="currentColor"
          />
        </svg>
      </span>
      <div
        className="color-indicator c6 "
        data-size="small"
        style={
          Object {
            "--focus-border-color": "#8f7700",
            "--focus-outline-color": "var(--focus-outline-color)",
            "--focused-color": "#fed200",
            "--passive-color": "#ffff8a",
          }
        }
      >
        <svg
          aria-hidden="true"
          className="color-indicator-check "
          viewBox="0 0 512 512"
        >
          <path
            d="M173.898 439.404l-166.4-166.4c-9.997-9.997-9.997-26.206 0-36.204l36.203-36.204c9.997-9.998 26.207-9.998 36.204 0L192 312.69 432.095 72.596c9.997-9.997 26.207-9.997 36.204 0l36.203 36.204c9.997 9.997 9.997 26.206 0 36.204l-294.4 294.401c-9.998 9.997-26.207 9.997-36.204-.001z"
            fill="currentColor"
          />
        </svg>
        <span
          className="color-indicator-focus"
        />
        <span
          className="color-indicator-ring"
        />
      </div>
      <span
        className="c7"
      >
        yellow
      </span>
    </label>
    <label
      className="checkbox-label c5 "
    >
      <input
        checked={true}
        disabled={false}
        onChange={[Function]}
        type="checkbox"
      />
      <span
        className="checkbox-custom"
      >
        <svg
          aria-hidden="true"
          className="checkbox-icon"
          focusable="false"
          viewBox="0 0 512 512"
        >
          <path
            d="M173.898 439.404l-166.4-166.4c-9.997-9.997-9.997-26.206 0-36.204l36.203-36.204c9.997-9.998 26.207-9.998 36.204 0L192 312.69 432.095 72.596c9.997-9.997 26.207-9.997 36.204 0l36.203 36.204c9.997 9.997 9.997 26.206 0 36.204l-294.4 294.401c-9.998 9.997-26.207 9.997-36.204-.001z"
            fill="currentColor"
          />
        </svg>
      </span>
      <div
        className="color-indicator c6 "
        data-size="small"
        style={
          Object {
            "--focus-border-color": "#4e6f01",
            "--focus-outline-color": "var(--focus-outline-color)",
            "--focused-color": "#92d101",
            "--passive-color": "#def99f",
          }
        }
      >
        <svg
          aria-hidden="true"
          className="color-indicator-check "
          viewBox="0 0 512 512"
        >
          <path
            d="M173.898 439.404l-166.4-166.4c-9.997-9.997-9.997-26.206 0-36.204l36.203-36.204c9.997-9.998 26.207-9.998 36.204 0L192 312.69 432.095 72.596c9.997-9.997 26.207-9.997 36.204 0l36.203 36.204c9.997 9.997 9.997 26.206 0 36.204l-294.4 294.401c-9.998 9.997-26.207 9.997-36.204-.001z"
            fill="currentColor"
          />
        </svg>
        <span
          className="color-indicator-focus"
        />
        <span
          className="color-indicator-ring"
        />
      </div>
      <span
        className="c7"
      >
        green
      </span>
    </label>
    <label
      className="checkbox-label checkbox-disabled c5 "
    >
      <input
        checked={false}
        disabled={true}
        onChange={[Function]}
        type="checkbox"
      />
      <span
        className="checkbox-custom"
      >
        <svg
          aria-hidden="true"
          className="checkbox-icon"
          focusable="false"
          viewBox="0 0 512 512"
        >
          <path
            d="M173.898 439.404l-166.4-166.4c-9.997-9.997-9.997-26.206 0-36.204l36.203-36.204c9.997-9.998 26.207-9.998 36.204 0L192 312.69 432.095 72.596c9.997-9.997 26.207-9.997 36.204 0l36.203 36.204c9.997 9.997 9.997 26.206 0 36.204l-294.4 294.401c-9.998 9.997-26.207 9.997-36.204-.001z"
            fill="currentColor"
          />
        </svg>
      </span>
      <div
        className="color-indicator c6 "
        data-size="small"
        style={
          Object {
            "--focus-border-color": "#006880",
            "--focus-outline-color": "var(--focus-outline-color)",
            "--focused-color": "#00c3ed",
            "--passive-color": "#c8f5ff",
          }
        }
      >
        <svg
          aria-hidden="true"
          className="color-indicator-check "
          viewBox="0 0 512 512"
        >
          <path
            d="M173.898 439.404l-166.4-166.4c-9.997-9.997-9.997-26.206 0-36.204l36.203-36.204c9.997-9.998 26.207-9.998 36.204 0L192 312.69 432.095 72.596c9.997-9.997 26.207-9.997 36.204 0l36.203 36.204c9.997 9.997 9.997 26.206 0 36.204l-294.4 294.401c-9.998 9.997-26.207 9.997-36.204-.001z"
            fill="currentColor"
          />
        </svg>
        <span
          className="color-indicator-focus"
        />
        <span
          className="color-indicator-ring"
        />
      </div>
      <span
        className="c7"
      >
        blue
      </span>
    </label>
    <label
      className="checkbox-label checkbox-disabled c5 "
    >
      <input
        checked={false}
        disabled={true}
        onChange={[Function]}
        type="checkbox"
      />
      <span
        className="checkbox-custom"
      >
        <svg
          aria-hidden="true"
          className="checkbox-icon"
          focusable="false"
          viewBox="0 0 512 512"
        >
          <path
            d="M173.898 439.404l-166.4-166.4c-9.997-9.997-9.997-26.206 0-36.204l36.203-36.204c9.997-9.998 26.207-9.998 36.204 0L192 312.69 432.095 72.596c9.997-9.997 26.207-9.997 36.204 0l36.203 36.204c9.997 9.997 9.997 26.206 0 36.204l-294.4 294.401c-9.998 9.997-26.207 9.997-36.204-.001z"
            fill="currentColor"
          />
        </svg>
      </span>
      <div
        className="color-indicator c6 "
        data-size="small"
        style={
          Object {
            "--focus-border-color": "#141a3e",
            "--focus-outline-color": "var(--focus-outline-color)",
            "--focused-color": "#545ec8",
            "--passive-color": "#cbcfff",
          }
        }
      >
        <svg
          aria-hidden="true"
          className="color-indicator-check "
          viewBox="0 0 512 512"
        >
          <path
            d="M173.898 439.404l-166.4-166.4c-9.997-9.997-9.997-26.206 0-36.204l36.203-36.204c9.997-9.998 26.207-9.998 36.204 0L192 312.69 432.095 72.596c9.997-9.997 26.207-9.997 36.204 0l36.203 36.204c9.997 9.997 9.997 26.206 0 36.204l-294.4 294.401c-9.998 9.997-26.207 9.997-36.204-.001z"
            fill="currentColor"
          />
        </svg>
        <span
          className="color-indicator-focus"
        />
        <span
          className="color-indicator-ring"
        />
      </div>
      <span
        className="c7"
      >
        purple
      </span>
    </label>
    <label
      className="checkbox-label c5 "
    >
      <input
        checked={true}
        disabled={false}
        onChange={[Function]}
        type="checkbox"
      />
      <span
        className="checkbox-custom"
      >
        <svg
          aria-hidden="true"
          className="checkbox-icon"
          focusable="false"
          viewBox="0 0 512 512"
        >
          <path
            d="M173.898 439.404l-166.4-166.4c-9.997-9.997-9.997-26.206 0-36.204l36.203-36.204c9.997-9.998 26.207-9.998 36.204 0L192 312.69 432.095 72.596c9.997-9.997 26.207-9.997 36.204 0l36.203 36.204c9.997 9.997 9.997 26.206 0 36.204l-294.4 294.401c-9.998 9.997-26.207 9.997-36.204-.001z"
            fill="currentColor"
          />
        </svg>
      </span>
      <div
        className="color-indicator c6 "
        data-size="small"
        style={
          Object {
            "--focus-border-color": "#560131",
            "--focus-outline-color": "var(--focus-outline-color)",
            "--focused-color": "#de017e",
            "--passive-color": "#ffc5e1",
          }
        }
      >
        <svg
          aria-hidden="true"
          className="color-indicator-check "
          viewBox="0 0 512 512"
        >
          <path
            d="M173.898 439.404l-166.4-166.4c-9.997-9.997-9.997-26.206 0-36.204l36.203-36.204c9.997-9.998 26.207-9.998 36.204 0L192 312.69 432.095 72.596c9.997-9.997 26.207-9.997 36.204 0l36.203 36.204c9.997 9.997 9.997 26.206 0 36.204l-294.4 294.401c-9.998 9.997-26.207 9.997-36.204-.001z"
            fill="currentColor"
          />
        </svg>
        <span
          className="color-indicator-focus"
        />
        <span
          className="color-indicator-ring"
        />
      </div>
      <span
        className="c7"
      >
        pink
      </span>
    </label>
  </fieldset>
</div>
`;
