// Jest Snapshot v1, https://goo.gl/fbAQLP

exports[`ColorFilter matches snapshot 1`] = `
.c10 {
  display: inline-block;
  vertical-align: -.125em;
  overflow: hidden;
}

.c4 {
  cursor: pointer;
  border: none;
  margin: 0;
  padding: 0;
  background: none;
  outline: none;
  color: #424242;
  color: #027EB5;
  cursor: pointer;
  -webkit-text-decoration: none;
  text-decoration: none;
}

.c4:hover,
.c4:focus {
  -webkit-text-decoration: underline;
  text-decoration: underline;
  color: #0064A0;
}

.c2 {
  height: 2rem;
  display: -webkit-box;
  display: -webkit-flex;
  display: -ms-flexbox;
  display: flex;
  -webkit-flex-direction: row;
  -ms-flex-direction: row;
  flex-direction: row;
  -webkit-align-items: center;
  -webkit-box-align: center;
  -ms-flex-align: center;
  align-items: center;
}

.c2,
.c2 .c3 {
  font-size: 1.4rem;
  overflow: visible;
}

.c2 span {
  padding: 0 1rem;
}

.c12 {
  color: #fff;
  height: 1rem;
  width: 1rem;
  display: none;
}

.c9 {
  height: 1.6rem;
  width: 1.6rem;
  display: -webkit-box;
  display: -webkit-flex;
  display: -ms-flexbox;
  display: flex;
  -webkit-box-pack: center;
  -webkit-justify-content: center;
  -ms-flex-pack: center;
  justify-content: center;
  -webkit-align-items: center;
  -webkit-box-align: center;
  -ms-flex-align: center;
  align-items: center;
  -webkit-flex-shrink: 0;
  -ms-flex-negative: 0;
  flex-shrink: 0;
}

input:not(:checked) + .c9 {
  border: 1px solid #424242;
}

input:checked + .c9 {
  background-color: #b03808;
}

input:checked + .c9 .c11 {
  display: block;
}

.c7 {
  cursor: pointer;
  display: -webkit-box;
  display: -webkit-flex;
  display: -ms-flexbox;
  display: flex;
  -webkit-flex-direction: row;
  -ms-flex-direction: row;
  flex-direction: row;
  -webkit-align-items: center;
  -webkit-box-align: center;
  -ms-flex-align: center;
  align-items: center;
}

.c7 input {
  position: absolute;
  opacity: 0;
  cursor: pointer;
  height: 0;
  width: 0;
}

.c7:focus-within {
  border-radius: 0.4rem;
  background-color: #f1f1f1;
  outline: 0.2rem auto Highlight;
  outline: 0.2rem auto -webkit-focus-ring-color;
}

.c7:focus-within .c8 {
  border: 1px solid #b03808;
}

.c7.focus-within {
  border-radius: 0.4rem;
  background-color: #f1f1f1;
}

.c7.focus-within .c8 {
  border: 1px solid #b03808;
}

.c23 {
  cursor: pointer;
  display: -webkit-box;
  display: -webkit-flex;
  display: -ms-flexbox;
  display: flex;
  -webkit-flex-direction: row;
  -ms-flex-direction: row;
  flex-direction: row;
  -webkit-align-items: center;
  -webkit-box-align: center;
  -ms-flex-align: center;
  align-items: center;
  color: #424242;
  cursor: not-allowed;
  opacity: 0.4;
}

.c23 input {
  position: absolute;
  opacity: 0;
  cursor: pointer;
  height: 0;
  width: 0;
}

.c23:focus-within {
  border-radius: 0.4rem;
  background-color: #f1f1f1;
  outline: 0.2rem auto Highlight;
  outline: 0.2rem auto -webkit-focus-ring-color;
}

.c23:focus-within .c8 {
  border: 1px solid #b03808;
}

.c23.focus-within {
  border-radius: 0.4rem;
  background-color: #f1f1f1;
}

.c23.focus-within .c8 {
  border: 1px solid #b03808;
}

.c16 {
  display: none;
}

.c18 {
  display: none;
  position: absolute;
  height: 2rem;
  width: 2rem;
  background-color: transparent;
  z-index: -1;
  left: 50%;
  top: 50%;
  -webkit-transform: translate(-50%,-50%);
  -ms-transform: translate(-50%,-50%);
  transform: translate(-50%,-50%);
  border-radius: 50%;
}

.c19 {
  height: 1.4000000000000001rem;
  width: 1.4000000000000001rem;
  background-color: transparent;
  position: absolute;
  left: 50%;
  top: 50%;
  -webkit-transform: translate(-50%,-50%);
  -ms-transform: translate(-50%,-50%);
  transform: translate(-50%,-50%);
  border-radius: 50%;
  border: 1px solid #fed200;
}

.c22 {
  height: 1.4000000000000001rem;
  width: 1.4000000000000001rem;
  background-color: transparent;
  position: absolute;
  left: 50%;
  top: 50%;
  -webkit-transform: translate(-50%,-50%);
  -ms-transform: translate(-50%,-50%);
  transform: translate(-50%,-50%);
  border-radius: 50%;
  border: 1px solid #92d101;
}

.c25 {
  height: 1.4000000000000001rem;
  width: 1.4000000000000001rem;
  background-color: transparent;
  position: absolute;
  left: 50%;
  top: 50%;
  -webkit-transform: translate(-50%,-50%);
  -ms-transform: translate(-50%,-50%);
  transform: translate(-50%,-50%);
  border-radius: 50%;
  border: 1px solid #00c3ed;
}

.c27 {
  height: 1.4000000000000001rem;
  width: 1.4000000000000001rem;
  background-color: transparent;
  position: absolute;
  left: 50%;
  top: 50%;
  -webkit-transform: translate(-50%,-50%);
  -ms-transform: translate(-50%,-50%);
  transform: translate(-50%,-50%);
  border-radius: 50%;
  border: 1px solid #545ec8;
}

.c29 {
  height: 1.4000000000000001rem;
  width: 1.4000000000000001rem;
  background-color: transparent;
  position: absolute;
  left: 50%;
  top: 50%;
  -webkit-transform: translate(-50%,-50%);
  -ms-transform: translate(-50%,-50%);
  transform: translate(-50%,-50%);
  border-radius: 50%;
  border: 1px solid #de017e;
}

.c14 {
  position: relative;
  background-color: #ffff8a;
  border: 1px solid #8f7700;
  height: 1.6rem;
  width: 1.6rem;
  display: -webkit-box;
  display: -webkit-flex;
  display: -ms-flexbox;
  display: flex;
  -webkit-box-pack: center;
  -webkit-justify-content: center;
  -ms-flex-pack: center;
  justify-content: center;
  -webkit-align-items: center;
  -webkit-box-align: center;
  -ms-flex-align: center;
  align-items: center;
  border-radius: 2rem;
  overflow: visible;
}

.c14 .c15 {
  height: 1rem;
  width: 1rem;
}

.c14 input:focus + .c17 {
  display: block;
  outline: 0.2rem auto Highlight;
  outline: 0.2rem auto -webkit-focus-ring-color;
  z-index: 1;
}

.c21 {
  position: relative;
  background-color: #def99f;
  border: 1px solid #4e6f01;
  height: 1.6rem;
  width: 1.6rem;
  display: -webkit-box;
  display: -webkit-flex;
  display: -ms-flexbox;
  display: flex;
  -webkit-box-pack: center;
  -webkit-justify-content: center;
  -ms-flex-pack: center;
  justify-content: center;
  -webkit-align-items: center;
  -webkit-box-align: center;
  -ms-flex-align: center;
  align-items: center;
  border-radius: 2rem;
  overflow: visible;
}

.c21 .c15 {
  height: 1rem;
  width: 1rem;
}

.c21 input:focus + .c17 {
  display: block;
  outline: 0.2rem auto Highlight;
  outline: 0.2rem auto -webkit-focus-ring-color;
  z-index: 1;
}

.c24 {
  position: relative;
  background-color: #c8f5ff;
  border: 1px solid #006880;
  height: 1.6rem;
  width: 1.6rem;
  display: -webkit-box;
  display: -webkit-flex;
  display: -ms-flexbox;
  display: flex;
  -webkit-box-pack: center;
  -webkit-justify-content: center;
  -ms-flex-pack: center;
  justify-content: center;
  -webkit-align-items: center;
  -webkit-box-align: center;
  -ms-flex-align: center;
  align-items: center;
  border-radius: 2rem;
  overflow: visible;
}

.c24 .c15 {
  height: 1rem;
  width: 1rem;
}

.c24 input:focus + .c17 {
  display: block;
  outline: 0.2rem auto Highlight;
  outline: 0.2rem auto -webkit-focus-ring-color;
  z-index: 1;
}

.c26 {
  position: relative;
  background-color: #cbcfff;
  border: 1px solid #141a3e;
  height: 1.6rem;
  width: 1.6rem;
  display: -webkit-box;
  display: -webkit-flex;
  display: -ms-flexbox;
  display: flex;
  -webkit-box-pack: center;
  -webkit-justify-content: center;
  -ms-flex-pack: center;
  justify-content: center;
  -webkit-align-items: center;
  -webkit-box-align: center;
  -ms-flex-align: center;
  align-items: center;
  border-radius: 2rem;
  overflow: visible;
}

.c26 .c15 {
  height: 1rem;
  width: 1rem;
}

.c26 input:focus + .c17 {
  display: block;
  outline: 0.2rem auto Highlight;
  outline: 0.2rem auto -webkit-focus-ring-color;
  z-index: 1;
}

.c28 {
  position: relative;
  background-color: #ffc5e1;
  border: 1px solid #560131;
  height: 1.6rem;
  width: 1.6rem;
  display: -webkit-box;
  display: -webkit-flex;
  display: -ms-flexbox;
  display: flex;
  -webkit-box-pack: center;
  -webkit-justify-content: center;
  -ms-flex-pack: center;
  justify-content: center;
  -webkit-align-items: center;
  -webkit-box-align: center;
  -ms-flex-align: center;
  align-items: center;
  border-radius: 2rem;
  overflow: visible;
}

.c28 .c15 {
  height: 1rem;
  width: 1rem;
}

.c28 input:focus + .c17 {
  display: block;
  outline: 0.2rem auto Highlight;
  outline: 0.2rem auto -webkit-focus-ring-color;
  z-index: 1;
}

.c20 {
  -webkit-flex: 1;
  -ms-flex: 1;
  flex: 1;
  overflow: hidden;
  text-overflow: ellipsis;
  white-space: nowrap;
}

.c5 {
  padding: 0;
  border: none;
  margin: 0;
}

.c5 legend {
  position: absolute;
  width: 1px;
  height: 1px;
  padding: 0;
  margin: -1px;
  overflow: hidden;
  -webkit-clip: rect(0,0,0,0);
  clip: rect(0,0,0,0);
  white-space: nowrap;
  border: 0;
}

.c0 {
  background: #fff;
  display: -webkit-box;
  display: -webkit-flex;
  display: -ms-flexbox;
  display: flex;
  -webkit-flex-direction: column;
  -ms-flex-direction: column;
  flex-direction: column;
  color: #424242;
  font-size: 1.4rem;
  padding: 0.8rem 1.6rem;
  outline: none;
  z-index: 1;
  overflow: auto;
}

.c0 .c1 {
  margin: 0.8rem 0 0.8rem 0.8rem;
}

.c0 .c6 {
  padding: 0.8rem;
  text-transform: capitalize;
}

.c0 .c13 {
  margin: 0 1.6rem 0 1.6rem;
}

@media screen and (max-width:30em) {
  .c0 {
    width: calc(100vw - 1.6rem);
  }
}

<div
  className="c0"
  id="color-filter"
  tabIndex={-1}
>
  <div
    className="c1 c2"
  >
    <button
      className="c3 c4"
      onClick={[Function]}
    >
      All
    </button>
    <span>
      |
    </span>
    <button
      className="c3 c4"
      onClick={[Function]}
    >
      None
    </button>
  </div>
  <fieldset
    className="c5"
  >
    <legend>
      Filter by colors
    </legend>
    <label
      className="c6 c7"
    >
      <input
        checked={true}
        disabled={false}
        onChange={[Function]}
        type="checkbox"
      />
      <span
        className="c8 c9"
      >
        <svg
          aria-hidden="true"
          className="c10 c11 c12"
          fill="currentColor"
          focusable="false"
          viewBox="0 0 512 512"
          xmlns="http://www.w3.org/2000/svg"
        >
          <path
            d="M173.898 439.404l-166.4-166.4c-9.997-9.997-9.997-26.206 0-36.204l36.203-36.204c9.997-9.998 26.207-9.998 36.204 0L192 312.69 432.095 72.596c9.997-9.997 26.207-9.997 36.204 0l36.203 36.204c9.997 9.997 9.997 26.206 0 36.204l-294.4 294.401c-9.998 9.997-26.207 9.997-36.204-.001z"
            fill="currentColor"
          />
        </svg>
      </span>
      <div
        className="c13 c14"
      >
        <svg
          aria-hidden="true"
          className="c10 c15 c16"
          fill="currentColor"
          focusable="false"
          viewBox="0 0 512 512"
          xmlns="http://www.w3.org/2000/svg"
        >
          <path
            d="M173.898 439.404l-166.4-166.4c-9.997-9.997-9.997-26.206 0-36.204l36.203-36.204c9.997-9.998 26.207-9.998 36.204 0L192 312.69 432.095 72.596c9.997-9.997 26.207-9.997 36.204 0l36.203 36.204c9.997 9.997 9.997 26.206 0 36.204l-294.4 294.401c-9.998 9.997-26.207 9.997-36.204-.001z"
            fill="currentColor"
          />
        </svg>
        <span
          className="c17 c18"
          size="small"
          style={
            Object {
              "focusBorder": "#8f7700",
              "focused": "#fed200",
              "label": "yellow",
              "passive": "#ffff8a",
            }
          }
        />
        <span
          className="c19"
          size="small"
          style={
            Object {
              "focusBorder": "#8f7700",
              "focused": "#fed200",
              "label": "yellow",
              "passive": "#ffff8a",
            }
          }
        />
      </div>
      <span
        className="c20"
      >
        yellow
      </span>
    </label>
    <label
      className="c6 c7"
    >
      <input
        checked={true}
        disabled={false}
        onChange={[Function]}
        type="checkbox"
      />
      <span
        className="c8 c9"
      >
        <svg
          aria-hidden="true"
          className="c10 c11 c12"
          fill="currentColor"
          focusable="false"
          viewBox="0 0 512 512"
          xmlns="http://www.w3.org/2000/svg"
        >
          <path
            d="M173.898 439.404l-166.4-166.4c-9.997-9.997-9.997-26.206 0-36.204l36.203-36.204c9.997-9.998 26.207-9.998 36.204 0L192 312.69 432.095 72.596c9.997-9.997 26.207-9.997 36.204 0l36.203 36.204c9.997 9.997 9.997 26.206 0 36.204l-294.4 294.401c-9.998 9.997-26.207 9.997-36.204-.001z"
            fill="currentColor"
          />
        </svg>
      </span>
      <div
        className="c13 c21"
      >
        <svg
          aria-hidden="true"
          className="c10 c15 c16"
          fill="currentColor"
          focusable="false"
          viewBox="0 0 512 512"
          xmlns="http://www.w3.org/2000/svg"
        >
          <path
            d="M173.898 439.404l-166.4-166.4c-9.997-9.997-9.997-26.206 0-36.204l36.203-36.204c9.997-9.998 26.207-9.998 36.204 0L192 312.69 432.095 72.596c9.997-9.997 26.207-9.997 36.204 0l36.203 36.204c9.997 9.997 9.997 26.206 0 36.204l-294.4 294.401c-9.998 9.997-26.207 9.997-36.204-.001z"
            fill="currentColor"
          />
        </svg>
        <span
          className="c17 c18"
          size="small"
          style={
            Object {
              "focusBorder": "#4e6f01",
              "focused": "#92d101",
              "label": "green",
              "passive": "#def99f",
            }
          }
        />
        <span
          className="c22"
          size="small"
          style={
            Object {
              "focusBorder": "#4e6f01",
              "focused": "#92d101",
              "label": "green",
              "passive": "#def99f",
            }
          }
        />
      </div>
      <span
        className="c20"
      >
        green
      </span>
    </label>
    <label
      className="c6 c23"
    >
      <input
        checked={false}
        disabled={true}
        onChange={[Function]}
        type="checkbox"
      />
      <span
        className="c8 c9"
      >
        <svg
          aria-hidden="true"
          className="c10 c11 c12"
          fill="currentColor"
          focusable="false"
          viewBox="0 0 512 512"
          xmlns="http://www.w3.org/2000/svg"
        >
          <path
            d="M173.898 439.404l-166.4-166.4c-9.997-9.997-9.997-26.206 0-36.204l36.203-36.204c9.997-9.998 26.207-9.998 36.204 0L192 312.69 432.095 72.596c9.997-9.997 26.207-9.997 36.204 0l36.203 36.204c9.997 9.997 9.997 26.206 0 36.204l-294.4 294.401c-9.998 9.997-26.207 9.997-36.204-.001z"
            fill="currentColor"
          />
        </svg>
      </span>
      <div
        className="c13 c24"
      >
        <svg
          aria-hidden="true"
          className="c10 c15 c16"
          fill="currentColor"
          focusable="false"
          viewBox="0 0 512 512"
          xmlns="http://www.w3.org/2000/svg"
        >
          <path
            d="M173.898 439.404l-166.4-166.4c-9.997-9.997-9.997-26.206 0-36.204l36.203-36.204c9.997-9.998 26.207-9.998 36.204 0L192 312.69 432.095 72.596c9.997-9.997 26.207-9.997 36.204 0l36.203 36.204c9.997 9.997 9.997 26.206 0 36.204l-294.4 294.401c-9.998 9.997-26.207 9.997-36.204-.001z"
            fill="currentColor"
          />
        </svg>
        <span
          className="c17 c18"
          size="small"
          style={
            Object {
              "focusBorder": "#006880",
              "focused": "#00c3ed",
              "label": "blue",
              "passive": "#c8f5ff",
            }
          }
        />
        <span
          className="c25"
          size="small"
          style={
            Object {
              "focusBorder": "#006880",
              "focused": "#00c3ed",
              "label": "blue",
              "passive": "#c8f5ff",
            }
          }
        />
      </div>
      <span
        className="c20"
      >
        blue
      </span>
    </label>
    <label
      className="c6 c23"
    >
      <input
        checked={false}
        disabled={true}
        onChange={[Function]}
        type="checkbox"
      />
      <span
        className="c8 c9"
      >
        <svg
          aria-hidden="true"
          className="c10 c11 c12"
          fill="currentColor"
          focusable="false"
          viewBox="0 0 512 512"
          xmlns="http://www.w3.org/2000/svg"
        >
          <path
            d="M173.898 439.404l-166.4-166.4c-9.997-9.997-9.997-26.206 0-36.204l36.203-36.204c9.997-9.998 26.207-9.998 36.204 0L192 312.69 432.095 72.596c9.997-9.997 26.207-9.997 36.204 0l36.203 36.204c9.997 9.997 9.997 26.206 0 36.204l-294.4 294.401c-9.998 9.997-26.207 9.997-36.204-.001z"
            fill="currentColor"
          />
        </svg>
      </span>
      <div
        className="c13 c26"
      >
        <svg
          aria-hidden="true"
          className="c10 c15 c16"
          fill="currentColor"
          focusable="false"
          viewBox="0 0 512 512"
          xmlns="http://www.w3.org/2000/svg"
        >
          <path
            d="M173.898 439.404l-166.4-166.4c-9.997-9.997-9.997-26.206 0-36.204l36.203-36.204c9.997-9.998 26.207-9.998 36.204 0L192 312.69 432.095 72.596c9.997-9.997 26.207-9.997 36.204 0l36.203 36.204c9.997 9.997 9.997 26.206 0 36.204l-294.4 294.401c-9.998 9.997-26.207 9.997-36.204-.001z"
            fill="currentColor"
          />
        </svg>
        <span
          className="c17 c18"
          size="small"
          style={
            Object {
              "focusBorder": "#141a3e",
              "focused": "#545ec8",
              "label": "purple",
              "passive": "#cbcfff",
            }
          }
        />
        <span
          className="c27"
          size="small"
          style={
            Object {
              "focusBorder": "#141a3e",
              "focused": "#545ec8",
              "label": "purple",
              "passive": "#cbcfff",
            }
          }
        />
      </div>
      <span
        className="c20"
      >
        purple
      </span>
    </label>
    <label
      className="c6 c7"
    >
      <input
        checked={true}
        disabled={false}
        onChange={[Function]}
        type="checkbox"
      />
      <span
        className="c8 c9"
      >
        <svg
          aria-hidden="true"
          className="c10 c11 c12"
          fill="currentColor"
          focusable="false"
          viewBox="0 0 512 512"
          xmlns="http://www.w3.org/2000/svg"
        >
          <path
            d="M173.898 439.404l-166.4-166.4c-9.997-9.997-9.997-26.206 0-36.204l36.203-36.204c9.997-9.998 26.207-9.998 36.204 0L192 312.69 432.095 72.596c9.997-9.997 26.207-9.997 36.204 0l36.203 36.204c9.997 9.997 9.997 26.206 0 36.204l-294.4 294.401c-9.998 9.997-26.207 9.997-36.204-.001z"
            fill="currentColor"
          />
        </svg>
      </span>
      <div
        className="c13 c28"
      >
        <svg
          aria-hidden="true"
          className="c10 c15 c16"
          fill="currentColor"
          focusable="false"
          viewBox="0 0 512 512"
          xmlns="http://www.w3.org/2000/svg"
        >
          <path
            d="M173.898 439.404l-166.4-166.4c-9.997-9.997-9.997-26.206 0-36.204l36.203-36.204c9.997-9.998 26.207-9.998 36.204 0L192 312.69 432.095 72.596c9.997-9.997 26.207-9.997 36.204 0l36.203 36.204c9.997 9.997 9.997 26.206 0 36.204l-294.4 294.401c-9.998 9.997-26.207 9.997-36.204-.001z"
            fill="currentColor"
          />
        </svg>
        <span
          className="c17 c18"
          size="small"
          style={
            Object {
              "focusBorder": "#560131",
              "focused": "#de017e",
              "label": "pink",
              "passive": "#ffc5e1",
            }
          }
        />
        <span
          className="c29"
          size="small"
          style={
            Object {
              "focusBorder": "#560131",
              "focused": "#de017e",
              "label": "pink",
              "passive": "#ffc5e1",
            }
          }
        />
      </div>
      <span
        className="c20"
      >
        pink
      </span>
    </label>
  </fieldset>
</div>
`;
